#
# There is insufficient memory for the Java Runtime Environment to continue.
# Native memory allocation (mmap) failed to map 65536 bytes. Error detail: Failed to commit metaspace.
# Possible reasons:
#   The system is out of physical RAM or swap space
#   This process is running with CompressedOops enabled, and the Java Heap may be blocking the growth of the native heap
# Possible solutions:
#   Reduce memory load on the system
#   Increase physical memory or swap space
#   Check if swap backing store is full
#   Decrease Java heap size (-Xmx/-Xms)
#   Decrease number of Java threads
#   Decrease Java thread stack sizes (-Xss)
#   Set larger code cache with -XX:ReservedCodeCacheSize=
#   JVM is running with Unscaled Compressed Oops mode in which the Java heap is
#     placed in the first 4GB address space. The Java Heap base address is the
#     maximum limit for the native heap growth. Please use -XX:HeapBaseMinAddress
#     to set the Java Heap base and to place the Java Heap above 4GB virtual address.
# This output file may be truncated or incomplete.
#
#  Out of Memory Error (virtualSpaceNode.cpp:113), pid=28312, tid=36700
#
# JRE version: Java(TM) SE Runtime Environment (26.0.2+10) (build 26.0.2+10-55)
# Java VM: Java HotSpot(TM) 64-Bit Server VM (26.0.2+10-55, mixed mode, sharing, tiered, compressed oops, compressed class ptrs, g1 gc, windows-amd64)
# No core dump will be written. Minidumps are not enabled by default on client versions of Windows
#

---------------  S U M M A R Y ------------

Command Line: io.qameta.allure.CommandLine open allure-report

Host: 11th Gen Intel(R) Core(TM) i5-1155G7 @ 2.50GHz, 8 cores, 7G,  Windows 11 , 64 bit Build 26100 (10.0.26100.9168)
Time: Tue Sep  8 23:42:48 2026 India Standard Time elapsed time: 3870.197106 seconds (0d 1h 4m 30s)

---------------  T H R E A D  ---------------

Current thread (0x000001fc7f0969d0):  JavaThread "AWT-EventQueue-0"        [_thread_in_vm, id=36700, stack(0x000000013d200000,0x000000013d300000) (1024K)]

Stack: [0x000000013d200000,0x000000013d300000]
Native frames: (J=compiled Java code, j=interpreted, Vv=VM code, C=native code)
V  [jvm.dll+0x7d6ea9]  (no source info available)
V  [jvm.dll+0x7a4dcd]  (no source info available)
V  [jvm.dll+0x9b2390]  (no source info available)
V  [jvm.dll+0x9b47e1]  (no source info available)
V  [jvm.dll+0x9b4ef3]  (no source info available)
V  [jvm.dll+0x30f4d6]  (no source info available)
V  [jvm.dll+0x9af14e]  (no source info available)
V  [jvm.dll+0x7752c4]  (no source info available)
V  [jvm.dll+0x77532a]  (no source info available)
V  [jvm.dll+0x777c16]  (no source info available)
V  [jvm.dll+0x7779a5]  (no source info available)
V  [jvm.dll+0x2accd2]  (no source info available)
V  [jvm.dll+0x775cee]  (no source info available)
V  [jvm.dll+0x77ce1c]  (no source info available)
V  [jvm.dll+0x29b6b2]  (no source info available)
V  [jvm.dll+0x29bbd5]  (no source info available)
V  [jvm.dll+0x29c5fd]  (no source info available)
V  [jvm.dll+0x291f20]  (no source info available)
V  [jvm.dll+0x6a09f4]  (no source info available)
V  [jvm.dll+0x2a4a81]  (no source info available)
V  [jvm.dll+0x91ed4f]  (no source info available)
V  [jvm.dll+0x91ff5a]  (no source info available)
V  [jvm.dll+0x92065c]  (no source info available)
V  [jvm.dll+0x29c851]  (no source info available)
V  [jvm.dll+0x291f39]  (no source info available)
V  [jvm.dll+0x6a09f4]  (no source info available)
V  [jvm.dll+0x2a4a81]  (no source info available)
V  [jvm.dll+0x91ed4f]  (no source info available)
V  [jvm.dll+0x91ff5a]  (no source info available)
V  [jvm.dll+0x920492]  (no source info available)
V  [jvm.dll+0x9201e6]  (no source info available)
V  [jvm.dll+0x2f71f1]  (no source info available)
V  [jvm.dll+0x4883ae]  (no source info available)
C  0x000001fc6db3b6c7  (no source info available)

The last pc belongs to new (printed below).
Java frames: (J=compiled Java code, j=interpreted, Vv=VM code)
j  jdk.internal.foreign.SegmentFactories.makeNativeSegmentUnchecked(JJ)Ljdk/internal/foreign/NativeMemorySegmentImpl;+3 java.base@26.0.2
j  java.lang.foreign.MemorySegment.ofAddress(J)Ljava/lang/foreign/MemorySegment;+2 java.base@26.0.2
j  java.lang.foreign.MemorySegment.<clinit>()V+1 java.base@26.0.2
v  ~StubRoutines::Stub Generator call_stub_stub 0x000001fc6db218e2
j  jdk.internal.foreign.SegmentFactories.ensureInitialized()V+0 java.base@26.0.2
j  jdk.internal.foreign.SegmentFactories.allocateNativeInternal(JJLjdk/internal/foreign/MemorySessionImpl;ZZ)J+0 java.base@26.0.2
j  jdk.internal.foreign.SegmentFactories.allocateNativeSegment(JJLjdk/internal/foreign/MemorySessionImpl;ZZ)Ljdk/internal/foreign/NativeMemorySegmentImpl;+8 java.base@26.0.2
j  jdk.internal.foreign.ArenaImpl.allocate(JJ)Ljdk/internal/foreign/NativeMemorySegmentImpl;+11 java.base@26.0.2
j  jdk.internal.foreign.ArenaImpl.allocate(JJ)Ljava/lang/foreign/MemorySegment;+3 java.base@26.0.2
j  sun.java2d.pipe.RenderBuffer.<init>(I)V+13 java.desktop@26.0.2
j  sun.java2d.pipe.RenderBuffer.allocate(I)Lsun/java2d/pipe/RenderBuffer;+5 java.desktop@26.0.2
j  sun.java2d.pipe.RenderQueue.<init>()V+19 java.desktop@26.0.2
j  sun.java2d.d3d.D3DRenderQueue.<init>()V+1 java.desktop@26.0.2
j  sun.java2d.d3d.D3DRenderQueue.getInstance()Lsun/java2d/d3d/D3DRenderQueue;+10 java.desktop@26.0.2
j  sun.java2d.d3d.D3DGraphicsDevice.getDeviceCaps(I)Lsun/java2d/pipe/hw/ContextCapabilities;+2 java.desktop@26.0.2
j  sun.java2d.d3d.D3DGraphicsDevice.createDevice(I)Lsun/java2d/d3d/D3DGraphicsDevice;+9 java.desktop@26.0.2
j  sun.awt.Win32GraphicsEnvironment.makeScreenDevice(I)Ljava/awt/GraphicsDevice;+9 java.desktop@26.0.2
j  sun.awt.Win32GraphicsEnvironment.displayChanged()V+145 java.desktop@26.0.2
j  sun.awt.windows.WToolkit.lambda$displayChanged$0()V+15 java.desktop@26.0.2
j  sun.awt.windows.WToolkit$$Lambda+0x000000001f0dbc20.run()V+0 java.desktop@26.0.2
j  java.awt.event.InvocationEvent.dispatch()V+47 java.desktop@26.0.2
j  java.awt.EventQueue.dispatchEventImpl(Ljava/awt/AWTEvent;Ljava/lang/Object;)V+21 java.desktop@26.0.2
j  java.awt.EventQueue.dispatchEvent(Ljava/awt/AWTEvent;)V+22 java.desktop@26.0.2
j  java.awt.EventDispatchThread.pumpOneEventForFilters(I)V+81 java.desktop@26.0.2
j  java.awt.EventDispatchThread.pumpEventsForFilter(ILjava/awt/Conditional;Ljava/awt/EventFilter;)V+35 java.desktop@26.0.2
j  java.awt.EventDispatchThread.pumpEventsForHierarchy(ILjava/awt/Conditional;Ljava/awt/Component;)V+11 java.desktop@26.0.2
j  java.awt.EventDispatchThread.pumpEvents(ILjava/awt/Conditional;)V+4 java.desktop@26.0.2
j  java.awt.EventDispatchThread.pumpEvents(Ljava/awt/Conditional;)V+3 java.desktop@26.0.2
j  java.awt.EventDispatchThread.run()V+9 java.desktop@26.0.2
v  ~StubRoutines::Stub Generator call_stub_stub 0x000001fc6db218e2
Lock stack of current Java thread (top to bottom):
LockStack[0]: java.lang.Class 
{0x000000008478d2f0} - klass: 'java/lang/Class' - flags: 

 - ---- fields (total size 16 words):
 - private volatile transient 'classRedefinedCount' 'I' @12  0 (0x00000000)
 - injected 'klass' 'J' @16  521009904 (0x000000001f0dfaf0)
 - injected 'array_klass' 'J' @24  0 (0x0000000000000000)
 - injected 'oop_size' 'I' @32  16 (0x00000010)
 - injected 'static_oop_field_count' 'I' @36  2 (0x00000002)
 - private final transient 'modifiers' 'C' @40    17 (0x0011)
 - private final transient 'classFileAccessFlags' 'C' @42  1 49 (0x0031)
 - private final transient 'primitive' 'Z' @44  false (0x00)
 - private volatile transient 'cachedConstructor' 'Ljava/lang/reflect/Constructor;' @48  null (0x00000000)
 - private transient 'name' 'Ljava/lang/String;' @52  null (0x00000000)
 - private transient 'module' 'Ljava/lang/Module;' @56  a 'java/lang/Module'{0x00000000ffe27520} (0xffe27520)
 - private final 'classLoader' 'Ljava/lang/ClassLoader;' @60  null (0x00000000)
 - private transient 'classData' 'Ljava/lang/Object;' @64  null (0x00000000)
 - private transient 'signers' '[Ljava/lang/Object;' @68  null (0x00000000)
 - private transient 'packageName' 'Ljava/lang/String;' @72  null (0x00000000)
 - private final transient 'componentType' 'Ljava/lang/Class;' @76  null (0x00000000)
 - private final transient 'protectionDomain' 'Ljava/security/ProtectionDomain;' @80  null (0x00000000)
 - private volatile transient 'reflectionData' 'Ljava/lang/ref/SoftReference;' @84  null (0x00000000)
 - private volatile transient 'genericInfo' 'Lsun/reflect/generics/repository/ClassRepository;' @88  null (0x00000000)
 - private volatile transient 'enumConstants' '[Ljava/lang/Object;' @92  null (0x00000000)
 - private volatile transient 'enumConstantDirectory' 'Ljava/util/Map;' @96  null (0x00000000)
 - private volatile transient 'annotationData' 'Ljava/lang/Class$AnnotationData;' @100  null (0x00000000)
 - private volatile transient 'annotationType' 'Lsun/reflect/annotation/AnnotationType;' @104  null (0x00000000)
 - transient 'classValueMap' 'Ljava/lang/ClassValue$ClassValueMap;' @108  null (0x00000000)
 - injected 'source_file' 'Ljava/lang/Object;' @112  null (0x00000000)
 - injected '<init_lock>' 'Ljava/lang/Object;' @116  null (0x00000000)
 - signature: Lsun/java2d/d3d/D3DRenderQueue;
 - ---- static fields (2):
 - private static 'theInstance' 'Lsun/java2d/d3d/D3DRenderQueue;' @120  null (0x00000000)
 - private static 'rqThread' 'Ljava/lang/Thread;' @124  null (0x00000000)

new  187 new  [0x000001fc6db3b580, 0x000001fc6db3b798]  536 bytes

Loading hsdis library failed, undisassembled code is shown in MachCode section
[MachCode]
  0x000001fc6db3b580: 4883 ec08 | c5fa 1104 | 24eb 1f48 | 83ec 10c5 | fb11 0424 | eb14 4883 | ec10 4889 | 0424 48c7 
  0x000001fc6db3b5a0: 4424 0800 | 0000 00eb | 0150 410f | b755 010f | cac1 ea10 | 488b 4de8 | 488b 4908 | 488b 4908 
  0x000001fc6db3b5c0: 488b 4108 | 807c 1004 | 070f 858c | 0000 0066 | 8b54 d150 | 488b 4930 | 488b 4cd1 | 0851 80b9 
  0x000001fc6db3b5e0: 3001 0000 | 040f 840d | 0000 004c | 3bb9 3801 | 0000 0f85 | 6200 0000 | 8b51 08f6 | c201 0f85 
  0x000001fc6db3b600: 5600 0000 | 498b 87b0 | 0100 0048 | 8d1c 1049 | 3b9f c001 | 0000 0f87 | 3e00 0000 | 4989 9fb0 
  0x000001fc6db3b620: 0100 0048 | 83ea 100f | 840f 0000 | 0033 c9c1 | ea03 4889 | 4cd0 0848 | ffca 75f6 | 48c7 0001 
  0x000001fc6db3b640: 0000 0059 | 33f6 8970 | 0c41 ba00 | 0000 1e49 | 2bca 8948 | 08e9 2001 | 0000 5948 | 8b55 e848 
  0x000001fc6db3b660: 8b52 0848 | 8b52 0845 | 0fb7 4501 | 410f c841 | c1e8 1049 | 3ba7 a805 | 0000 7607 | 4989 a7a8 
  0x000001fc6db3b680: 0500 004c | 8d15 b800 | 0000 4152 | 488d 4424 | 084c 896d | c049 8bcf | c5f8 7749 | 89af 2004 
  0x000001fc6db3b6a0: 0000 4989 | 8710 0400 | 0048 83ec | 2040 f6c4 | 0f0f 8419 | 0000 0048 | 83ec 0848 | b860 83db 
  0x000001fc6db3b6c0: bcff 7f00 | 00ff d048 | 83c4 08e9 | 0c00 0000 | 48b8 6083 | dbbc ff7f | 0000 ffd0 | 4883 c420 
  0x000001fc6db3b6e0: 49c7 8710 | 0400 0000 | 0000 0049 | c787 2004 | 0000 0000 | 0000 49c7 | 8718 0400 | 0000 0000 
  0x000001fc6db3b700: 00c5 f877 | 4c8b 6dc0 | 4c8b 75c8 | 4e8d 74f5 | 0041 5a49 | 3ba7 a805 | 0000 720b | 49c7 87a8 
  0x000001fc6db3b720: 0500 0000 | 0000 004d | 8b97 c005 | 0000 4983 | fa00 741b | 49c7 87c0 | 0500 0000 | 0000 0041 
  0x000001fc6db3b740: ffe2 49ba | 60c1 b26d | fc01 0000 | 41ff d249 | 837f 0800 | 0f84 0e00 | 0000 4c8d | 15e1 ffff 
  0x000001fc6db3b760: ff41 52e9 | 7860 feff | 498b 8768 | 0400 0049 | c787 6804 | 0000 0000 | 0000 410f | b65d 0349 
  0x000001fc6db3b780: 83c5 0349 | ba40 9b72 | bdff 7f00 | 0041 ff24 | da0f 1f80 | 0000 0000 
[/MachCode]

---------------  P R O C E S S  ---------------

Threads class SMR info:
_java_thread_list=0x000001fc7fbd5730, length=17, elements={
0x000001fc5b5efea0, 0x000001fc7adfbe10, 0x000001fc7adfc860, 0x000001fc7adfd6b0,
0x000001fc7adff270, 0x000001fc7adffe20, 0x000001fc7ae009d0, 0x000001fc7ae02cd0,
0x000001fc7ae17f30, 0x000001fc7f03fd10, 0x000001fc7f043540, 0x000001fc7fb64e30,
0x000001fc7fb68a00, 0x000001fc7fbc1b50, 0x000001fc7fbc4e60, 0x000001fc7fa8adc0,
0x000001fc7f0969d0
}

Java Threads: ( => current thread )
  0x000001fc5b5efea0 JavaThread "main"                              [_thread_blocked, id=1668, stack(0x000000013d300000,0x000000013d400000) (1024K)]
  0x000001fc7adfbe10 JavaThread "Reference Handler"          daemon [_thread_blocked, id=13136, stack(0x000000013dc00000,0x000000013dd00000) (1024K)]
  0x000001fc7adfc860 JavaThread "Finalizer"                  daemon [_thread_blocked, id=7252, stack(0x000000013dd00000,0x000000013de00000) (1024K)]
  0x000001fc7adfd6b0 JavaThread "Signal Dispatcher"          daemon [_thread_blocked, id=21064, stack(0x000000013de00000,0x000000013df00000) (1024K)]
  0x000001fc7adff270 JavaThread "Attach Listener"            daemon [_thread_blocked, id=900, stack(0x000000013df00000,0x000000013e000000) (1024K)]
  0x000001fc7adffe20 JavaThread "Service Thread"             daemon [_thread_blocked, id=24840, stack(0x000000013e000000,0x000000013e100000) (1024K)]
  0x000001fc7ae009d0 JavaThread "Monitor Deflation Thread"   daemon [_thread_blocked, id=3952, stack(0x000000013e100000,0x000000013e200000) (1024K)]
  0x000001fc7ae02cd0 JavaThread "C2 CompilerThread0"         daemon [_thread_blocked, id=22584, stack(0x000000013e200000,0x000000013e300000) (1024K)]
  0x000001fc7ae17f30 JavaThread "C1 CompilerThread0"         daemon [_thread_blocked, id=17248, stack(0x000000013e300000,0x000000013e400000) (1024K)]
  0x000001fc7f03fd10 JavaThread "Notification Thread"        daemon [_thread_blocked, id=20164, stack(0x000000013e400000,0x000000013e500000) (1024K)]
  0x000001fc7f043540 JavaThread "Common-Cleaner"             daemon [_thread_blocked, id=23284, stack(0x000000013e500000,0x000000013e600000) (1024K)]
  0x000001fc7fb64e30 JavaThread "idle-timeout-task"          daemon [_thread_blocked, id=19064, stack(0x000000013e800000,0x000000013e900000) (1024K)]
  0x000001fc7fb68a00 JavaThread "HTTP-Dispatcher"                   [_thread_in_native, id=17372, stack(0x000000013e900000,0x000000013ea00000) (1024K)]
  0x000001fc7fbc1b50 JavaThread "Java2D Disposer"            daemon [_thread_blocked, id=25528, stack(0x000000013ea00000,0x000000013eb00000) (1024K)]
  0x000001fc7fbc4e60 JavaThread "AWT-Windows"                daemon [_thread_in_native, id=1376, stack(0x000000013ec00000,0x000000013ed00000) (1024K)]
  0x000001fc7fa8adc0 JavaThread "AWT-Shutdown"                      [_thread_blocked, id=35712, stack(0x000000013d000000,0x000000013d100000) (1024K)]
=>0x000001fc7f0969d0 JavaThread "AWT-EventQueue-0"                  [_thread_in_vm, id=36700, stack(0x000000013d200000,0x000000013d300000) (1024K)]
Total: 17

Other Threads:
  0x000001fc7adebb60 VMThread "VM Thread"                           [id=29476, stack(0x000000013db00000,0x000000013dc00000) (1024K)]
  0x000001fc5d9eb900 WatcherThread "VM Periodic Task Thread"        [id=14868, stack(0x000000013da00000,0x000000013db00000) (1024K)]
  0x000001fc5d96c370 WorkerThread "GC Thread#0"                     [id=17132, stack(0x000000013d400000,0x000000013d500000) (1024K)]
  0x000001fc7f5a6840 WorkerThread "GC Thread#1"                     [id=11836, stack(0x000000013e700000,0x000000013e800000) (1024K)]
  0x000001fc7fbbb240 WorkerThread "GC Thread#2"                     [id=21152, stack(0x000000013ed00000,0x000000013ee00000) (1024K)]
  0x000001fc7fbbb660 WorkerThread "GC Thread#3"                     [id=12052, stack(0x000000013ee00000,0x000000013ef00000) (1024K)]
  0x000001fc7fbbba80 WorkerThread "GC Thread#4"                     [id=5660, stack(0x000000013ef00000,0x000000013f000000) (1024K)]
  0x000001fc7fbbc2b0 WorkerThread "GC Thread#5"                     [id=7880, stack(0x000000013f000000,0x000000013f100000) (1024K)]
  0x000001fc7fbea420 WorkerThread "GC Thread#6"                     [id=16276, stack(0x000000013eb00000,0x000000013ec00000) (1024K)]
  0x000001fc7fbe9730 WorkerThread "GC Thread#7"                     [id=24592, stack(0x000000013f200000,0x000000013f300000) (1024K)]
  0x000001fc5d984890 ConcurrentGCThread "G1 Main Marker"            [id=16552, stack(0x000000013d500000,0x000000013d600000) (1024K)]
  0x000001fc5d985410 WorkerThread "G1 Conc#0"                       [id=24812, stack(0x000000013d600000,0x000000013d700000) (1024K)]
  0x000001fc7fbeacc0 WorkerThread "G1 Conc#1"                       [id=24760, stack(0x000000013f100000,0x000000013f200000) (1024K)]
  0x000001fc5d9d3c50 WorkerThread "G1 Refinement Workers#0"         [id=18556, stack(0x000000013d800000,0x000000013d900000) (1024K)]
  0x000001fc5d9d0270 ConcurrentGCThread "G1 Refine Control"         [id=19884, stack(0x000000013d700000,0x000000013d800000) (1024K)]
  0x000001fc5d9d45c0 ConcurrentGCThread "G1 Service"                [id=8960, stack(0x000000013d900000,0x000000013da00000) (1024K)]
Total: 16

Threads with active compile tasks:
Total: 0

VM state: not at safepoint (normal execution)

VM Mutex/Monitor currently owned by a thread:  ([mutex/lock_event])
[0x00007fffbd70fc08] Metaspace_lock - owner thread: 0x000001fc7f0969d0

Heap address: 0x0000000083e00000, size: 1986 MB, Compressed Oops mode: 32-bit

CDS archive(s) mapped at: [0x000000001e000000-0x000000001ede0000-0x000000001ede0000), size 14548992, SharedBaseAddress: 0x000000001e000000, ArchiveRelocationMode: 1.
Compressed class space mapped at: 0x000000001f000000-0x000000005f000000, reserved size: 1073741824
UseCompressedClassPointers 1, UseCompactObjectHeaders 0
Narrow klass pointer bits 32, Max shift 3
Narrow klass base: 0x000000001e000000, Narrow klass shift: 0
Encoding Range: [0x000000001e000000 - 0x000000011e000000), (4294967296 bytes)
Klass Range:    [0x000000001e000000 - 0x000000005f000000), (1090519040 bytes)
Klass ID Range:  [8 - 1090519033) (1090519025)
Protection zone: [0x000000001e000000 - 0x000000001e010000), (65536 bytes)

GC Precious Log:
 CardTable entry size: 512
 Card Set container configuration: InlinePtr #cards 5 size 8 Array Of Cards #cards 10 size 36 Howl #buckets 4 coarsen threshold 1843 Howl Bitmap #cards 512 size 80 coarsen threshold 460 Card regions per heap region 1 cards per card region 2048
 CPUs: 8 total, 8 available
 Memory: 7941M
 Large Page Support: Disabled
 NUMA Support: Disabled
 Compressed Oops: Enabled (32-bit)
 Heap Region Size: 1M
 Heap Min Capacity: 8M
 Heap Initial Capacity: 8M
 Heap Max Capacity: 1986M
 Pre-touch: Disabled
 Parallel Workers: 8
 Concurrent Workers: 2
 Concurrent Refinement Workers: 8
 Periodic GC: Disabled

Heap:
 garbage-first heap   total reserved 2033664K, committed 13312K, used 6390K [0x0000000083e00000, 0x0000000100000000)
  region size 1M, 2 eden (2M), 1 survivor (1M), 6 old (6M), 0 humongous (0M), 4 free (4M)

Heap Regions: E=young(eden), S=young(survivor), O=old, HS=humongous(starts), HC=humongous(continues), CS=collection set, F=free, TAMS=top-at-mark-start, PB=parsable bottom
|    0|0x0000000083e00000, 0x0000000083f00000, 0x0000000083f00000|100%| O|  |TAMS 0x0000000083e00000| PB 0x0000000083e00000| Untracked |  0
|    1|0x0000000083f00000, 0x0000000084000000, 0x0000000084000000|100%| O|  |TAMS 0x0000000083f00000| PB 0x0000000083f00000| Untracked |  0
|    2|0x0000000084000000, 0x0000000084100000, 0x0000000084100000|100%| O|  |TAMS 0x0000000084000000| PB 0x0000000084000000| Untracked |  0
|    3|0x0000000084100000, 0x0000000084114c00, 0x0000000084200000|  8%| O|  |TAMS 0x0000000084100000| PB 0x0000000084100000| Untracked |  0
|    4|0x0000000084200000, 0x0000000084200000, 0x0000000084300000|  0%| F|  |TAMS 0x0000000084200000| PB 0x0000000084200000| Untracked |  0
|    5|0x0000000084300000, 0x0000000084300000, 0x0000000084400000|  0%| F|  |TAMS 0x0000000084300000| PB 0x0000000084300000| Untracked |  0
|    6|0x0000000084400000, 0x0000000084500000, 0x0000000084500000|100%| S|CS|TAMS 0x0000000084400000| PB 0x0000000084400000| Complete  |  0
|    7|0x0000000084500000, 0x0000000084500000, 0x0000000084600000|  0%| F|  |TAMS 0x0000000084500000| PB 0x0000000084500000| Untracked |  0
|    8|0x0000000084600000, 0x0000000084600000, 0x0000000084700000|  0%| F|  |TAMS 0x0000000084600000| PB 0x0000000084600000| Untracked |  0
|    9|0x0000000084700000, 0x000000008479e990, 0x0000000084800000| 61%| E|CS|TAMS 0x0000000084700000| PB 0x0000000084700000| Complete  |  0
|   10|0x0000000084800000, 0x0000000084900000, 0x0000000084900000|100%| E|CS|TAMS 0x0000000084800000| PB 0x0000000084800000| Complete  |  0
| 1984|0x00000000ffe00000, 0x00000000fff00000, 0x00000000fff00000|100%| O|  |TAMS 0x00000000ffe00000| PB 0x00000000ffe00000| Untracked |  0
| 1985|0x00000000fff00000, 0x00000000fff28eb0, 0x0000000100000000| 15%| O|Cm|TAMS 0x00000000fff00000| PB 0x00000000fff00000| Complete  |  0

Card table byte_map: [0x000001fc75d30000,0x000001fc76120000] _byte_map_base: 0x000001fc75911000
Refinement table byte_map: [0x000001fc76120000,0x000001fc76510000] _byte_map_base: 0x000001fc75d01000

Marking Bits: (CMBitMap*) 0x000001fc5d96caf0
 Bits: [0x000001fc76510000, 0x000001fc78418000)

Polling page: 0x000001fc5b800000

Metaspace:
Metaspace        used 6537K, committed 6720K, reserved 1114112K
 class space     used 662K, committed 768K, reserved 1048576K

Usage:
  Non-class:      5.74 MB used.
      Class:    662.43 KB used.
       Both:      6.38 MB used.

Virtual space:
  Non-class space:       64.00 MB reserved,       5.81 MB (  9%) committed,  1 nodes.
      Class space:        1.00 GB reserved,     768.00 KB ( <1%) committed,  1 nodes.
             Both:        1.06 GB reserved,       6.56 MB ( <1%) committed. 

Chunk freelists:
   Non-Class:  9.90 MB
       Class:  15.20 MB
        Both:  25.10 MB

MaxMetaspaceSize: unlimited
CompressedClassSpaceSize: 1.00 GB
Initial GC threshold: 21.00 MB
Current GC threshold: 21.00 MB
CDS: on
 - commit_granule_bytes: 65536.
 - commit_granule_words: 8192.
 - virtual_space_node_default_size: 8388608.
 - enlarge_chunks_in_place: 1.
UseCompressedClassPointers 1, UseCompactObjectHeaders 0
Narrow klass pointer bits 32, Max shift 3
Narrow klass base: 0x000000001e000000, Narrow klass shift: 0
Encoding Range: [0x000000001e000000 - 0x000000011e000000), (4294967296 bytes)
Klass Range:    [0x000000001e000000 - 0x000000005f000000), (1090519040 bytes)
Klass ID Range:  [8 - 1090519033) (1090519025)
Protection zone: [0x000000001e000000 - 0x000000001e010000), (65536 bytes)


Internal statistics:

num_allocs_failed_limit: 0.
num_arena_births: 94.
num_arena_deaths: 0.
num_vsnodes_births: 2.
num_vsnodes_deaths: 0.
num_space_committed: 105.
num_space_uncommitted: 0.
num_chunks_returned_to_freelist: 0.
num_chunks_taken_from_freelist: 181.
num_chunk_merges: 0.
num_chunk_splits: 113.
num_chunks_enlarged: 69.
num_inconsistent_stats: 0.

CodeHeap 'non-profiled nmethods': size=120064Kb used=366Kb max_used=366Kb free=119697Kb
 bounds [0x000001fc6e0c0000, 0x000001fc6e330000, 0x000001fc75600000]
CodeHeap 'profiled nmethods': size=120064Kb used=1598Kb max_used=1598Kb free=118465Kb
 bounds [0x000001fc665e0000, 0x000001fc66850000, 0x000001fc6db20000]
CodeHeap 'non-nmethods': size=5760Kb used=1556Kb max_used=1578Kb free=4203Kb
 bounds [0x000001fc6db20000, 0x000001fc6dd90000, 0x000001fc6e0c0000]
CodeCache: size=245888Kb, used=3520Kb, max_used=3542Kb, free=242365Kb
 total_blobs=1840, nmethods=1290, adapters=455, full_count=0
Compilation: enabled, stopped_count=0, restarted_count=0

Compilation events (20 events):
Event: 2560.644 Thread 0x000001fc7ae17f30 1280       3       java.util.TaskQueue::fixDown (108 bytes)
Event: 2560.645 Thread 0x000001fc7ae17f30 nmethod 1280 0x000001fc6676c188 code [0x000001fc6676c280, 0x000001fc6676c860]
Event: 2560.645 Thread 0x000001fc7ae17f30 1281       3       sun.net.httpserver.ServerImpl$IdleTimeoutTask::run (29 bytes)
Event: 2560.648 Thread 0x000001fc7ae17f30 nmethod 1281 0x000001fc6676c888 code [0x000001fc6676c980, 0x000001fc6676cb18]
Event: 2669.492 Thread 0x000001fc7ae02cd0 1282       4       sun.nio.ch.WEPollSelectorImpl::processEvents (152 bytes)
Event: 2669.502 Thread 0x000001fc7ae02cd0 nmethod 1282 0x000001fc6e119588 code [0x000001fc6e119680, 0x000001fc6e119708]
Event: 2669.502 Thread 0x000001fc7ae02cd0 1283   !   4       sun.nio.ch.SelectorImpl::lockAndDoSelect (87 bytes)
Event: 2669.534 Thread 0x000001fc7ae02cd0 nmethod 1283 0x000001fc6e119888 code [0x000001fc6e119980, 0x000001fc6e11b038]
Event: 2882.450 Thread 0x000001fc7ae17f30 1284       3       java.lang.ref.ReferenceQueue::poll0 (65 bytes)
Event: 2882.454 Thread 0x000001fc7ae17f30 nmethod 1284 0x000001fc6676cb88 code [0x000001fc6676cc80, 0x000001fc6676d0e8]
Event: 3520.379 Thread 0x000001fc7ae02cd0 1286       4       java.util.ArrayList::iterator (9 bytes)
Event: 3520.389 Thread 0x000001fc7ae02cd0 nmethod 1286 0x000001fc6e11b388 code [0x000001fc6e11b480, 0x000001fc6e11b560]
Event: 3859.324 Thread 0x000001fc7ae17f30 1287       3       java.lang.invoke.MethodHandles$Lookup::isArrayClone (50 bytes)
Event: 3859.425 Thread 0x000001fc7ae17f30 nmethod 1287 0x000001fc6676d108 code [0x000001fc6676d200, 0x000001fc6676db98]
Event: 3862.413 Thread 0x000001fc7ae17f30 1289       3       java.lang.invoke.LambdaForm$MH/0x000000001f044800::invoke (25 bytes)
Event: 3862.433 Thread 0x000001fc7ae17f30 nmethod 1289 0x000001fc6676dc08 code [0x000001fc6676dd00, 0x000001fc6676e238]
Event: 3865.052 Thread 0x000001fc7ae17f30 1290       1       java.lang.invoke.InfoFromMemberName::getReferenceKind (5 bytes)
Event: 3865.056 Thread 0x000001fc7ae17f30 nmethod 1290 0x000001fc6e11b688 code [0x000001fc6e11b780, 0x000001fc6e11b838]
Event: 3865.057 Thread 0x000001fc7ae17f30 1291       3       jdk.internal.classfile.impl.SplitConstantPool::methodRefEntry (72 bytes)
Event: 3865.171 Thread 0x000001fc7ae17f30 nmethod 1291 0x000001fc6676e288 code [0x000001fc6676e380, 0x000001fc6676f970]

GC Heap Usage History (8 events):
Event: 0.186 {heap Before GC invocations=0 (full 0):
 garbage-first heap   total reserved 2033664K, committed 10240K, used 4259K [0x0000000083e00000, 0x0000000100000000)
  region size 1M, 4 eden (4M), 0 survivor (0M), 2 old (2M), 0 humongous (0M), 4 free (4M)
}
Event: 0.189 {heap After GC invocations=1 (full 0):
 garbage-first heap   total reserved 2033664K, committed 10240K, used 2862K [0x0000000083e00000, 0x0000000100000000)
  region size 1M, 0 eden (0M), 1 survivor (1M), 3 old (3M), 0 humongous (0M), 6 free (6M)
}
Event: 0.301 {heap Before GC invocations=1 (full 0):
 garbage-first heap   total reserved 2033664K, committed 10240K, used 4910K [0x0000000083e00000, 0x0000000100000000)
  region size 1M, 2 eden (2M), 1 survivor (1M), 3 old (3M), 0 humongous (0M), 4 free (4M)
}
Event: 0.303 {heap After GC invocations=2 (full 0):
 garbage-first heap   total reserved 2033664K, committed 10240K, used 3544K [0x0000000083e00000, 0x0000000100000000)
  region size 1M, 0 eden (0M), 1 survivor (1M), 4 old (4M), 0 humongous (0M), 5 free (5M)
}
Event: 0.412 {heap Before GC invocations=2 (full 0):
 garbage-first heap   total reserved 2033664K, committed 10240K, used 5592K [0x0000000083e00000, 0x0000000100000000)
  region size 1M, 2 eden (2M), 1 survivor (1M), 4 old (4M), 0 humongous (0M), 3 free (3M)
}
Event: 0.414 {heap After GC invocations=3 (full 0):
 garbage-first heap   total reserved 2033664K, committed 13312K, used 4070K [0x0000000083e00000, 0x0000000100000000)
  region size 1M, 0 eden (0M), 1 survivor (1M), 4 old (4M), 0 humongous (0M), 8 free (8M)
}
Event: 2.384 {heap Before GC invocations=4 (full 0):
 garbage-first heap   total reserved 2033664K, committed 13312K, used 7142K [0x0000000083e00000, 0x0000000100000000)
  region size 1M, 4 eden (4M), 1 survivor (1M), 4 old (4M), 0 humongous (0M), 4 free (4M)
}
Event: 2.387 {heap After GC invocations=5 (full 0):
 garbage-first heap   total reserved 2033664K, committed 13312K, used 5366K [0x0000000083e00000, 0x0000000100000000)
  region size 1M, 0 eden (0M), 1 survivor (1M), 6 old (6M), 0 humongous (0M), 6 free (6M)
}

Metaspace Usage History (8 events):
Event: 0.186 {metaspace Before GC invocations=0 (full 0):
 Metaspace       used 1408K, committed 1536K, reserved 1114112K
  class space    used 127K, committed 192K, reserved 1048576K
}
Event: 0.189 {metaspace After GC invocations=1 (full 0):
 Metaspace       used 1408K, committed 1536K, reserved 1114112K
  class space    used 127K, committed 192K, reserved 1048576K
}
Event: 0.301 {metaspace Before GC invocations=1 (full 0):
 Metaspace       used 2784K, committed 2944K, reserved 1114112K
  class space    used 289K, committed 384K, reserved 1048576K
}
Event: 0.303 {metaspace After GC invocations=2 (full 0):
 Metaspace       used 2784K, committed 2944K, reserved 1114112K
  class space    used 289K, committed 384K, reserved 1048576K
}
Event: 0.412 {metaspace Before GC invocations=2 (full 0):
 Metaspace       used 4919K, committed 5184K, reserved 1114112K
  class space    used 513K, committed 640K, reserved 1048576K
}
Event: 0.414 {metaspace After GC invocations=3 (full 0):
 Metaspace       used 4919K, committed 5184K, reserved 1114112K
  class space    used 513K, committed 640K, reserved 1048576K
}
Event: 2.384 {metaspace Before GC invocations=4 (full 0):
 Metaspace       used 6138K, committed 6336K, reserved 1114112K
  class space    used 628K, committed 704K, reserved 1048576K
}
Event: 2.387 {metaspace After GC invocations=5 (full 0):
 Metaspace       used 6138K, committed 6336K, reserved 1114112K
  class space    used 628K, committed 704K, reserved 1048576K
}

Dll operation events (16 events):
Event: 0.008 Attempting to load shared library C:\Program Files\Java\jdk-26.0.2\bin\java.dll
Event: 0.010 Loaded shared library C:\Program Files\Java\jdk-26.0.2\bin\java.dll
Event: 0.047 Attempting to load shared library C:\Program Files\Java\jdk-26.0.2\bin\net.dll
Event: 0.048 Loaded shared library C:\Program Files\Java\jdk-26.0.2\bin\net.dll
Event: 0.050 Attempting to load shared library C:\Program Files\Java\jdk-26.0.2\bin\nio.dll
Event: 0.050 Loaded shared library C:\Program Files\Java\jdk-26.0.2\bin\nio.dll
Event: 0.054 Attempting to load shared library C:\Program Files\Java\jdk-26.0.2\bin\zip.dll
Event: 0.054 Loaded shared library C:\Program Files\Java\jdk-26.0.2\bin\zip.dll
Event: 0.129 Attempting to load shared library C:\Program Files\Java\jdk-26.0.2\bin\jimage.dll
Event: 0.129 Loaded shared library C:\Program Files\Java\jdk-26.0.2\bin\jimage.dll
Event: 0.288 Attempting to load shared library C:\Program Files\Java\jdk-26.0.2\bin\extnet.dll
Event: 0.289 Loaded shared library C:\Program Files\Java\jdk-26.0.2\bin\extnet.dll
Event: 0.328 Attempting to load shared library C:\Program Files\Java\jdk-26.0.2\bin\sunmscapi.dll
Event: 0.330 Loaded shared library C:\Program Files\Java\jdk-26.0.2\bin\sunmscapi.dll
Event: 0.366 Attempting to load shared library C:\Program Files\Java\jdk-26.0.2\bin\awt.dll
Event: 0.369 Loaded shared library C:\Program Files\Java\jdk-26.0.2\bin\awt.dll

Deoptimization events (12 events):
Event: 0.114 Thread 0x000001fc5b5efea0 DEOPT PACKING pc=0x000001fc665fc445 sp=0x000000013d3fdce0
Event: 0.114 Thread 0x000001fc5b5efea0 DEOPT UNPACKING pc=0x000001fc6db715a2 sp=0x000000013d3fd128 mode 0
Event: 0.170 Thread 0x000001fc5b5efea0 Uncommon trap: trap_request=0xffffff45 fr.pc=0x000001fc6e0c7378 relative=0x0000000000000078
Event: 0.170 Thread 0x000001fc5b5efea0 Uncommon trap: reason=unstable_if action=reinterpret pc=0x000001fc6e0c7378 method=jdk.internal.misc.Unsafe.convEndian(ZS)S @ 4 c2
Event: 0.170 Thread 0x000001fc5b5efea0 DEOPT PACKING pc=0x000001fc6e0c7378 sp=0x000000013d3feb60
Event: 0.170 Thread 0x000001fc5b5efea0 DEOPT UNPACKING pc=0x000001fc6dc52c02 sp=0x000000013d3fea90 mode 2
Event: 0.200 Thread 0x000001fc5b5efea0 Uncommon trap: trap_request=0xffffff45 fr.pc=0x000001fc6e0c7074 relative=0x0000000000000074
Event: 0.200 Thread 0x000001fc5b5efea0 Uncommon trap: reason=unstable_if action=reinterpret pc=0x000001fc6e0c7074 method=jdk.internal.misc.Unsafe.convEndian(ZI)I @ 4 c2
Event: 0.200 Thread 0x000001fc5b5efea0 DEOPT PACKING pc=0x000001fc6e0c7074 sp=0x000000013d3fe4c0
Event: 0.200 Thread 0x000001fc5b5efea0 DEOPT UNPACKING pc=0x000001fc6dc52c02 sp=0x000000013d3fe3f0 mode 2
Event: 2.273 Thread 0x000001fc7fb68a00 DEOPT PACKING pc=0x000001fc665f44d8 sp=0x000000013e9fd7d0
Event: 2.273 Thread 0x000001fc7fb68a00 DEOPT UNPACKING pc=0x000001fc6db715a2 sp=0x000000013e9fcc60 mode 0

Classes loaded (20 events):
Event: 3863.295 Loading class java/lang/foreign/Arena$1Holder
Event: 3863.295 Loading class java/lang/foreign/Arena$1Holder done
Event: 3863.497 Loading class jdk/internal/misc/ScopedMemoryAccess$ScopedAccessError
Event: 3863.507 Loading class jdk/internal/misc/ScopedMemoryAccess$ScopedAccessError done
Event: 3865.045 Loading class java/lang/WrongThreadException
Event: 3865.048 Loading class java/lang/WrongThreadException done
Event: 3865.461 Loading class jdk/internal/foreign/GlobalSession
Event: 3865.932 Loading class jdk/internal/foreign/GlobalSession done
Event: 3867.119 Loading class jdk/internal/foreign/ArenaImpl
Event: 3867.120 Loading class jdk/internal/foreign/ArenaImpl done
Event: 3867.123 Loading class jdk/internal/foreign/ImplicitSession
Event: 3867.991 Loading class jdk/internal/foreign/SharedSession
Event: 3867.991 Loading class jdk/internal/foreign/SharedSession done
Event: 3867.991 Loading class jdk/internal/foreign/ImplicitSession done
Event: 3867.991 Loading class jdk/internal/foreign/SegmentFactories
Event: 3867.995 Loading class jdk/internal/foreign/SegmentFactories done
Event: 3867.998 Loading class java/lang/foreign/MemorySegment
Event: 3867.998 Loading class java/lang/foreign/MemorySegment done
Event: 3868.095 Loading class jdk/internal/foreign/NativeMemorySegmentImpl
Event: 3868.162 Loading class jdk/internal/foreign/AbstractMemorySegmentImpl

Classes unloaded (0 events):
No events

Classes redefined (0 events):
No events

Internal exceptions (20 events):
Event: 0.220 Thread 0x000001fc5b5efea0 Exception <a 'java/lang/NoSuchMethodError'{0x00000000845ccd08}: 'void java.lang.invoke.DelegatingMethodHandle$Holder.reinvoke_L(java.lang.Object, java.lang.Object, int)'> (0x00000000845ccd08) 
thrown [s\open\src\hotspot\share\interpreter\linkResolver.cpp, line 804]
Event: 0.222 Thread 0x000001fc5b5efea0 Exception <a 'java/lang/NoSuchMethodError'{0x00000000845d90b0}: 'int java.lang.invoke.Invokers$Holder.invokeExact_MT(java.lang.Object, java.lang.Object, java.lang.Object)'> (0x00000000845d90b0) 
thrown [s\open\src\hotspot\share\interpreter\linkResolver.cpp, line 804]
Event: 0.245 Thread 0x000001fc5b5efea0 Exception <a 'java/lang/NoSuchMethodError'{0x000000008443d0c0}: 'void java.lang.invoke.Invokers$Holder.invokeExact_MT(java.lang.Object, java.lang.Object, java.lang.Object, java.lang.Object)'> (0x000000008443d0c0) 
thrown [s\open\src\hotspot\share\interpreter\linkResolver.cpp, line 804]
Event: 0.306 Thread 0x000001fc5b5efea0 Exception <a 'java/lang/NoSuchMethodError'{0x0000000084513648}: 'java.lang.Object java.lang.invoke.DirectMethodHandle$Holder.invokeStaticInit(java.lang.Object, int, int, int, int)'> (0x0000000084513648) 
thrown [s\open\src\hotspot\share\interpreter\linkResolver.cpp, line 804]
Event: 0.350 Thread 0x000001fc5b5efea0 Exception <a 'java/lang/NoSuchMethodError'{0x000000008444d0a0}: 'java.lang.Object java.lang.invoke.DirectMethodHandle$Holder.invokeStaticInit(java.lang.Object, java.lang.Object, int, int, int, int)'> (0x000000008444d0a0) 
thrown [s\open\src\hotspot\share\interpreter\linkResolver.cpp, line 804]
Event: 0.361 Thread 0x000001fc5b5efea0 Exception <a 'java/lang/NoSuchMethodError'{0x0000000084477898}: 'void java.lang.invoke.DirectMethodHandle$Holder.invokeStatic(java.lang.Object, java.lang.Object, java.lang.Object)'> (0x0000000084477898) 
thrown [s\open\src\hotspot\share\interpreter\linkResolver.cpp, line 804]
Event: 0.365 Thread 0x000001fc5b5efea0 Exception <a 'java/lang/ClassNotFoundException'{0x00000000844915a8}: sun/awt/resources/spi/awtProvider> (0x00000000844915a8) 
thrown [s\open\src\hotspot\share\classfile\systemDictionary.cpp, line 330]
Event: 0.370 Thread 0x000001fc5b5efea0 Exception <a 'java/io/FileNotFoundException'{0x00000000844a6688}> (0x00000000844a6688) 
thrown [s\open\src\hotspot\share\prims\jni.cpp, line 514]
Event: 0.371 Thread 0x000001fc5b5efea0 Exception <a 'java/io/FileNotFoundException'{0x00000000844b9040}> (0x00000000844b9040) 
thrown [s\open\src\hotspot\share\prims\jni.cpp, line 514]
Event: 0.435 Thread 0x000001fc5b5efea0 Exception <a 'java/lang/NoSuchMethodError'{0x000000008480c778}: 'void java.lang.invoke.DirectMethodHandle$Holder.invokeStatic(java.lang.Object, long)'> (0x000000008480c778) 
thrown [s\open\src\hotspot\share\interpreter\linkResolver.cpp, line 804]
Event: 0.437 Thread 0x000001fc5b5efea0 Exception <a 'java/lang/NoSuchMethodError'{0x000000008481b498}: 'java.lang.Object java.lang.invoke.DirectMethodHandle$Holder.newInvokeSpecial(java.lang.Object, long)'> (0x000000008481b498) 
thrown [s\open\src\hotspot\share\interpreter\linkResolver.cpp, line 804]
Event: 0.440 Thread 0x000001fc5b5efea0 Exception <a 'java/lang/NoSuchMethodError'{0x00000000848252c8}: 'java.lang.Object java.lang.invoke.DirectMethodHandle$Holder.invokeStatic(java.lang.Object, long, java.lang.Object)'> (0x00000000848252c8) 
thrown [s\open\src\hotspot\share\interpreter\linkResolver.cpp, line 804]
Event: 0.441 Thread 0x000001fc5b5efea0 Exception <a 'java/lang/NoSuchMethodError'{0x000000008482d168}: 'java.lang.Object java.lang.invoke.DirectMethodHandle$Holder.invokeStaticInit(java.lang.Object, long, java.lang.Object)'> (0x000000008482d168) 
thrown [s\open\src\hotspot\share\interpreter\linkResolver.cpp, line 804]
Event: 2.239 Thread 0x000001fc7fb68a00 Exception <a 'java/lang/NoSuchMethodError'{0x000000008488b718}: 'java.lang.Object java.lang.invoke.DirectMethodHandle$Holder.invokeInterface(java.lang.Object, java.lang.Object)'> (0x000000008488b718) 
thrown [s\open\src\hotspot\share\interpreter\linkResolver.cpp, line 804]
Event: 2.245 Thread 0x000001fc7fb68a00 Exception <a 'java/lang/NoSuchMethodError'{0x00000000848c8260}: 'java.lang.Object java.lang.invoke.DirectMethodHandle$Holder.invokeSpecialIFC(java.lang.Object, java.lang.Object, java.lang.Object, java.lang.Object)'> (0x00000000848c8260) 
thrown [s\open\src\hotspot\share\interpreter\linkResolver.cpp, line 804]
Event: 2.247 Thread 0x000001fc7fb68a00 Exception <a 'java/lang/NoSuchMethodError'{0x00000000848d92b0}: 'java.lang.Object java.lang.invoke.DirectMethodHandle$Holder.invokeVirtual(java.lang.Object, java.lang.Object, java.lang.Object, java.lang.Object)'> (0x00000000848d92b0) 
thrown [s\open\src\hotspot\share\interpreter\linkResolver.cpp, line 804]
Event: 2.249 Thread 0x000001fc7fb68a00 Exception <a 'java/lang/NoSuchMethodError'{0x00000000848e9da8}: 'void java.lang.invoke.DirectMethodHandle$Holder.invokeStatic(java.lang.Object, java.lang.Object, java.lang.Object, java.lang.Object)'> (0x00000000848e9da8) 
thrown [s\open\src\hotspot\share\interpreter\linkResolver.cpp, line 804]
Event: 2.359 Thread 0x000001fc7fb68a00 Exception <a 'java/lang/NoSuchMethodError'{0x0000000084555090}: 'java.lang.Object java.lang.invoke.DirectMethodHandle$Holder.newInvokeSpecial(java.lang.Object, java.lang.Object, java.lang.Object, int)'> (0x0000000084555090) 
thrown [s\open\src\hotspot\share\interpreter\linkResolver.cpp, line 804]
Event: 2.362 Thread 0x000001fc7fb68a00 Exception <a 'java/lang/NoSuchMethodError'{0x000000008455e168}: 'java.lang.Object java.lang.invoke.Invokers$Holder.linkToTargetMethod(java.lang.Object, java.lang.Object, int, java.lang.Object)'> (0x000000008455e168) 
thrown [s\open\src\hotspot\share\interpreter\linkResolver.cpp, line 804]
Event: 2.371 Thread 0x000001fc7fb68a00 Exception <a 'java/lang/IncompatibleClassChangeError'{0x00000000845aa1f0}: Found class java.lang.Object, but interface was expected> (0x00000000845aa1f0) 
thrown [s\open\src\hotspot\share\interpreter\linkResolver.cpp, line 871]

VM Operations (20 events):
Event: 1984.020 Executing non-safepoint VM operation: RendezvousGCThreads
Event: 1984.020 Executing non-safepoint VM operation: RendezvousGCThreads done
Event: 2825.214 Executing non-safepoint VM operation: HandshakeAllThreads (DeflationHandshakeClosure)
Event: 2825.216 Executing non-safepoint VM operation: HandshakeAllThreads (DeflationHandshakeClosure) done
Event: 2825.216 Executing non-safepoint VM operation: RendezvousGCThreads
Event: 2825.216 Executing non-safepoint VM operation: RendezvousGCThreads done
Event: 2945.452 Executing non-safepoint VM operation: HandshakeAllThreads (DeflationHandshakeClosure)
Event: 2945.452 Executing non-safepoint VM operation: HandshakeAllThreads (DeflationHandshakeClosure) done
Event: 2945.453 Executing non-safepoint VM operation: RendezvousGCThreads
Event: 2945.453 Executing non-safepoint VM operation: RendezvousGCThreads done
Event: 3245.987 Executing non-safepoint VM operation: HandshakeAllThreads (DeflationHandshakeClosure)
Event: 3245.994 Executing non-safepoint VM operation: HandshakeAllThreads (DeflationHandshakeClosure) done
Event: 3246.010 Executing non-safepoint VM operation: RendezvousGCThreads
Event: 3246.010 Executing non-safepoint VM operation: RendezvousGCThreads done
Event: 3606.720 Executing non-safepoint VM operation: HandshakeAllThreads (DeflationHandshakeClosure)
Event: 3606.720 Executing non-safepoint VM operation: HandshakeAllThreads (DeflationHandshakeClosure) done
Event: 3606.720 Executing non-safepoint VM operation: RendezvousGCThreads
Event: 3606.720 Executing non-safepoint VM operation: RendezvousGCThreads done
Event: 3867.114 Executing non-safepoint VM operation: HandshakeAllThreads (Deoptimize)
Event: 3867.117 Executing non-safepoint VM operation: HandshakeAllThreads (Deoptimize) done

Memory protections (0 events):
No events

Nmethod flushes (0 events):
No events

Events (20 events):
Event: 1943.261 Thread 0x000001fc7fbc4e60 Thread added: 0x000001fc7f019e60
Event: 1944.397 Thread 0x000001fc7f019e60 Thread exited: 0x000001fc7f019e60
Event: 1945.892 Thread 0x000001fc7fbc4e60 Thread added: 0x000001fc7f019e60
Event: 1946.906 Thread 0x000001fc7f019e60 Thread exited: 0x000001fc7f019e60
Event: 2790.124 Thread 0x000001fc7fbc4e60 Thread added: 0x000001fc7fa8c210
Event: 2791.730 Thread 0x000001fc7fa8c210 Thread exited: 0x000001fc7fa8c210
Event: 2791.791 Thread 0x000001fc7fbc4e60 Thread added: 0x000001fc7fa8c210
Event: 2792.909 Thread 0x000001fc7fa8c210 Thread exited: 0x000001fc7fa8c210
Event: 2900.471 Thread 0x000001fc7fbc4e60 Thread added: 0x000001fc7fa8adc0
Event: 2901.531 Thread 0x000001fc7fa8adc0 Thread exited: 0x000001fc7fa8adc0
Event: 3209.441 Thread 0x000001fc7fbc4e60 Thread added: 0x000001fc7fa8adc0
Event: 3210.489 Thread 0x000001fc7fa8adc0 Thread exited: 0x000001fc7fa8adc0
Event: 3218.097 Thread 0x000001fc7fbc4e60 Thread added: 0x000001fc7fa8adc0
Event: 3219.350 Thread 0x000001fc7fa8adc0 Thread exited: 0x000001fc7fa8adc0
Event: 3581.116 Thread 0x000001fc7fbc4e60 Thread added: 0x000001fc7fa8adc0
Event: 3582.156 Thread 0x000001fc7fa8adc0 Thread exited: 0x000001fc7fa8adc0
Event: 3855.166 Thread 0x000001fc7fbc4e60 Thread added: 0x000001fc7fa8adc0
Event: 3857.645 Thread 0x000001fc7fa8adc0 Thread exited: 0x000001fc7fa8adc0
Event: 3858.378 Thread 0x000001fc7fbc4e60 Thread added: 0x000001fc7fa8adc0
Event: 3862.490 Thread 0x000001fc7fbc4e60 Thread added: 0x000001fc7f0969d0


Dynamic libraries:
0x00007ff615060000 - 0x00007ff615070000 	C:\Program Files\Java\jdk-26.0.2\bin\java.exe
0x00007ff843220000 - 0x00007ff843486000 	C:\WINDOWS\SYSTEM32\ntdll.dll
0x00007ff841860000 - 0x00007ff841929000 	C:\WINDOWS\System32\KERNEL32.DLL
0x00007ff840800000 - 0x00007ff840bff000 	C:\WINDOWS\System32\KERNELBASE.dll
0x00007ff840cc0000 - 0x00007ff840e0c000 	C:\WINDOWS\System32\ucrtbase.dll
0x00007ffffe860000 - 0x00007ffffe877000 	C:\Program Files\Java\jdk-26.0.2\bin\jli.dll
0x00007ffffe880000 - 0x00007ffffe89e000 	C:\Program Files\Java\jdk-26.0.2\bin\VCRUNTIME140.dll
0x00007ff842b00000 - 0x00007ff842cc6000 	C:\WINDOWS\System32\USER32.dll
0x00007ff8407d0000 - 0x00007ff8407f7000 	C:\WINDOWS\System32\win32u.dll
0x00007ff8233e0000 - 0x00007ff823671000 	C:\WINDOWS\WinSxS\amd64_microsoft.windows.common-controls_6595b64144ccf1df_6.0.26100.8972_none_3e0da176e32f9d4b\COMCTL32.dll
0x00007ff8429b0000 - 0x00007ff8429db000 	C:\WINDOWS\System32\GDI32.dll
0x00007ff8415b0000 - 0x00007ff841659000 	C:\WINDOWS\System32\msvcrt.dll
0x00007ff840e20000 - 0x00007ff840f49000 	C:\WINDOWS\System32\gdi32full.dll
0x00007ff840c10000 - 0x00007ff840cb3000 	C:\WINDOWS\System32\msvcp_win.dll
0x00007ff842a90000 - 0x00007ff842ac2000 	C:\WINDOWS\System32\IMM32.DLL
0x00007ff81ab80000 - 0x00007ff81ab8c000 	C:\Program Files\Java\jdk-26.0.2\bin\vcruntime140_1.dll
0x00007fffd58a0000 - 0x00007fffd592d000 	C:\Program Files\Java\jdk-26.0.2\bin\msvcp140.dll
0x00007fffbc930000 - 0x00007fffbd801000 	C:\Program Files\Java\jdk-26.0.2\bin\server\jvm.dll
0x00007ff8413e0000 - 0x00007ff84149c000 	C:\WINDOWS\System32\ADVAPI32.dll
0x00007ff8429e0000 - 0x00007ff842a8a000 	C:\WINDOWS\System32\sechost.dll
0x00007ff841660000 - 0x00007ff841778000 	C:\WINDOWS\System32\RPCRT4.dll
0x00007ff842920000 - 0x00007ff8429a2000 	C:\WINDOWS\System32\WS2_32.dll
0x00007ff8402b0000 - 0x00007ff84030e000 	C:\WINDOWS\SYSTEM32\POWRPROF.dll
0x00007ff834cc0000 - 0x00007ff834cf6000 	C:\WINDOWS\SYSTEM32\WINMM.dll
0x00007ff82ca10000 - 0x00007ff82ca1b000 	C:\WINDOWS\SYSTEM32\VERSION.dll
0x00007ff840290000 - 0x00007ff8402a5000 	C:\WINDOWS\SYSTEM32\UMPDC.dll
0x00007ff83f120000 - 0x00007ff83f13b000 	C:\WINDOWS\SYSTEM32\kernel.appcore.dll
0x00007ff80d1c0000 - 0x00007ff80d1ca000 	C:\Program Files\Java\jdk-26.0.2\bin\jimage.dll
0x00007ff83dac0000 - 0x00007ff83dd02000 	C:\WINDOWS\SYSTEM32\DBGHELP.DLL
0x00007ff841df0000 - 0x00007ff842175000 	C:\WINDOWS\System32\combase.dll
0x00007ff841780000 - 0x00007ff841859000 	C:\WINDOWS\System32\OLEAUT32.dll
0x00007ff81bb20000 - 0x00007ff81bb5b000 	C:\WINDOWS\SYSTEM32\dbgcore.DLL
0x00007ff840650000 - 0x00007ff8406fc000 	C:\WINDOWS\System32\bcryptPrimitives.dll
0x00007ffffe840000 - 0x00007ffffe85f000 	C:\Program Files\Java\jdk-26.0.2\bin\java.dll
0x00007ff841070000 - 0x00007ff841209000 	C:\WINDOWS\System32\ole32.dll
0x00007ff842190000 - 0x00007ff842918000 	C:\WINDOWS\System32\SHELL32.dll
0x00007ff83dea0000 - 0x00007ff83e73b000 	C:\WINDOWS\SYSTEM32\windows.storage.dll
0x00007ff841b80000 - 0x00007ff841c79000 	C:\WINDOWS\System32\SHCORE.dll
0x00007ff841b10000 - 0x00007ff841b76000 	C:\WINDOWS\System32\shlwapi.dll
0x00007ff840350000 - 0x00007ff840379000 	C:\WINDOWS\SYSTEM32\profapi.dll
0x00007ffff6ab0000 - 0x00007ffff6ac2000 	C:\Program Files\Java\jdk-26.0.2\bin\net.dll
0x00007ff83f6d0000 - 0x00007ff83f73c000 	C:\WINDOWS\system32\mswsock.dll
0x00007ffff6a10000 - 0x00007ffff6a26000 	C:\Program Files\Java\jdk-26.0.2\bin\nio.dll
0x00007fffe1920000 - 0x00007fffe1936000 	C:\Program Files\Java\jdk-26.0.2\bin\zip.dll
0x00007ff83ead0000 - 0x00007ff83ec28000 	C:\WINDOWS\SYSTEM32\DNSAPI.dll
0x00007ff83f4d0000 - 0x00007ff83f4dd000 	C:\WINDOWS\SYSTEM32\DSPARSE.dll
0x00007ff83ea90000 - 0x00007ff83eac3000 	C:\WINDOWS\SYSTEM32\IPHLPAPI.DLL
0x00007ff840f50000 - 0x00007ff840f5a000 	C:\WINDOWS\System32\NSI.dll
0x00007ff834c60000 - 0x00007ff834c6b000 	C:\Windows\System32\rasadhlp.dll
0x00007ff8396b0000 - 0x00007ff839736000 	C:\WINDOWS\System32\fwpuclnt.dll
0x00007ff8214a0000 - 0x00007ff8214a9000 	C:\Program Files\Java\jdk-26.0.2\bin\extnet.dll
0x00007ff821490000 - 0x00007ff82149e000 	C:\Program Files\Java\jdk-26.0.2\bin\sunmscapi.dll
0x00007ff8404c0000 - 0x00007ff84063e000 	C:\WINDOWS\System32\CRYPT32.dll
0x00007ff83fc00000 - 0x00007ff83fc30000 	C:\WINDOWS\SYSTEM32\ncrypt.dll
0x00007ff83fbb0000 - 0x00007ff83fbef000 	C:\WINDOWS\SYSTEM32\NTASN1.dll
0x00007fffd99c0000 - 0x00007fffd99c8000 	C:\WINDOWS\system32\wshunix.dll
0x00007ff83f9c0000 - 0x00007ff83f9db000 	C:\WINDOWS\SYSTEM32\CRYPTSP.dll
0x00007ff83f060000 - 0x00007ff83f099000 	C:\WINDOWS\system32\rsaenh.dll
0x00007ff83f780000 - 0x00007ff83f7b2000 	C:\WINDOWS\SYSTEM32\USERENV.dll
0x00007ff840320000 - 0x00007ff84034a000 	C:\WINDOWS\SYSTEM32\bcrypt.dll
0x00007ff83f9e0000 - 0x00007ff83f9ec000 	C:\WINDOWS\SYSTEM32\CRYPTBASE.dll
0x00007fffca3a0000 - 0x00007fffca524000 	C:\Program Files\Java\jdk-26.0.2\bin\awt.dll
0x00007ff83cad0000 - 0x00007ff83cb6f000 	C:\WINDOWS\SYSTEM32\apphelp.dll
0x00007ff83cf10000 - 0x00007ff83cfb8000 	C:\WINDOWS\system32\uxtheme.dll
0x00007ff841c80000 - 0x00007ff841ddd000 	C:\WINDOWS\System32\MSCTF.dll
0x00007ff83cba0000 - 0x00007ff83cbc9000 	C:\WINDOWS\system32\Wtsapi32.dll
0x00007ff83f3d0000 - 0x00007ff83f419000 	C:\WINDOWS\SYSTEM32\SspiCli.dll
0x00007ff8401e0000 - 0x00007ff840242000 	C:\WINDOWS\SYSTEM32\WINSTA.dll
0x00007ff807140000 - 0x00007ff8071f6000 	C:\WINDOWS\SYSTEM32\TextShaping.dll
0x00007ff83d2f0000 - 0x00007ff83d31f000 	C:\WINDOWS\system32\DWMAPI.DLL
0x00007fffcf790000 - 0x00007fffcf89c000 	C:\WINDOWS\system32\opengl32.dll
0x00007ff80e9b0000 - 0x00007ff80e9dd000 	C:\WINDOWS\SYSTEM32\GLU32.dll
0x00007ff83d120000 - 0x00007ff83d165000 	C:\WINDOWS\SYSTEM32\dxcore.dll

JVMTI agents: none

dbghelp: loaded successfully - version: 4.0.5 - missing functions: none
symbol engine: initialized successfully - sym options: 0x614 - pdb path: .;C:\Program Files\Java\jdk-26.0.2\bin;C:\WINDOWS\SYSTEM32;C:\WINDOWS\WinSxS\amd64_microsoft.windows.common-controls_6595b64144ccf1df_6.0.26100.8972_none_3e0da176e32f9d4b;C:\Program Files\Java\jdk-26.0.2\bin\server

VM Arguments:
java_command: io.qameta.allure.CommandLine open allure-report
java_class_path (initial): G:\allure-2.45.0\lib\allure-commandline-2.45.0.jar;G:\allure-2.45.0\lib\allure-generator-2.45.0.jar;G:\allure-2.45.0\lib\allure-model-2.35.4.jar;G:\allure-2.45.0\lib\allure-plugin-api-2.45.0.jar;G:\allure-2.45.0\lib\allure1-model-1.0.jar;G:\allure-2.45.0\lib\annotations-15.0.jar;G:\allure-2.45.0\lib\commons-beanutils-1.11.0.jar;G:\allure-2.45.0\lib\commons-codec-1.11.jar;G:\allure-2.45.0\lib\commons-collections-3.2.2.jar;G:\allure-2.45.0\lib\commons-collections4-4.5.0.jar;G:\allure-2.45.0\lib\commons-io-2.22.0.jar;G:\allure-2.45.0\lib\commons-lang3-3.20.0.jar;G:\allure-2.45.0\lib\commons-logging-1.3.5.jar;G:\allure-2.45.0\lib\commons-text-1.13.1.jar;G:\allure-2.45.0\lib\flexmark-0.62.2.jar;G:\allure-2.45.0\lib\flexmark-ext-tables-0.62.2.jar;G:\allure-2.45.0\lib\flexmark-util-0.62.2.jar;G:\allure-2.45.0\lib\flexmark-util-ast-0.62.2.jar;G:\allure-2.45.0\lib\flexmark-util-builder-0.62.2.jar;G:\allure-2.45.0\lib\flexmark-util-collection-0.62.2.jar;G:\allure-2.45.0\lib\flexmark-util-data-0.62.2.jar;G:\allure-2.45.0\lib\flexmark-util-dependency-0.62.2.jar;G:\allure-2.45.0\lib\flexmark-util-format-0.62.2.jar;G:\allure-2.45.0\lib\flexmark-util-html-0.62.2.jar;G:\allure-2.45.0\lib\flexmark-util-misc-0.62.2.jar;G:\allure-2.45.0\lib\flexmark-util-options-0.62.2.jar;G:\allure-2.45.0\lib\flexmark-util-sequence-0.62.2.jar;G:\allure-2.45.0\lib\flexmark-util-visitor-0.62.2.jar;G:\allure-2.45.0\lib\freemarker-2.3.34.jar;G:\allure-2.45.0\lib\httpclient-4.5.14.jar;G:\allure-2.45.0\lib\httpcore-4.4.16.jar;G:\allure-2.45.0\lib\jackson-annotations-2.22.jar;G:\allure-2.45.0\lib\jackson-core-2.22.1.jar;G:\allure-2.45.0\lib\jackson-databind-2.22.1.jar;G:\allure-2.45.0\lib\jackson-dataformat-xml-2.22.1.jar;G:\allure-2.45.0\lib\jackson-dataformat-yaml-2.22.1.jar;G:\allure-2.45.0\lib\jackson-module-jaxb-annotations-2.22.1.jar;G:\allure-2.45.0\lib\jakarta.activation-api-1.2.2.jar;G:\allure-2.45.0\lib\javax.activation-api-1.2.0.jar;G:\allure-2.45.0\lib\jaxb-api-2.3.1.jar;G:\allure-2.45.0\lib\jaxb-utils-1.0.jar;G:\allure-2.45.0\lib\jcommander-1.82.jar;G:\allure-2.45.0\lib\jsoup-1.23.1.jar;G:\allure-2.45.0\lib\opencsv-5.12.0.jar;G:\allure-2.45.0\lib\properties-2.0.RC5.jar;G:\allure-2.45.0\lib\slf4j-api-2.0.18.jar;G:\allure-2.45.0\lib\slf4j-jdk14-2.0.18.jar;G:\allure-2.45.0\lib\snakeyaml-2.5.jar;G:\allure-2.45.0\lib\stax2-api-4.3.0.jar;G:\allure-2.45.0\lib\woodstox-core-7.2.0.jar;G:\allure-2.45.0\lib\config
Launcher Type: SUN_STANDARD

[Global flags]
     bool AOTAdapterCaching                        = false                                  {diagnostic} {ergonomic}
     bool AOTInvokeDynamicLinking                  = false                                  {diagnostic} {ergonomic}
     bool AOTRecordTraining                        = false                                  {diagnostic} {ergonomic}
     bool AOTReplayTraining                        = false                                  {diagnostic} {ergonomic}
     bool AOTStubCaching                           = false                                  {diagnostic} {ergonomic}
     intx CICompilerCount                          = 4                                         {product} {ergonomic}
     uint ConcGCThreads                            = 2                                         {product} {ergonomic}
     uint G1ConcRefinementThreads                  = 8                                         {product} {ergonomic}
     uint G1EagerReclaimRemSetThreshold            = 10                                   {experimental} {ergonomic}
   size_t G1HeapRegionSize                         = 1048576                                   {product} {ergonomic}
     uint G1RemSetArrayOfCardsEntries              = 10                                   {experimental} {ergonomic}
     uint G1RemSetHowlMaxNumBuckets                = 8                                    {experimental} {ergonomic}
     uint G1RemSetHowlNumBuckets                   = 4                                    {experimental} {ergonomic}
   size_t InitialHeapSize                          = 8388608                                   {product} {ergonomic}
     bool IntelJccErratumMitigation                = false                             {ARCH diagnostic} {ergonomic}
   size_t MarkStackSize                            = 4194304                                   {product} {ergonomic}
   size_t MarkStackSizeMax                         = 536870912                                 {product} {ergonomic}
   size_t MaxHeapSize                              = 2082471936                                {product} {ergonomic}
   size_t MaxNewSize                               = 1248854016                                {product} {ergonomic}
 uint64_t MaxRAM                                   = 8327782400                                {product} {ergonomic}
   size_t MinHeapDeltaBytes                        = 1048576                                   {product} {ergonomic}
   size_t MinHeapSize                              = 8388608                                   {product} {ergonomic}
   size_t NonNMethodCodeHeapSize                   = 5898240                                {pd product} {ergonomic}
   size_t NonProfiledCodeHeapSize                  = 122945536                              {pd product} {ergonomic}
   size_t ProfiledCodeHeapSize                     = 122945536                              {pd product} {ergonomic}
   size_t ReservedCodeCacheSize                    = 251789312                              {pd product} {ergonomic}
     bool SegmentedCodeCache                       = true                                      {product} {ergonomic}
   size_t SoftMaxHeapSize                          = 2082471936                             {manageable} {ergonomic}
     bool UseCompressedOops                        = true                           {product lp64_product} {ergonomic}
     bool UseCondCardMark                          = true                                      {product} {ergonomic}
     bool UseFastUnorderedTimeStamps               = true                                 {experimental} {ergonomic}
     bool UseG1GC                                  = true                                      {product} {ergonomic}
     bool UseLargePagesIndividualAllocation        = false                                  {pd product} {ergonomic}
      int X86ICacheSync                            = 3                                 {ARCH diagnostic} {ergonomic}

Logging:
Log output configuration:
 #0: stdout all=warning uptime,level,tags foldmultilines=false
 #1: stderr all=off uptime,level,tags foldmultilines=false

Release file:
IMPLEMENTOR="Oracle Corporation" 
JAVA_RUNTIME_VERSION="26.0.2+10-55" 
JAVA_VERSION="26.0.2" 
JAVA_VERSION_DATE="2026-07-21" 
LIBC="default" 
MODULES="java.base java.compiler java.datatransfer java.xml java.prefs java.desktop java.instrument java.logging java.management java.security.sasl java.naming java.rmi java.management.rmi java.net.http java.scripting java.security.jgss java.transaction.xa java.sql java.sql.rowset java.xml.crypto java.se java.smartcardio jdk.accessibility jdk.internal.jvmstat jdk.attach jdk.charsets jdk.internal.opt jdk.zipfs jdk.compiler jdk.crypto.cryptoki jdk.crypto.ec jdk.crypto.mscapi jdk.dynalink jdk.internal.ed jdk.editpad jdk.internal.vm.ci jdk.graal.compiler jdk.graal.compiler.management jdk.hotspot.agent jdk.httpserver jdk.incubator.vector jdk.internal.le jdk.internal.md jdk.jartool jdk.javadoc jdk.jcmd jdk.management jdk.management.agent jdk.jconsole jdk.jdeps jdk.jdwp.agent jdk.jdi jdk.jfr jdk.jlink jdk.jpackage jdk.jshell jdk.jstatd jdk.localedata jdk.management.jfr jdk.naming.dns jdk.naming.rmi jdk.net jdk.nio.mapmode jdk.sctp jdk.security.auth jdk.security.jgss jdk.unsupported jdk.unsupported.desktop jdk.xml.dom" 
OS_ARCH="x86_64" 
OS_NAME="Windows" 
SOURCE=".:git:28b9aeff05f1 open:git:fa67dfdcec4b" 

Environment Variables:
JAVA_HOME=C:\Program Files\Java\jdk-26.0.2
PATH=C:\Program Files\Common Files\Oracle\Java\javapath;C:\Python314\Scripts\;C:\Python314\;C:\WINDOWS\system32;C:\WINDOWS;C:\WINDOWS\System32\Wbem;C:\WINDOWS\System32\WindowsPowerShell\v1.0\;C:\WINDOWS\System32\OpenSSH\;C:\ProgramData\chocolatey\bin;C:\Users\vveer\AppData\Local\Android\Sdk\platform-tools;C:\Users\vveer\AppData\Local\Android\Sdk\emulator;C:\Users\vveer\AppData\Local\Android\Sdk\cmdline-tools\latest\bin;C:\Program Files\Java\jdk-26.0.2\bin;C:\Program Files\nodejs\;C:\Users\vveer\AppData\Local\Android\Sdk\platform-tools;C:\Users\vveer\AppData\Local\Android\Sdk\platforms;G:\allure-2.45.0\bin;C:\Users\vveer\AppData\Local\Programs\Python\Python314\Scripts\;C:\Users\vveer\AppData\Local\Programs\Python\Python314\;C:\Users\vveer\AppData\Local\Programs\Python\Launcher\;C:\Users\vveer\AppData\Local\Microsoft\WindowsApps;C:\Users\vveer\AppData\Roaming\npm;C:\Users\vveer\AppData\Local\Android\Sdk\build-tools\37.0.0;
USERNAME=vveer
OS=Windows_NT
PROCESSOR_IDENTIFIER=Intel64 Family 6 Model 140 Stepping 2, GenuineIntel
TMP=C:\Users\vveer\AppData\Local\Temp
TEMP=C:\Users\vveer\AppData\Local\Temp




Compilation memory statistics disabled.

Periodic native trim disabled

---------------  S Y S T E M  ---------------

OS:
 Windows 11 , 64 bit Build 26100 (10.0.26100.9168)
OS uptime: 13 days 0:55 hours
Hyper-V role detected

CPU: total 8 (initial active 8) (4 cores per cpu, 2 threads per core) family 6 model 140 stepping 2 microcode 0x2c, cx8, cmov, fxsr, ht, mmx, 3dnowpref, sse, sse2, sse3, ssse3, sse4.1, sse4.2, popcnt, lzcnt, tsc, tscinvbit, avx, avx2, aes, erms, clmul, bmi1, bmi2, adx, avx512f, avx512dq, avx512cd, avx512bw, avx512vl, sha, fma, vzeroupper, avx512_vpopcntdq, avx512_vpclmulqdq, avx512_vaes, avx512_vnni, clflush, clflushopt, clwb, avx512_vbmi2, avx512_vbmi, hv, rdtscp, rdpid, fsrm, gfni, avx512_bitalg, f16c, cet_ibt, cet_ss, avx512_ifma
Processor Information for the first 8 processors :
  Max Mhz: 2496, Current Mhz: 2496, Mhz Limit: 2496

Memory: 4k page, system-wide physical 7941M (311M free)
TotalPageFile size 20308M (AvailPageFile size 72M)
current process WorkingSet (physical memory assigned to process): 23M, peak: 78M
current process commit charge ("private bytes"): 106M, peak: 114M

vm_info: Java HotSpot(TM) 64-Bit Server VM (26.0.2+10-55) for windows-amd64 JRE (26.0.2+10-55), built on 2026-06-17T09:18:01Z with MS VC++ 17.13 (VS2022)

END.
