#
# There is insufficient memory for the Java Runtime Environment to continue.
# Native memory allocation (mmap) failed to map 65536 bytes. Error detail: Failed to commit metaspace.
# Possible reasons:
#   The system is out of physical RAM or swap space
#   This process is running with CompressedOops enabled, and the Java Heap may be blocking the growth of the native heap
# Possible solutions:
#   Reduce memory load on the system
#   Increase physical memory or swap space
#   Check if swap backing store is full
#   Decrease Java heap size (-Xmx/-Xms)
#   Decrease number of Java threads
#   Decrease Java thread stack sizes (-Xss)
#   Set larger code cache with -XX:ReservedCodeCacheSize=
#   JVM is running with Unscaled Compressed Oops mode in which the Java heap is
#     placed in the first 4GB address space. The Java Heap base address is the
#     maximum limit for the native heap growth. Please use -XX:HeapBaseMinAddress
#     to set the Java Heap base and to place the Java Heap above 4GB virtual address.
# This output file may be truncated or incomplete.
#
#  Out of Memory Error (virtualSpaceNode.cpp:113), pid=19036, tid=36296
#
# JRE version: Java(TM) SE Runtime Environment (26.0.2+10) (build 26.0.2+10-55)
# Java VM: Java HotSpot(TM) 64-Bit Server VM (26.0.2+10-55, mixed mode, sharing, tiered, compressed oops, compressed class ptrs, g1 gc, windows-amd64)
# No core dump will be written. Minidumps are not enabled by default on client versions of Windows
#

---------------  S U M M A R Y ------------

Command Line: io.qameta.allure.CommandLine open allure-report

Host: 11th Gen Intel(R) Core(TM) i5-1155G7 @ 2.50GHz, 8 cores, 7G,  Windows 11 , 64 bit Build 26100 (10.0.26100.9168)
Time: Tue Sep  8 23:42:48 2026 India Standard Time elapsed time: 17416.497858 seconds (0d 4h 50m 16s)

---------------  T H R E A D  ---------------

Current thread (0x000001fd7d83adf0):  JavaThread "AWT-EventQueue-0"        [_thread_in_vm, id=36296, stack(0x000000c2c4100000,0x000000c2c4200000) (1024K)]

Stack: [0x000000c2c4100000,0x000000c2c4200000]
Native frames: (J=compiled Java code, j=interpreted, Vv=VM code, C=native code)
V  [jvm.dll+0x7d6ea9]  (no source info available)
V  [jvm.dll+0x7a4dcd]  (no source info available)
V  [jvm.dll+0x9b2390]  (no source info available)
V  [jvm.dll+0x9b47e1]  (no source info available)
V  [jvm.dll+0x9b4ef3]  (no source info available)
V  [jvm.dll+0x30f4d6]  (no source info available)
V  [jvm.dll+0x9af14e]  (no source info available)
V  [jvm.dll+0x7752c4]  (no source info available)
V  [jvm.dll+0x77532a]  (no source info available)
V  [jvm.dll+0x777c16]  (no source info available)
V  [jvm.dll+0x7779a5]  (no source info available)
V  [jvm.dll+0x2accd2]  (no source info available)
V  [jvm.dll+0x775cee]  (no source info available)
V  [jvm.dll+0x30a58f]  (no source info available)
V  [jvm.dll+0x30a951]  (no source info available)
V  [jvm.dll+0x838f02]  (no source info available)
V  [jvm.dll+0x839caf]  (no source info available)
V  [jvm.dll+0x476f42]  (no source info available)
V  [jvm.dll+0x476d8d]  (no source info available)
V  [jvm.dll+0x475a4d]  (no source info available)
V  [jvm.dll+0x4759e8]  (no source info available)
V  [jvm.dll+0x532b3b]  (no source info available)
V  [jvm.dll+0x50ddbe]  (no source info available)
C  [awt.dll+0xdd73c]  (no source info available)
C  0x000001fd6f98d5f3  (no source info available)

The last pc belongs to native method entry point (kind = native) (printed below).
Java frames: (J=compiled Java code, j=interpreted, Vv=VM code)
j  sun.awt.Win32GraphicsConfig.getBounds(I)Ljava/awt/Rectangle;+0 java.desktop@26.0.2
j  sun.awt.Win32GraphicsConfig.getBounds()Ljava/awt/Rectangle;+8 java.desktop@26.0.2
j  sun.awt.Win32GraphicsDevice.displayChanged()V+23 java.desktop@26.0.2
j  sun.awt.Win32GraphicsEnvironment.displayChanged()V+198 java.desktop@26.0.2
j  sun.awt.windows.WToolkit.lambda$displayChanged$0()V+15 java.desktop@26.0.2
j  sun.awt.windows.WToolkit$$Lambda+0x00000000290dc420.run()V+0 java.desktop@26.0.2
j  java.awt.event.InvocationEvent.dispatch()V+47 java.desktop@26.0.2
j  java.awt.EventQueue.dispatchEventImpl(Ljava/awt/AWTEvent;Ljava/lang/Object;)V+21 java.desktop@26.0.2
j  java.awt.EventQueue.dispatchEvent(Ljava/awt/AWTEvent;)V+22 java.desktop@26.0.2
j  java.awt.EventDispatchThread.pumpOneEventForFilters(I)V+81 java.desktop@26.0.2
j  java.awt.EventDispatchThread.pumpEventsForFilter(ILjava/awt/Conditional;Ljava/awt/EventFilter;)V+35 java.desktop@26.0.2
j  java.awt.EventDispatchThread.pumpEventsForHierarchy(ILjava/awt/Conditional;Ljava/awt/Component;)V+11 java.desktop@26.0.2
j  java.awt.EventDispatchThread.pumpEvents(ILjava/awt/Conditional;)V+4 java.desktop@26.0.2
j  java.awt.EventDispatchThread.pumpEvents(Ljava/awt/Conditional;)V+3 java.desktop@26.0.2
j  java.awt.EventDispatchThread.run()V+9 java.desktop@26.0.2
v  ~StubRoutines::Stub Generator call_stub_stub 0x000001fd6f9818e2
Lock stack of current Java thread (top to bottom):
LockStack[0]: [I 
{0x00000000fff90f00} - klass: {type array int} - flags: is_cloneable_fast 

 - length: 0

native method entry point (kind = native)  [0x000001fd6f98d220, 0x000001fd6f98de18]  3064 bytes

Loading hsdis library failed, undisassembled code is shown in MachCode section
[MachCode]
  0x000001fd6f98d220: 488b 4b08 | 0fb7 492e | 584c 8d74 | ccf8 6800 | 0000 0068 | 0000 0000 | 5055 488b | ec41 5548 
  0x000001fd6f98d240: 8b43 084c | 8d68 3848 | 8b40 0868 | 0000 0000 | 5348 8b50 | 1848 8b52 | 7048 8b12 | 5248 8b53 
  0x000001fd6f98d260: 1048 85d2 | 7407 4881 | c2d0 0000 | 0052 488b | 5010 5249 | 8bc6 482b | c548 c1e8 | 0350 6800 
  0x000001fd6f98d280: 0000 0068 | f7ff ffff | 41c6 87ca | 0400 0001 | 488b 4310 | 4885 c074 | 208b 8890 | 0000 0083 
  0x000001fd6f98d2a0: c102 8988 | 9000 0000 | 2388 a400 | 0000 0f84 | b30a 0000 | e9cf 0000 | 0048 8b43 | 1848 85c0 
  0x000001fd6f98d2c0: 0f85 b000 | 0000 e805 | 0000 00e9 | 9900 0000 | 488b d348 | 8d44 2408 | 4c89 6dc0 | 498b cfc5 
  0x000001fd6f98d2e0: f877 4989 | af20 0400 | 0049 8987 | 1004 0000 | 4883 ec20 | 40f6 c40f | 0f84 1900 | 0000 4883 
  0x000001fd6f98d300: ec08 48b8 | b08e dbbc | ff7f 0000 | ffd0 4883 | c408 e90c | 0000 0048 | b8b0 8edb | bcff 7f00 
  0x000001fd6f98d320: 00ff d048 | 83c4 2049 | c787 1004 | 0000 0000 | 0000 49c7 | 8720 0400 | 0000 0000 | 0049 c787 
  0x000001fd6f98d340: 1804 0000 | 0000 0000 | c5f8 7749 | 837f 0800 | 0f84 0500 | 0000 e985 | 44ff ff4c | 8b6d c04c 
  0x000001fd6f98d360: 8b75 c84e | 8d74 f500 | c348 8b43 | 1848 85c0 | 0f84 1200 | 0000 8b48 | 0883 c102 | 8948 0823 
  0x000001fd6f98d380: 482c 0f84 | df09 0000 | 493b a750 | 0500 000f | 8748 0000 | 0089 8424 | 00f0 ffff | 8984 2400 
  0x000001fd6f98d3a0: e0ff ff89 | 8424 00d0 | ffff 8984 | 2400 c0ff | ff89 8424 | 00b0 ffff | 8984 2400 | a0ff ff89 
  0x000001fd6f98d3c0: 8424 0090 | ffff 8984 | 2400 80ff | ff49 3ba7 | 4805 0000 | 7607 4989 | a750 0500 | 0041 c687 
  0x000001fd6f98d3e0: ca04 0000 | 0048 8b5d | e84c 8b5b | 0845 0fb7 | 5b2e 41c1 | e303 492b | e348 83ec | 2048 83e4 
  0x000001fd6f98d400: f04c 8b5b | 604d 85db | 0f85 ab00 | 0000 e805 | 0000 00e9 | 9900 0000 | 488b d348 | 8d44 2408 
  0x000001fd6f98d420: 4c89 6dc0 | 498b cfc5 | f877 4989 | af20 0400 | 0049 8987 | 1004 0000 | 4883 ec20 | 40f6 c40f 
  0x000001fd6f98d440: 0f84 1900 | 0000 4883 | ec08 48b8 | 70b8 dbbc | ff7f 0000 | ffd0 4883 | c408 e90c | 0000 0048 
  0x000001fd6f98d460: b870 b8db | bcff 7f00 | 00ff d048 | 83c4 2049 | c787 1004 | 0000 0000 | 0000 49c7 | 8720 0400 
  0x000001fd6f98d480: 0000 0000 | 0049 c787 | 1804 0000 | 0000 0000 | c5f8 7749 | 837f 0800 | 0f84 0500 | 0000 e93d 
  0x000001fd6f98d4a0: 43ff ff4c | 8b6d c04c | 8b75 c84e | 8d74 f500 | c348 8b5d | e84c 8b5b | 6041 ffd3 | 488b 5de8 
  0x000001fd6f98d4c0: 4889 4518 | 440f b75b | 2c41 f6c3 | 080f 841b | 0000 004c | 8b5b 084d | 8b5b 084d | 8b5b 184d 
  0x000001fd6f98d4e0: 8b5b 704d | 8b1b 4c89 | 5d10 488d | 5510 488b | 4358 49ba | 1067 18bd | ff7f 0000 | 493b c20f 
  0x000001fd6f98d500: 85ab 0000 | 00e8 0500 | 0000 e999 | 0000 0048 | 8bd3 488d | 4424 084c | 896d c049 | 8bcf c5f8 
  0x000001fd6f98d520: 7749 89af | 2004 0000 | 4989 8710 | 0400 0048 | 83ec 2040 | f6c4 0f0f | 8419 0000 | 0048 83ec 
  0x000001fd6f98d540: 0848 b870 | b8db bcff | 7f00 00ff | d048 83c4 | 08e9 0c00 | 0000 48b8 | 70b8 dbbc | ff7f 0000 
  0x000001fd6f98d560: ffd0 4883 | c420 49c7 | 8710 0400 | 0000 0000 | 0049 c787 | 2004 0000 | 0000 0000 | 49c7 8718 
  0x000001fd6f98d580: 0400 0000 | 0000 00c5 | f877 4983 | 7f08 000f | 8405 0000 | 00e9 4642 | ffff 4c8b | 6dc0 4c8b 
  0x000001fd6f98d5a0: 75c8 4e8d | 74f5 00c3 | 488b 5de8 | 488b 4358 | 498d 8f30 | 0400 004c | 8d15 d500 | 0000 4d89 
  0x000001fd6f98d5c0: 9718 0400 | 00c5 f877 | 4989 af20 | 0400 0049 | 89a7 1004 | 0000 41c7 | 87ac 0400 | 0004 0000 
  0x000001fd6f98d5e0: 0049 3ba7 | a805 0000 | 7607 4989 | a7a8 0500 | 00ff d049 | 3ba7 a805 | 0000 720b | 49c7 87a8 
  0x000001fd6f98d600: 0500 0000 | 0000 00c5 | f877 4883 | ec10 c5fb | 1104 2448 | 83ec 1048 | 8904 2448 | c744 2408 
  0x000001fd6f98d620: 0000 0000 | 41c7 87ac | 0400 0005 | 0000 00f0 | 8344 24c0 | 0049 3b6f | 280f 870e | 0000 0041 
  0x000001fd6f98d640: 83bf a804 | 0000 000f | 8420 0000 | 0049 8bcf | 4c8b e448 | 83ec 2048 | 83e4 f048 | b8c0 20dd 
  0x000001fd6f98d660: bcff 7f00 | 00ff d049 | 8be4 4d33 | e441 c787 | ac04 0000 | 0800 0000 | 4d8b 97c0 | 0500 0049 
  0x000001fd6f98d680: 83fa 0074 | 3549 c787 | c005 0000 | 0000 0000 | 41ff e249 | ba60 c198 | 6ffd 0100 | 0041 ffd2 
  0x000001fd6f98d6a0: 4883 ec10 | c5fb 1104 | 2448 83ec | 1048 8904 | 2448 c744 | 2408 0000 | 0000 49c7 | 8710 0400 
  0x000001fd6f98d6c0: 0000 0000 | 0049 c787 | 2004 0000 | 0000 0000 | 49c7 8718 | 0400 0000 | 0000 00c5 | f877 4d8b 
  0x000001fd6f98d6e0: 9f90 0400 | 0041 c783 | 0001 0000 | 0000 0000 | 49bb 5aaa | 986f fd01 | 0000 4c3b | 5d18 0f85 
  0x000001fd6f98d700: 5602 0000 | 488b 0424 | 4883 c410 | 4885 c00f | 8430 0200 | 00a8 030f | 8508 0000 | 0048 8b00 
  0x000001fd6f98d720: e920 0200 | 00a8 010f | 8509 0000 | 0048 8b40 | fee9 0f02 | 0000 488b | 40ff 4180 | 7f48 000f 
  0x000001fd6f98d740: 8400 0200 | 0048 85c0 | 0f84 f701 | 0000 4d8b | 5f38 4d85 | db74 1449 | 83eb 084d | 895f 384d 
  0x000001fd6f98d760: 035f 4049 | 8903 e9da | 0100 0048 | 81ec f000 | 0000 4889 | 0424 4889 | 4c24 0848 | 8954 2410 
  0x000001fd6f98d780: 4c89 4424 | 184c 894c | 2420 4c89 | 5424 284c | 895c 2430 | c5fb 1144 | 2440 c5fb | 114c 2448 
  0x000001fd6f98d7a0: c5fb 1154 | 2450 c5fb | 115c 2458 | c5fb 1164 | 2460 c5fb | 116c 2468 | 62e1 ff08 | 1144 240e 
  0x000001fd6f98d7c0: 62e1 ff08 | 114c 240f | 62e1 ff08 | 1154 2410 | 62e1 ff08 | 115c 2411 | 62e1 ff08 | 1164 2412 
  0x000001fd6f98d7e0: 62e1 ff08 | 116c 2413 | 62e1 ff08 | 1174 2414 | 62e1 ff08 | 117c 2415 | 6261 ff08 | 1144 2416 
  0x000001fd6f98d800: 6261 ff08 | 114c 2417 | 6261 ff08 | 1154 2418 | 6261 ff08 | 115c 2419 | 6261 ff08 | 1164 241a 
  0x000001fd6f98d820: 6261 ff08 | 116c 241b | 6261 ff08 | 1174 241c | 6261 ff08 | 117c 241d | 498b d748 | 8bc8 4883 
  0x000001fd6f98d840: ec20 40f6 | c40f 0f84 | 1900 0000 | 4883 ec08 | 48b8 c0c7 | cfbc ff7f | 0000 ffd0 | 4883 c408 
  0x000001fd6f98d860: e90c 0000 | 0048 b8c0 | c7cf bcff | 7f00 00ff | d048 83c4 | 2062 61ff | 0810 7c24 | 1d62 61ff 
  0x000001fd6f98d880: 0810 7424 | 1c62 61ff | 0810 6c24 | 1b62 61ff | 0810 6424 | 1a62 61ff | 0810 5c24 | 1962 61ff 
  0x000001fd6f98d8a0: 0810 5424 | 1862 61ff | 0810 4c24 | 1762 61ff | 0810 4424 | 1662 e1ff | 0810 7c24 | 1562 e1ff 
  0x000001fd6f98d8c0: 0810 7424 | 1462 e1ff | 0810 6c24 | 1362 e1ff | 0810 6424 | 1262 e1ff | 0810 5c24 | 1162 e1ff 
  0x000001fd6f98d8e0: 0810 5424 | 1062 e1ff | 0810 4c24 | 0f62 e1ff | 0810 4424 | 0ec5 fb10 | 6c24 68c5 | fb10 6424 
  0x000001fd6f98d900: 60c5 fb10 | 5c24 58c5 | fb10 5424 | 50c5 fb10 | 4c24 48c5 | fb10 4424 | 404c 8b5c | 2430 4c8b 
  0x000001fd6f98d920: 5424 284c | 8b4c 2420 | 4c8b 4424 | 1848 8b54 | 2410 488b | 4c24 0848 | 8b04 2448 | 81c4 f000 
  0x000001fd6f98d940: 0000 c5f8 | 7748 8945 | 1048 83ec | 1048 8904 | 2448 c744 | 2408 0000 | 0000 4183 | bf30 0500 
  0x000001fd6f98d960: 0002 0f85 | bf00 0000 | 4881 ec80 | 0000 0048 | 8944 2478 | 4889 4c24 | 7048 8954 | 2468 4889 
  0x000001fd6f98d980: 5c24 6048 | 896c 2450 | 4889 7424 | 4848 897c | 2440 4c89 | 4424 384c | 894c 2430 | 4c89 5424 
  0x000001fd6f98d9a0: 284c 895c | 2420 4c89 | 6424 184c | 896c 2410 | 4c89 7424 | 084c 893c | 244c 8be4 | 4883 ec20 
  0x000001fd6f98d9c0: 4883 e4f0 | 48b8 904e | 18bd ff7f | 0000 ffd0 | 498b e44c | 8b3c 244c | 8b74 2408 | 4c8b 6c24 
  0x000001fd6f98d9e0: 104c 8b64 | 2418 4c8b | 5c24 204c | 8b54 2428 | 4c8b 4c24 | 304c 8b44 | 2438 488b | 7c24 4048 
  0x000001fd6f98da00: 8b74 2448 | 488b 6c24 | 5048 8b5c | 2460 488b | 5424 6848 | 8b4c 2470 | 488b 4424 | 7848 81c4 
  0x000001fd6f98da20: 8000 0000 | 4d33 e448 | 8b5d e84c | 8b6b 084d | 8d6d 3849 | 837f 0800 | 0f84 bb00 | 0000 e805 
  0x000001fd6f98da40: 0000 00e9 | 9600 0000 | 488d 4424 | 084c 896d | c049 8bcf | c5f8 7749 | 89af 2004 | 0000 4989 
  0x000001fd6f98da60: 8710 0400 | 0048 83ec | 2040 f6c4 | 0f0f 8419 | 0000 0048 | 83ec 0848 | b8a0 d6db | bcff 7f00 
  0x000001fd6f98da80: 00ff d048 | 83c4 08e9 | 0c00 0000 | 48b8 a0d6 | dbbc ff7f | 0000 ffd0 | 4883 c420 | 49c7 8710 
  0x000001fd6f98daa0: 0400 0000 | 0000 0049 | c787 2004 | 0000 0000 | 0000 49c7 | 8718 0400 | 0000 0000 | 00c5 f877 
  0x000001fd6f98dac0: 4983 7f08 | 000f 8405 | 0000 00e9 | 103d ffff | 4c8b 6dc0 | 4c8b 75c8 | 4e8d 74f5 | 00c3 48b9 
  0x000001fd6f98dae0: 2893 43bd | ff7f 0000 | 4883 e4f0 | 48b8 20fb | 04bd ff7f | 0000 ffd0 | f444 0fb7 | 5b2c 41f6 
  0x000001fd6f98db00: c320 0f84 | 7201 0000 | 488d 55a8 | 4c8b 5a08 | 4d85 db0f | 85bb 0000 | 00e8 0500 | 0000 e996 
  0x000001fd6f98db20: 0000 0048 | 8d44 2408 | 4c89 6dc0 | 498b cfc5 | f877 4989 | af20 0400 | 0049 8987 | 1004 0000 
  0x000001fd6f98db40: 4883 ec20 | 40f6 c40f | 0f84 1900 | 0000 4883 | ec08 48b8 | d0d5 dbbc | ff7f 0000 | ffd0 4883 
  0x000001fd6f98db60: c408 e90c | 0000 0048 | b8d0 d5db | bcff 7f00 | 00ff d048 | 83c4 2049 | c787 1004 | 0000 0000 
  0x000001fd6f98db80: 0000 49c7 | 8720 0400 | 0000 0000 | 0049 c787 | 1804 0000 | 0000 0000 | c5f8 7749 | 837f 0800 
  0x000001fd6f98dba0: 0f84 0500 | 0000 e935 | 3cff ff4c | 8b6d c04c | 8b75 c84e | 8d74 f500 | c348 b928 | 9343 bdff 
  0x000001fd6f98dbc0: 7f00 0048 | 83e4 f048 | b820 fb04 | bdff 7f00 | 00ff d0f4 | 4c89 6dc0 | 4c8b 4a08 | 48c7 4208 
  0x000001fd6f98dbe0: 0000 0000 | 458b 87c8 | 0600 004f | 3b4c 07f8 | 0f85 4200 | 0000 4183 | afc8 0600 | 0008 4f3b 
  0x000001fd6f98dc00: 4c07 f00f | 842a 0000 | 0049 8b01 | a802 0f85 | 1200 0000 | 4c8b c049 | 83c8 01f0 | 4d0f b101 
  0x000001fd6f98dc20: 0f84 0d00 | 0000 4183 | 87c8 0600 | 0008 e905 | 0000 00e9 | 3e00 0000 | 4c89 4a08 | 488b ca48 
  0x000001fd6f98dc40: 83ec 2040 | f6c4 0f0f | 8419 0000 | 0048 83ec | 0848 b800 | a8db bcff | 7f00 00ff | d048 83c4 
  0x000001fd6f98dc60: 08e9 0c00 | 0000 48b8 | 00a8 dbbc | ff7f 0000 | ffd0 4883 | c420 4c8b | 6dc0 41c6 | 877e 0300 
  0x000001fd6f98dc80: 0001 493b | 6f28 0f87 | 0500 0000 | e9ab 0000 | 0048 83ec | 10c5 fb11 | 0424 4883 | ec10 4889 
  0x000001fd6f98dca0: 0424 48c7 | 4424 0800 | 0000 00c5 | f877 4989 | af20 0400 | 0049 baab | dc98 6ffd | 0100 004d 
  0x000001fd6f98dcc0: 8997 1804 | 0000 4989 | a710 0400 | 0049 8bcf | 4883 ec20 | 40f6 c40f | 0f84 1900 | 0000 4883 
  0x000001fd6f98dce0: ec08 48b8 | 408e dbbc | ff7f 0000 | ffd0 4883 | c408 e90c | 0000 0048 | b840 8edb | bcff 7f00 
  0x000001fd6f98dd00: 00ff d048 | 83c4 2049 | c787 1004 | 0000 0000 | 0000 49c7 | 8720 0400 | 0000 0000 | 0049 c787 
  0x000001fd6f98dd20: 1804 0000 | 0000 0000 | c5f8 7748 | 8b04 2448 | 83c4 10c5 | fb10 0424 | 4883 c410 | 488b 0424 
  0x000001fd6f98dd40: 4883 c410 | c5fb 1004 | 2448 83c4 | 104c 8b5d | 1841 ffd3 | 4c8b 5df8 | c941 c687 | 7e03 0000 
  0x000001fd6f98dd60: 005f 498b | e3ff e7ba | 0000 0000 | e805 0000 | 00e9 9600 | 0000 488d | 4424 084c | 896d c049 
  0x000001fd6f98dd80: 8bcf c5f8 | 7749 89af | 2004 0000 | 4989 8710 | 0400 0048 | 83ec 2040 | f6c4 0f0f | 8419 0000 
  0x000001fd6f98dda0: 0048 83ec | 0848 b800 | 9edb bcff | 7f00 00ff | d048 83c4 | 08e9 0c00 | 0000 48b8 | 009e dbbc 
  0x000001fd6f98ddc0: ff7f 0000 | ffd0 4883 | c420 49c7 | 8710 0400 | 0000 0000 | 0049 c787 | 2004 0000 | 0000 0000 
  0x000001fd6f98dde0: 49c7 8718 | 0400 0000 | 0000 00c5 | f877 4983 | 7f08 000f | 8405 0000 | 00e9 e239 | ffff 4c8b 
  0x000001fd6f98de00: 6dc0 4c8b | 75c8 4e8d | 74f5 00c3 | 488b 5de8 | e973 f5ff | ff66 6690 
[/MachCode]

---------------  P R O C E S S  ---------------

Threads class SMR info:
_java_thread_list=0x000001fd7cc5df80, length=17, elements={
0x000001fd5d2b53f0, 0x000001fd7cb28680, 0x000001fd7cb28e30, 0x000001fd7cb2bca0,
0x000001fd7cb2ebc0, 0x000001fd7cb322f0, 0x000001fd7cb3c030, 0x000001fd7cb46340,
0x000001fd7cb53650, 0x000001fd7cc0ea10, 0x000001fd7cc0f440, 0x000001fd7d7c3e40,
0x000001fd7d7edd00, 0x000001fd7d806c70, 0x000001fd7d828650, 0x000001fd7d83a620,
0x000001fd7d83adf0
}

Java Threads: ( => current thread )
  0x000001fd5d2b53f0 JavaThread "main"                              [_thread_blocked, id=3084, stack(0x000000c2c2900000,0x000000c2c2a00000) (1024K)]
  0x000001fd7cb28680 JavaThread "Reference Handler"          daemon [_thread_blocked, id=23508, stack(0x000000c2c3200000,0x000000c2c3300000) (1024K)]
  0x000001fd7cb28e30 JavaThread "Finalizer"                  daemon [_thread_blocked, id=22620, stack(0x000000c2c3300000,0x000000c2c3400000) (1024K)]
  0x000001fd7cb2bca0 JavaThread "Signal Dispatcher"          daemon [_thread_blocked, id=9276, stack(0x000000c2c3400000,0x000000c2c3500000) (1024K)]
  0x000001fd7cb2ebc0 JavaThread "Attach Listener"            daemon [_thread_blocked, id=10688, stack(0x000000c2c3500000,0x000000c2c3600000) (1024K)]
  0x000001fd7cb322f0 JavaThread "Service Thread"             daemon [_thread_blocked, id=26652, stack(0x000000c2c3600000,0x000000c2c3700000) (1024K)]
  0x000001fd7cb3c030 JavaThread "Monitor Deflation Thread"   daemon [_thread_blocked, id=6848, stack(0x000000c2c3700000,0x000000c2c3800000) (1024K)]
  0x000001fd7cb46340 JavaThread "C2 CompilerThread0"         daemon [_thread_blocked, id=13580, stack(0x000000c2c3800000,0x000000c2c3900000) (1024K)]
  0x000001fd7cb53650 JavaThread "C1 CompilerThread0"         daemon [_thread_blocked, id=15880, stack(0x000000c2c3900000,0x000000c2c3a00000) (1024K)]
  0x000001fd7cc0ea10 JavaThread "Notification Thread"        daemon [_thread_blocked, id=18056, stack(0x000000c2c3a00000,0x000000c2c3b00000) (1024K)]
  0x000001fd7cc0f440 JavaThread "Common-Cleaner"             daemon [_thread_blocked, id=24384, stack(0x000000c2c3b00000,0x000000c2c3c00000) (1024K)]
  0x000001fd7d7c3e40 JavaThread "idle-timeout-task"          daemon [_thread_blocked, id=26172, stack(0x000000c2c3e00000,0x000000c2c3f00000) (1024K)]
  0x000001fd7d7edd00 JavaThread "HTTP-Dispatcher"                   [_thread_in_native, id=26244, stack(0x000000c2c3f00000,0x000000c2c4000000) (1024K)]
  0x000001fd7d806c70 JavaThread "Java2D Disposer"            daemon [_thread_blocked, id=13052, stack(0x000000c2c4000000,0x000000c2c4100000) (1024K)]
  0x000001fd7d828650 JavaThread "AWT-Windows"                daemon [_thread_in_native, id=9636, stack(0x000000c2c4200000,0x000000c2c4300000) (1024K)]
  0x000001fd7d83a620 JavaThread "AWT-Shutdown"                      [_thread_blocked, id=22564, stack(0x000000c2c2600000,0x000000c2c2700000) (1024K)]
=>0x000001fd7d83adf0 JavaThread "AWT-EventQueue-0"                  [_thread_in_vm, id=36296, stack(0x000000c2c4100000,0x000000c2c4200000) (1024K)]
Total: 17

Other Threads:
  0x000001fd7cb17b50 VMThread "VM Thread"                           [id=26024, stack(0x000000c2c3100000,0x000000c2c3200000) (1024K)]
  0x000001fd5f847ee0 WatcherThread "VM Periodic Task Thread"        [id=5880, stack(0x000000c2c3000000,0x000000c2c3100000) (1024K)]
  0x000001fd5f7ced90 WorkerThread "GC Thread#0"                     [id=18812, stack(0x000000c2c2a00000,0x000000c2c2b00000) (1024K)]
  0x000001fd7cfe7080 WorkerThread "GC Thread#1"                     [id=17480, stack(0x000000c2c3d00000,0x000000c2c3e00000) (1024K)]
  0x000001fd7d82ce10 WorkerThread "GC Thread#2"                     [id=7540, stack(0x000000c2c4300000,0x000000c2c4400000) (1024K)]
  0x000001fd7d82d230 WorkerThread "GC Thread#3"                     [id=23260, stack(0x000000c2c4400000,0x000000c2c4500000) (1024K)]
  0x000001fd7d82d650 WorkerThread "GC Thread#4"                     [id=14644, stack(0x000000c2c4500000,0x000000c2c4600000) (1024K)]
  0x000001fd7d82da70 WorkerThread "GC Thread#5"                     [id=6492, stack(0x000000c2c4600000,0x000000c2c4700000) (1024K)]
  0x000001fd7cecda40 WorkerThread "GC Thread#6"                     [id=19056, stack(0x000000c2c2700000,0x000000c2c2800000) (1024K)]
  0x000001fd7cecde60 WorkerThread "GC Thread#7"                     [id=22032, stack(0x000000c2c2800000,0x000000c2c2900000) (1024K)]
  0x000001fd5f7e72b0 ConcurrentGCThread "G1 Main Marker"            [id=7140, stack(0x000000c2c2b00000,0x000000c2c2c00000) (1024K)]
  0x000001fd5f7e7e30 WorkerThread "G1 Conc#0"                       [id=23432, stack(0x000000c2c2c00000,0x000000c2c2d00000) (1024K)]
  0x000001fd7d8386c0 WorkerThread "G1 Conc#1"                       [id=9048, stack(0x000000c2c4700000,0x000000c2c4800000) (1024K)]
  0x000001fd5f82ea80 WorkerThread "G1 Refinement Workers#0"         [id=21096, stack(0x000000c2c2e00000,0x000000c2c2f00000) (1024K)]
  0x000001fd5f82a1e0 ConcurrentGCThread "G1 Refine Control"         [id=23648, stack(0x000000c2c2d00000,0x000000c2c2e00000) (1024K)]
  0x000001fd5f82f2a0 ConcurrentGCThread "G1 Service"                [id=19508, stack(0x000000c2c2f00000,0x000000c2c3000000) (1024K)]
Total: 16

Threads with active compile tasks:
Total: 0

VM state: not at safepoint (normal execution)

VM Mutex/Monitor currently owned by a thread:  ([mutex/lock_event])
[0x00007fffbd70fc08] Metaspace_lock - owner thread: 0x000001fd7d83adf0

Heap address: 0x0000000083e00000, size: 1986 MB, Compressed Oops mode: 32-bit

CDS archive(s) mapped at: [0x0000000028000000-0x0000000028de0000-0x0000000028de0000), size 14548992, SharedBaseAddress: 0x0000000028000000, ArchiveRelocationMode: 1.
Compressed class space mapped at: 0x0000000029000000-0x0000000069000000, reserved size: 1073741824
UseCompressedClassPointers 1, UseCompactObjectHeaders 0
Narrow klass pointer bits 32, Max shift 3
Narrow klass base: 0x0000000028000000, Narrow klass shift: 0
Encoding Range: [0x0000000028000000 - 0x0000000128000000), (4294967296 bytes)
Klass Range:    [0x0000000028000000 - 0x0000000069000000), (1090519040 bytes)
Klass ID Range:  [8 - 1090519033) (1090519025)
Protection zone: [0x0000000028000000 - 0x0000000028010000), (65536 bytes)

GC Precious Log:
 CardTable entry size: 512
 Card Set container configuration: InlinePtr #cards 5 size 8 Array Of Cards #cards 10 size 36 Howl #buckets 4 coarsen threshold 1843 Howl Bitmap #cards 512 size 80 coarsen threshold 460 Card regions per heap region 1 cards per card region 2048
 CPUs: 8 total, 8 available
 Memory: 7941M
 Large Page Support: Disabled
 NUMA Support: Disabled
 Compressed Oops: Enabled (32-bit)
 Heap Region Size: 1M
 Heap Min Capacity: 8M
 Heap Initial Capacity: 8M
 Heap Max Capacity: 1986M
 Pre-touch: Disabled
 Parallel Workers: 8
 Concurrent Workers: 2
 Concurrent Refinement Workers: 8
 Periodic GC: Disabled

Heap:
 garbage-first heap   total reserved 2033664K, committed 30720K, used 5449K [0x0000000083e00000, 0x0000000100000000)
  region size 1M, 1 eden (1M), 1 survivor (1M), 6 old (6M), 0 humongous (0M), 22 free (22M)

Heap Regions: E=young(eden), S=young(survivor), O=old, HS=humongous(starts), HC=humongous(continues), CS=collection set, F=free, TAMS=top-at-mark-start, PB=parsable bottom
|    0|0x0000000083e00000, 0x0000000083f00000, 0x0000000083f00000|100%| O|  |TAMS 0x0000000083e00000| PB 0x0000000083e00000| Untracked |  0
|    1|0x0000000083f00000, 0x0000000084000000, 0x0000000084000000|100%| O|  |TAMS 0x0000000083f00000| PB 0x0000000083f00000| Untracked |  0
|    2|0x0000000084000000, 0x0000000084100000, 0x0000000084100000|100%| O|  |TAMS 0x0000000084000000| PB 0x0000000084000000| Untracked |  0
|    3|0x0000000084100000, 0x0000000084200000, 0x0000000084200000|100%| O|  |TAMS 0x0000000084100000| PB 0x0000000084100000| Untracked |  0
|    4|0x0000000084200000, 0x00000000842411b0, 0x0000000084300000| 25%| O|  |TAMS 0x0000000084200000| PB 0x0000000084200000| Untracked |  0
|    5|0x0000000084300000, 0x0000000084300000, 0x0000000084400000|  0%| F|  |TAMS 0x0000000084300000| PB 0x0000000084300000| Untracked |  0
|    6|0x0000000084400000, 0x0000000084400000, 0x0000000084500000|  0%| F|  |TAMS 0x0000000084400000| PB 0x0000000084400000| Untracked |  0
|    7|0x0000000084500000, 0x0000000084500000, 0x0000000084600000|  0%| F|  |TAMS 0x0000000084500000| PB 0x0000000084500000| Untracked |  0
|    8|0x0000000084600000, 0x0000000084600000, 0x0000000084700000|  0%| F|  |TAMS 0x0000000084600000| PB 0x0000000084600000| Untracked |  0
|    9|0x0000000084700000, 0x0000000084700000, 0x0000000084800000|  0%| F|  |TAMS 0x0000000084700000| PB 0x0000000084700000| Untracked |  0
|   10|0x0000000084800000, 0x0000000084800000, 0x0000000084900000|  0%| F|  |TAMS 0x0000000084800000| PB 0x0000000084800000| Untracked |  0
|   11|0x0000000084900000, 0x0000000084900000, 0x0000000084a00000|  0%| F|  |TAMS 0x0000000084900000| PB 0x0000000084900000| Untracked |  0
|   12|0x0000000084a00000, 0x0000000084a00000, 0x0000000084b00000|  0%| F|  |TAMS 0x0000000084a00000| PB 0x0000000084a00000| Untracked |  0
|   13|0x0000000084b00000, 0x0000000084b00000, 0x0000000084c00000|  0%| F|  |TAMS 0x0000000084b00000| PB 0x0000000084b00000| Untracked |  0
|   14|0x0000000084c00000, 0x0000000084c00000, 0x0000000084d00000|  0%| F|  |TAMS 0x0000000084c00000| PB 0x0000000084c00000| Untracked |  0
|   15|0x0000000084d00000, 0x0000000084d00000, 0x0000000084e00000|  0%| F|  |TAMS 0x0000000084d00000| PB 0x0000000084d00000| Untracked |  0
|   16|0x0000000084e00000, 0x0000000084e00000, 0x0000000084f00000|  0%| F|  |TAMS 0x0000000084e00000| PB 0x0000000084e00000| Untracked |  0
|   17|0x0000000084f00000, 0x0000000084f00000, 0x0000000085000000|  0%| F|  |TAMS 0x0000000084f00000| PB 0x0000000084f00000| Untracked |  0
|   18|0x0000000085000000, 0x0000000085000000, 0x0000000085100000|  0%| F|  |TAMS 0x0000000085000000| PB 0x0000000085000000| Untracked |  0
|   19|0x0000000085100000, 0x0000000085100000, 0x0000000085200000|  0%| F|  |TAMS 0x0000000085100000| PB 0x0000000085100000| Untracked |  0
|   20|0x0000000085200000, 0x0000000085200000, 0x0000000085300000|  0%| F|  |TAMS 0x0000000085200000| PB 0x0000000085200000| Untracked |  0
|   21|0x0000000085300000, 0x0000000085300000, 0x0000000085400000|  0%| F|  |TAMS 0x0000000085300000| PB 0x0000000085300000| Untracked |  0
|   22|0x0000000085400000, 0x0000000085400000, 0x0000000085500000|  0%| F|  |TAMS 0x0000000085400000| PB 0x0000000085400000| Untracked |  0
|   23|0x0000000085500000, 0x0000000085500000, 0x0000000085600000|  0%| F|  |TAMS 0x0000000085500000| PB 0x0000000085500000| Untracked |  0
|   24|0x0000000085600000, 0x0000000085600000, 0x0000000085700000|  0%| F|  |TAMS 0x0000000085600000| PB 0x0000000085600000| Untracked |  0
|   25|0x0000000085700000, 0x0000000085700000, 0x0000000085800000|  0%| F|  |TAMS 0x0000000085700000| PB 0x0000000085700000| Untracked |  0
|   26|0x0000000085800000, 0x0000000085800000, 0x0000000085900000|  0%| F|  |TAMS 0x0000000085800000| PB 0x0000000085800000| Untracked |  0
|   27|0x0000000085900000, 0x0000000085911430, 0x0000000085a00000|  6%| S|CS|TAMS 0x0000000085900000| PB 0x0000000085900000| Complete  |  0
| 1984|0x00000000ffe00000, 0x00000000fff00000, 0x00000000fff00000|100%| O|  |TAMS 0x00000000ffe00000| PB 0x00000000ffe00000| Untracked |  0
| 1985|0x00000000fff00000, 0x00000000fff91a20, 0x0000000100000000| 56%| E|CS|TAMS 0x00000000fff00000| PB 0x00000000fff00000| Complete  |  0

Card table byte_map: [0x000001fd77a70000,0x000001fd77e60000] _byte_map_base: 0x000001fd77651000
Refinement table byte_map: [0x000001fd77e60000,0x000001fd78250000] _byte_map_base: 0x000001fd77a41000

Marking Bits: (CMBitMap*) 0x000001fd5f7cf510
 Bits: [0x000001fd78250000, 0x000001fd7a158000)

Polling page: 0x000001fd5d4e0000

Metaspace:
Metaspace        used 6754K, committed 6912K, reserved 1114112K
 class space     used 683K, committed 768K, reserved 1048576K

Usage:
  Non-class:      5.93 MB used.
      Class:    683.38 KB used.
       Both:      6.60 MB used.

Virtual space:
  Non-class space:       64.00 MB reserved,       6.00 MB (  9%) committed,  1 nodes.
      Class space:        1.00 GB reserved,     768.00 KB ( <1%) committed,  1 nodes.
             Both:        1.06 GB reserved,       6.75 MB ( <1%) committed. 

Chunk freelists:
   Non-Class:  9.89 MB
       Class:  15.20 MB
        Both:  25.09 MB

MaxMetaspaceSize: unlimited
CompressedClassSpaceSize: 1.00 GB
Initial GC threshold: 21.00 MB
Current GC threshold: 21.00 MB
CDS: on
 - commit_granule_bytes: 65536.
 - commit_granule_words: 8192.
 - virtual_space_node_default_size: 8388608.
 - enlarge_chunks_in_place: 1.
UseCompressedClassPointers 1, UseCompactObjectHeaders 0
Narrow klass pointer bits 32, Max shift 3
Narrow klass base: 0x0000000028000000, Narrow klass shift: 0
Encoding Range: [0x0000000028000000 - 0x0000000128000000), (4294967296 bytes)
Klass Range:    [0x0000000028000000 - 0x0000000069000000), (1090519040 bytes)
Klass ID Range:  [8 - 1090519033) (1090519025)
Protection zone: [0x0000000028000000 - 0x0000000028010000), (65536 bytes)


Internal statistics:

num_allocs_failed_limit: 0.
num_arena_births: 102.
num_arena_deaths: 0.
num_vsnodes_births: 2.
num_vsnodes_deaths: 0.
num_space_committed: 108.
num_space_uncommitted: 0.
num_chunks_returned_to_freelist: 0.
num_chunks_taken_from_freelist: 190.
num_chunk_merges: 0.
num_chunk_splits: 119.
num_chunks_enlarged: 71.
num_inconsistent_stats: 0.

CodeHeap 'non-profiled nmethods': size=120064Kb used=380Kb max_used=380Kb free=119683Kb
 bounds [0x000001fd6ff20000, 0x000001fd70190000, 0x000001fd77460000]
CodeHeap 'profiled nmethods': size=120064Kb used=1655Kb max_used=1655Kb free=118408Kb
 bounds [0x000001fd68440000, 0x000001fd686b0000, 0x000001fd6f980000]
CodeHeap 'non-nmethods': size=5760Kb used=1558Kb max_used=1578Kb free=4201Kb
 bounds [0x000001fd6f980000, 0x000001fd6fbf0000, 0x000001fd6ff20000]
CodeCache: size=245888Kb, used=3593Kb, max_used=3613Kb, free=242292Kb
 total_blobs=1876, nmethods=1324, adapters=457, full_count=0
Compilation: enabled, stopped_count=0, restarted_count=0

Compilation events (20 events):
Event: 15053.977 Thread 0x000001fd7cb46340 1310       4       java.util.HashMap$HashIterator::hasNext (13 bytes)
Event: 15053.995 Thread 0x000001fd7cb46340 nmethod 1310 0x000001fd6ff7db88 code [0x000001fd6ff7dc80, 0x000001fd6ff7dcf0]
Event: 17405.731 Thread 0x000001fd7cb53650 1311       3       java.lang.invoke.MethodHandles$Lookup::isArrayClone (50 bytes)
Event: 17405.986 Thread 0x000001fd7cb53650 nmethod 1311 0x000001fd685d9188 code [0x000001fd685d9280, 0x000001fd685d9c18]
Event: 17408.994 Thread 0x000001fd7cb53650 1313       3       java.lang.invoke.LambdaForm$MH/0x0000000029044800::invoke (25 bytes)
Event: 17409.038 Thread 0x000001fd7cb53650 nmethod 1313 0x000001fd685d9c88 code [0x000001fd685d9d80, 0x000001fd685da2b8]
Event: 17411.875 Thread 0x000001fd7cb53650 1314       1       java.lang.invoke.InfoFromMemberName::getReferenceKind (5 bytes)
Event: 17412.219 Thread 0x000001fd7cb53650 nmethod 1314 0x000001fd6ff7de88 code [0x000001fd6ff7df80, 0x000001fd6ff7e038]
Event: 17414.577 Thread 0x000001fd7cb53650 1318       3       jdk.internal.classfile.impl.SplitConstantPool::writeTo (95 bytes)
Event: 17414.595 Thread 0x000001fd7cb53650 nmethod 1318 0x000001fd685da308 code [0x000001fd685da400, 0x000001fd685db058]
Event: 17414.596 Thread 0x000001fd7cb53650 1319       3       java.lang.invoke.InvokerBytecodeGenerator::emitImplicitConversion (166 bytes)
Event: 17414.602 Thread 0x000001fd7cb53650 nmethod 1319 0x000001fd685db088 code [0x000001fd685db180, 0x000001fd685dc620]
Event: 17414.615 Thread 0x000001fd7cb53650 1321       3       java.lang.invoke.DirectMethodHandle::preparedLambdaForm (31 bytes)
Event: 17414.643 Thread 0x000001fd7cb53650 nmethod 1321 0x000001fd685dc688 code [0x000001fd685dc780, 0x000001fd685dcde0]
Event: 17414.643 Thread 0x000001fd7cb53650 1325       3       jdk.internal.misc.Unsafe::putLongUnaligned (157 bytes)
Event: 17414.644 Thread 0x000001fd7cb53650 nmethod 1325 0x000001fd685dce08 code [0x000001fd685dcf00, 0x000001fd685dd460]
Event: 17414.644 Thread 0x000001fd7cb53650 1322       3       java.lang.invoke.MemberName::<init> (50 bytes)
Event: 17414.645 Thread 0x000001fd7cb53650 nmethod 1322 0x000001fd685dd488 code [0x000001fd685dd580, 0x000001fd685dd980]
Event: 17414.645 Thread 0x000001fd7cb53650 1323       3       java.lang.invoke.LambdaForm$BasicType::basicTypeSlots (8 bytes)
Event: 17414.645 Thread 0x000001fd7cb53650 nmethod 1323 0x000001fd685dd988 code [0x000001fd685dda80, 0x000001fd685ddc60]

GC Heap Usage History (12 events):
Event: 0.273 {heap Before GC invocations=0 (full 0):
 garbage-first heap   total reserved 2033664K, committed 10240K, used 4259K [0x0000000083e00000, 0x0000000100000000)
  region size 1M, 4 eden (4M), 0 survivor (0M), 2 old (2M), 0 humongous (0M), 4 free (4M)
}
Event: 0.276 {heap After GC invocations=1 (full 0):
 garbage-first heap   total reserved 2033664K, committed 10240K, used 2834K [0x0000000083e00000, 0x0000000100000000)
  region size 1M, 0 eden (0M), 1 survivor (1M), 3 old (3M), 0 humongous (0M), 6 free (6M)
}
Event: 0.440 {heap Before GC invocations=1 (full 0):
 garbage-first heap   total reserved 2033664K, committed 10240K, used 4882K [0x0000000083e00000, 0x0000000100000000)
  region size 1M, 2 eden (2M), 1 survivor (1M), 3 old (3M), 0 humongous (0M), 4 free (4M)
}
Event: 0.442 {heap After GC invocations=2 (full 0):
 garbage-first heap   total reserved 2033664K, committed 10240K, used 3373K [0x0000000083e00000, 0x0000000100000000)
  region size 1M, 0 eden (0M), 1 survivor (1M), 4 old (4M), 0 humongous (0M), 5 free (5M)
}
Event: 0.591 {heap Before GC invocations=2 (full 0):
 garbage-first heap   total reserved 2033664K, committed 10240K, used 5421K [0x0000000083e00000, 0x0000000100000000)
  region size 1M, 2 eden (2M), 1 survivor (1M), 4 old (4M), 0 humongous (0M), 3 free (3M)
}
Event: 0.593 {heap After GC invocations=3 (full 0):
 garbage-first heap   total reserved 2033664K, committed 10240K, used 3959K [0x0000000083e00000, 0x0000000100000000)
  region size 1M, 0 eden (0M), 1 survivor (1M), 4 old (4M), 0 humongous (0M), 5 free (5M)
}
Event: 2.006 {heap Before GC invocations=4 (full 0):
 garbage-first heap   total reserved 2033664K, committed 10240K, used 6007K [0x0000000083e00000, 0x0000000100000000)
  region size 1M, 2 eden (2M), 1 survivor (1M), 4 old (4M), 0 humongous (0M), 3 free (3M)
}
Event: 2.009 {heap After GC invocations=5 (full 0):
 garbage-first heap   total reserved 2033664K, committed 30720K, used 4594K [0x0000000083e00000, 0x0000000100000000)
  region size 1M, 0 eden (0M), 1 survivor (1M), 5 old (5M), 0 humongous (0M), 24 free (24M)
}
Event: 420.630 {heap Before GC invocations=5 (full 0):
 garbage-first heap   total reserved 2033664K, committed 30720K, used 7666K [0x0000000083e00000, 0x0000000100000000)
  region size 1M, 3 eden (3M), 1 survivor (1M), 5 old (5M), 0 humongous (0M), 21 free (21M)
}
Event: 420.639 {heap After GC invocations=6 (full 0):
 garbage-first heap   total reserved 2033664K, committed 30720K, used 5323K [0x0000000083e00000, 0x0000000100000000)
  region size 1M, 0 eden (0M), 1 survivor (1M), 5 old (5M), 0 humongous (0M), 24 free (24M)
}
Event: 14120.402 {heap Before GC invocations=6 (full 0):
 garbage-first heap   total reserved 2033664K, committed 30720K, used 6347K [0x0000000083e00000, 0x0000000100000000)
  region size 1M, 1 eden (1M), 1 survivor (1M), 5 old (5M), 0 humongous (0M), 23 free (23M)
}
Event: 14120.446 {heap After GC invocations=7 (full 0):
 garbage-first heap   total reserved 2033664K, committed 30720K, used 5449K [0x0000000083e00000, 0x0000000100000000)
  region size 1M, 0 eden (0M), 1 survivor (1M), 6 old (6M), 0 humongous (0M), 23 free (23M)
}

Metaspace Usage History (12 events):
Event: 0.273 {metaspace Before GC invocations=0 (full 0):
 Metaspace       used 1409K, committed 1536K, reserved 1114112K
  class space    used 127K, committed 192K, reserved 1048576K
}
Event: 0.276 {metaspace After GC invocations=1 (full 0):
 Metaspace       used 1409K, committed 1536K, reserved 1114112K
  class space    used 127K, committed 192K, reserved 1048576K
}
Event: 0.440 {metaspace Before GC invocations=1 (full 0):
 Metaspace       used 2791K, committed 2944K, reserved 1114112K
  class space    used 289K, committed 384K, reserved 1048576K
}
Event: 0.442 {metaspace After GC invocations=2 (full 0):
 Metaspace       used 2791K, committed 2944K, reserved 1114112K
  class space    used 289K, committed 384K, reserved 1048576K
}
Event: 0.591 {metaspace Before GC invocations=2 (full 0):
 Metaspace       used 4924K, committed 5184K, reserved 1114112K
  class space    used 513K, committed 640K, reserved 1048576K
}
Event: 0.593 {metaspace After GC invocations=3 (full 0):
 Metaspace       used 4924K, committed 5184K, reserved 1114112K
  class space    used 513K, committed 640K, reserved 1048576K
}
Event: 2.006 {metaspace Before GC invocations=4 (full 0):
 Metaspace       used 5702K, committed 5952K, reserved 1114112K
  class space    used 600K, committed 704K, reserved 1048576K
}
Event: 2.009 {metaspace After GC invocations=5 (full 0):
 Metaspace       used 5702K, committed 5952K, reserved 1114112K
  class space    used 600K, committed 704K, reserved 1048576K
}
Event: 420.631 {metaspace Before GC invocations=5 (full 0):
 Metaspace       used 6285K, committed 6464K, reserved 1114112K
  class space    used 635K, committed 704K, reserved 1048576K
}
Event: 420.639 {metaspace After GC invocations=6 (full 0):
 Metaspace       used 6285K, committed 6464K, reserved 1114112K
  class space    used 635K, committed 704K, reserved 1048576K
}
Event: 14120.403 {metaspace Before GC invocations=6 (full 0):
 Metaspace       used 6304K, committed 6464K, reserved 1114112K
  class space    used 637K, committed 704K, reserved 1048576K
}
Event: 14120.447 {metaspace After GC invocations=7 (full 0):
 Metaspace       used 6304K, committed 6464K, reserved 1114112K
  class space    used 637K, committed 704K, reserved 1048576K
}

Dll operation events (16 events):
Event: 0.009 Attempting to load shared library C:\Program Files\Java\jdk-26.0.2\bin\java.dll
Event: 0.011 Loaded shared library C:\Program Files\Java\jdk-26.0.2\bin\java.dll
Event: 0.049 Attempting to load shared library C:\Program Files\Java\jdk-26.0.2\bin\net.dll
Event: 0.050 Loaded shared library C:\Program Files\Java\jdk-26.0.2\bin\net.dll
Event: 0.051 Attempting to load shared library C:\Program Files\Java\jdk-26.0.2\bin\nio.dll
Event: 0.052 Loaded shared library C:\Program Files\Java\jdk-26.0.2\bin\nio.dll
Event: 0.055 Attempting to load shared library C:\Program Files\Java\jdk-26.0.2\bin\zip.dll
Event: 0.056 Loaded shared library C:\Program Files\Java\jdk-26.0.2\bin\zip.dll
Event: 0.150 Attempting to load shared library C:\Program Files\Java\jdk-26.0.2\bin\jimage.dll
Event: 0.150 Loaded shared library C:\Program Files\Java\jdk-26.0.2\bin\jimage.dll
Event: 0.424 Attempting to load shared library C:\Program Files\Java\jdk-26.0.2\bin\extnet.dll
Event: 0.425 Loaded shared library C:\Program Files\Java\jdk-26.0.2\bin\extnet.dll
Event: 0.468 Attempting to load shared library C:\Program Files\Java\jdk-26.0.2\bin\sunmscapi.dll
Event: 0.471 Loaded shared library C:\Program Files\Java\jdk-26.0.2\bin\sunmscapi.dll
Event: 0.527 Attempting to load shared library C:\Program Files\Java\jdk-26.0.2\bin\awt.dll
Event: 0.531 Loaded shared library C:\Program Files\Java\jdk-26.0.2\bin\awt.dll

Deoptimization events (14 events):
Event: 0.155 Thread 0x000001fd5d2b53f0 DEOPT PACKING pc=0x000001fd6845d045 sp=0x000000c2c29fe230
Event: 0.155 Thread 0x000001fd5d2b53f0 DEOPT UNPACKING pc=0x000001fd6f9d15a2 sp=0x000000c2c29fd678 mode 0
Event: 0.235 Thread 0x000001fd5d2b53f0 Uncommon trap: trap_request=0xffffff45 fr.pc=0x000001fd6ff27378 relative=0x0000000000000078
Event: 0.235 Thread 0x000001fd5d2b53f0 Uncommon trap: reason=unstable_if action=reinterpret pc=0x000001fd6ff27378 method=jdk.internal.misc.Unsafe.convEndian(ZS)S @ 4 c2
Event: 0.235 Thread 0x000001fd5d2b53f0 DEOPT PACKING pc=0x000001fd6ff27378 sp=0x000000c2c29fea40
Event: 0.235 Thread 0x000001fd5d2b53f0 DEOPT UNPACKING pc=0x000001fd6fab1882 sp=0x000000c2c29fe970 mode 2
Event: 0.289 Thread 0x000001fd5d2b53f0 Uncommon trap: trap_request=0xffffff45 fr.pc=0x000001fd6ff27074 relative=0x0000000000000074
Event: 0.289 Thread 0x000001fd5d2b53f0 Uncommon trap: reason=unstable_if action=reinterpret pc=0x000001fd6ff27074 method=jdk.internal.misc.Unsafe.convEndian(ZI)I @ 4 c2
Event: 0.289 Thread 0x000001fd5d2b53f0 DEOPT PACKING pc=0x000001fd6ff27074 sp=0x000000c2c29fe3a0
Event: 0.289 Thread 0x000001fd5d2b53f0 DEOPT UNPACKING pc=0x000001fd6fab1882 sp=0x000000c2c29fe2d0 mode 2
Event: 2.014 Thread 0x000001fd7d7edd00 Uncommon trap: trap_request=0xffffff45 fr.pc=0x000001fd6ff64c2c relative=0x000000000000012c
Event: 2.014 Thread 0x000001fd7d7edd00 Uncommon trap: reason=unstable_if action=reinterpret pc=0x000001fd6ff64c2c method=java.util.regex.Pattern$BmpCharPropertyGreedy.match(Ljava/util/regex/Matcher;ILjava/lang/CharSequence;)Z @ 12 c2
Event: 2.014 Thread 0x000001fd7d7edd00 DEOPT PACKING pc=0x000001fd6ff64c2c sp=0x000000c2c3ffde70
Event: 2.014 Thread 0x000001fd7d7edd00 DEOPT UNPACKING pc=0x000001fd6fab1882 sp=0x000000c2c3ffde08 mode 2

Classes loaded (20 events):
Event: 17414.680 Loading class sun/java2d/d3d/D3DContext$D3DContextCaps
Event: 17414.696 Loading class sun/java2d/pipe/hw/ContextCapabilities
Event: 17414.707 Loading class sun/java2d/pipe/hw/ContextCapabilities done
Event: 17414.708 Loading class sun/java2d/d3d/D3DContext$D3DContextCaps done
Event: 17414.708 Loading class sun/awt/image/SurfaceManager$ProxyCache
Event: 17414.708 Loading class sun/awt/image/SurfaceManager$ProxyCache done
Event: 17414.983 Loading class sun/awt/Win32GraphicsConfig
Event: 17415.007 Loading class sun/awt/image/SurfaceManager$ProxiedGraphicsConfig
Event: 17415.007 Loading class sun/awt/image/SurfaceManager$ProxiedGraphicsConfig done
Event: 17415.009 Loading class java/awt/GraphicsConfiguration
Event: 17415.009 Loading class java/awt/GraphicsConfiguration done
Event: 17415.009 Loading class sun/awt/Win32GraphicsConfig done
Event: 17415.035 Loading class java/awt/Rectangle
Event: 17415.054 Loading class java/awt/Shape
Event: 17415.054 Loading class java/awt/Shape done
Event: 17415.054 Loading class java/awt/geom/Rectangle2D
Event: 17415.066 Loading class java/awt/geom/RectangularShape
Event: 17415.075 Loading class java/awt/geom/RectangularShape done
Event: 17415.075 Loading class java/awt/geom/Rectangle2D done
Event: 17415.075 Loading class java/awt/Rectangle done

Classes unloaded (0 events):
No events

Classes redefined (0 events):
No events

Internal exceptions (20 events):
Event: 0.502 Thread 0x000001fd5d2b53f0 Exception <a 'java/lang/NoSuchMethodError'{0x00000000844511d0}: 'java.lang.Object java.lang.invoke.DirectMethodHandle$Holder.invokeStaticInit(java.lang.Object, java.lang.Object, int, int, int, int)'> (0x00000000844511d0) 
thrown [s\open\src\hotspot\share\interpreter\linkResolver.cpp, line 804]
Event: 0.518 Thread 0x000001fd5d2b53f0 Exception <a 'java/lang/NoSuchMethodError'{0x000000008447ba90}: 'void java.lang.invoke.DirectMethodHandle$Holder.invokeStatic(java.lang.Object, java.lang.Object, java.lang.Object)'> (0x000000008447ba90) 
thrown [s\open\src\hotspot\share\interpreter\linkResolver.cpp, line 804]
Event: 0.525 Thread 0x000001fd5d2b53f0 Exception <a 'java/lang/ClassNotFoundException'{0x00000000844967f0}: sun/awt/resources/spi/awtProvider> (0x00000000844967f0) 
thrown [s\open\src\hotspot\share\classfile\systemDictionary.cpp, line 330]
Event: 0.532 Thread 0x000001fd5d2b53f0 Exception <a 'java/io/FileNotFoundException'{0x00000000844aa8f8}> (0x00000000844aa8f8) 
thrown [s\open\src\hotspot\share\prims\jni.cpp, line 514]
Event: 0.535 Thread 0x000001fd5d2b53f0 Exception <a 'java/io/FileNotFoundException'{0x00000000844bd2b8}> (0x00000000844bd2b8) 
thrown [s\open\src\hotspot\share\prims\jni.cpp, line 514]
Event: 0.646 Thread 0x000001fd5d2b53f0 Exception <a 'java/lang/NoSuchMethodError'{0x000000008450e060}: 'void java.lang.invoke.DirectMethodHandle$Holder.invokeStatic(java.lang.Object, long)'> (0x000000008450e060) 
thrown [s\open\src\hotspot\share\interpreter\linkResolver.cpp, line 804]
Event: 0.648 Thread 0x000001fd5d2b53f0 Exception <a 'java/lang/NoSuchMethodError'{0x000000008451cdf8}: 'java.lang.Object java.lang.invoke.DirectMethodHandle$Holder.newInvokeSpecial(java.lang.Object, long)'> (0x000000008451cdf8) 
thrown [s\open\src\hotspot\share\interpreter\linkResolver.cpp, line 804]
Event: 0.651 Thread 0x000001fd5d2b53f0 Exception <a 'java/lang/NoSuchMethodError'{0x0000000084526b28}: 'java.lang.Object java.lang.invoke.DirectMethodHandle$Holder.invokeStatic(java.lang.Object, long, java.lang.Object)'> (0x0000000084526b28) 
thrown [s\open\src\hotspot\share\interpreter\linkResolver.cpp, line 804]
Event: 0.652 Thread 0x000001fd5d2b53f0 Exception <a 'java/lang/NoSuchMethodError'{0x000000008452e9c8}: 'java.lang.Object java.lang.invoke.DirectMethodHandle$Holder.invokeStaticInit(java.lang.Object, long, java.lang.Object)'> (0x000000008452e9c8) 
thrown [s\open\src\hotspot\share\interpreter\linkResolver.cpp, line 804]
Event: 1.950 Thread 0x000001fd7d7edd00 Exception <a 'java/lang/NoSuchMethodError'{0x000000008458e070}: 'java.lang.Object java.lang.invoke.DirectMethodHandle$Holder.invokeInterface(java.lang.Object, java.lang.Object)'> (0x000000008458e070) 
thrown [s\open\src\hotspot\share\interpreter\linkResolver.cpp, line 804]
Event: 1.955 Thread 0x000001fd7d7edd00 Exception <a 'java/lang/NoSuchMethodError'{0x00000000845cabb8}: 'java.lang.Object java.lang.invoke.DirectMethodHandle$Holder.invokeSpecialIFC(java.lang.Object, java.lang.Object, java.lang.Object, java.lang.Object)'> (0x00000000845cabb8) 
thrown [s\open\src\hotspot\share\interpreter\linkResolver.cpp, line 804]
Event: 1.957 Thread 0x000001fd7d7edd00 Exception <a 'java/lang/NoSuchMethodError'{0x00000000845dbc08}: 'java.lang.Object java.lang.invoke.DirectMethodHandle$Holder.invokeVirtual(java.lang.Object, java.lang.Object, java.lang.Object, java.lang.Object)'> (0x00000000845dbc08) 
thrown [s\open\src\hotspot\share\interpreter\linkResolver.cpp, line 804]
Event: 1.958 Thread 0x000001fd7d7edd00 Exception <a 'java/lang/NoSuchMethodError'{0x00000000845ec700}: 'void java.lang.invoke.DirectMethodHandle$Holder.invokeStatic(java.lang.Object, java.lang.Object, java.lang.Object, java.lang.Object)'> (0x00000000845ec700) 
thrown [s\open\src\hotspot\share\interpreter\linkResolver.cpp, line 804]
Event: 2.129 Thread 0x000001fd7d7edd00 Exception <a 'java/lang/NoSuchMethodError'{0x0000000085856078}: 'java.lang.Object java.lang.invoke.DirectMethodHandle$Holder.newInvokeSpecial(java.lang.Object, java.lang.Object, java.lang.Object, int)'> (0x0000000085856078) 
thrown [s\open\src\hotspot\share\interpreter\linkResolver.cpp, line 804]
Event: 2.132 Thread 0x000001fd7d7edd00 Exception <a 'java/lang/NoSuchMethodError'{0x000000008585ef38}: 'java.lang.Object java.lang.invoke.Invokers$Holder.linkToTargetMethod(java.lang.Object, java.lang.Object, int, java.lang.Object)'> (0x000000008585ef38) 
thrown [s\open\src\hotspot\share\interpreter\linkResolver.cpp, line 804]
Event: 2.164 Thread 0x000001fd7d7edd00 Exception <a 'java/lang/IncompatibleClassChangeError'{0x00000000858a9488}: Found class java.lang.Object, but interface was expected> (0x00000000858a9488) 
thrown [s\open\src\hotspot\share\interpreter\linkResolver.cpp, line 871]
Event: 17414.552 Thread 0x000001fd7d83adf0 Exception <a 'java/lang/NoSuchMethodError'{0x00000000fff6d900}: 'long java.lang.invoke.DirectMethodHandle$Holder.invokeStatic(java.lang.Object, java.lang.Object)'> (0x00000000fff6d900) 
thrown [s\open\src\hotspot\share\interpreter\linkResolver.cpp, line 804]
Event: 17414.573 Thread 0x000001fd7d83adf0 Exception <a 'java/lang/NoSuchMethodError'{0x00000000fff75df0}: 'long java.lang.invoke.DirectMethodHandle$Holder.invokeStaticInit(java.lang.Object, java.lang.Object)'> (0x00000000fff75df0) 
thrown [s\open\src\hotspot\share\interpreter\linkResolver.cpp, line 804]
Event: 17414.614 Thread 0x000001fd7d83adf0 Exception <a 'java/lang/NoSuchMethodError'{0x00000000fff7e930}: 'java.lang.Object java.lang.invoke.DirectMethodHandle$Holder.invokeStatic(java.lang.Object, long)'> (0x00000000fff7e930) 
thrown [s\open\src\hotspot\share\interpreter\linkResolver.cpp, line 804]
Event: 17414.615 Thread 0x000001fd7d83adf0 Exception <a 'java/lang/NoSuchMethodError'{0x00000000fff86e18}: 'java.lang.Object java.lang.invoke.DirectMethodHandle$Holder.invokeStaticInit(java.lang.Object, long)'> (0x00000000fff86e18) 
thrown [s\open\src\hotspot\share\interpreter\linkResolver.cpp, line 804]

VM Operations (20 events):
Event: 15519.268 Executing non-safepoint VM operation: HandshakeAllThreads (DeflationHandshakeClosure)
Event: 15519.268 Executing non-safepoint VM operation: HandshakeAllThreads (DeflationHandshakeClosure) done
Event: 15519.268 Executing non-safepoint VM operation: RendezvousGCThreads
Event: 15519.268 Executing non-safepoint VM operation: RendezvousGCThreads done
Event: 16360.946 Executing non-safepoint VM operation: HandshakeAllThreads (DeflationHandshakeClosure)
Event: 16360.947 Executing non-safepoint VM operation: HandshakeAllThreads (DeflationHandshakeClosure) done
Event: 16360.947 Executing non-safepoint VM operation: RendezvousGCThreads
Event: 16360.947 Executing non-safepoint VM operation: RendezvousGCThreads done
Event: 16481.202 Executing non-safepoint VM operation: HandshakeAllThreads (DeflationHandshakeClosure)
Event: 16481.203 Executing non-safepoint VM operation: HandshakeAllThreads (DeflationHandshakeClosure) done
Event: 16481.204 Executing non-safepoint VM operation: RendezvousGCThreads
Event: 16481.204 Executing non-safepoint VM operation: RendezvousGCThreads done
Event: 16781.798 Executing non-safepoint VM operation: HandshakeAllThreads (DeflationHandshakeClosure)
Event: 16781.798 Executing non-safepoint VM operation: HandshakeAllThreads (DeflationHandshakeClosure) done
Event: 16781.798 Executing non-safepoint VM operation: RendezvousGCThreads
Event: 16781.798 Executing non-safepoint VM operation: RendezvousGCThreads done
Event: 17142.660 Executing non-safepoint VM operation: HandshakeAllThreads (DeflationHandshakeClosure)
Event: 17142.660 Executing non-safepoint VM operation: HandshakeAllThreads (DeflationHandshakeClosure) done
Event: 17142.660 Executing non-safepoint VM operation: RendezvousGCThreads
Event: 17142.660 Executing non-safepoint VM operation: RendezvousGCThreads done

Memory protections (0 events):
No events

Nmethod flushes (0 events):
No events

Events (20 events):
Event: 15489.540 Thread 0x000001fd7d828650 Thread added: 0x000001fd7d83a620
Event: 15490.705 Thread 0x000001fd7d83a620 Thread exited: 0x000001fd7d83a620
Event: 15492.171 Thread 0x000001fd7d828650 Thread added: 0x000001fd7d83a620
Event: 15493.185 Thread 0x000001fd7d83a620 Thread exited: 0x000001fd7d83a620
Event: 16336.635 Thread 0x000001fd7d828650 Thread added: 0x000001fd7d83a620
Event: 16337.995 Thread 0x000001fd7d83a620 Thread exited: 0x000001fd7d83a620
Event: 16338.068 Thread 0x000001fd7d828650 Thread added: 0x000001fd7d83a620
Event: 16339.187 Thread 0x000001fd7d83a620 Thread exited: 0x000001fd7d83a620
Event: 16446.751 Thread 0x000001fd7d828650 Thread added: 0x000001fd7d83f440
Event: 16447.805 Thread 0x000001fd7d83f440 Thread exited: 0x000001fd7d83f440
Event: 16755.712 Thread 0x000001fd7d828650 Thread added: 0x000001fd7d83adf0
Event: 16756.766 Thread 0x000001fd7d83adf0 Thread exited: 0x000001fd7d83adf0
Event: 16764.374 Thread 0x000001fd7d828650 Thread added: 0x000001fd7d83adf0
Event: 16765.631 Thread 0x000001fd7d83adf0 Thread exited: 0x000001fd7d83adf0
Event: 17127.344 Thread 0x000001fd7d828650 Thread added: 0x000001fd7d83a620
Event: 17128.419 Thread 0x000001fd7d83a620 Thread exited: 0x000001fd7d83a620
Event: 17401.470 Thread 0x000001fd7d828650 Thread added: 0x000001fd7d83adf0
Event: 17404.023 Thread 0x000001fd7d83adf0 Thread exited: 0x000001fd7d83adf0
Event: 17404.652 Thread 0x000001fd7d828650 Thread added: 0x000001fd7d83a620
Event: 17409.118 Thread 0x000001fd7d828650 Thread added: 0x000001fd7d83adf0


Dynamic libraries:
0x00007ff615060000 - 0x00007ff615070000 	C:\Program Files\Java\jdk-26.0.2\bin\java.exe
0x00007ff843220000 - 0x00007ff843486000 	C:\WINDOWS\SYSTEM32\ntdll.dll
0x00007ff841860000 - 0x00007ff841929000 	C:\WINDOWS\System32\KERNEL32.DLL
0x00007ff840800000 - 0x00007ff840bff000 	C:\WINDOWS\System32\KERNELBASE.dll
0x00007ff840cc0000 - 0x00007ff840e0c000 	C:\WINDOWS\System32\ucrtbase.dll
0x00007ffffe860000 - 0x00007ffffe877000 	C:\Program Files\Java\jdk-26.0.2\bin\jli.dll
0x00007ffffe880000 - 0x00007ffffe89e000 	C:\Program Files\Java\jdk-26.0.2\bin\VCRUNTIME140.dll
0x00007ff842b00000 - 0x00007ff842cc6000 	C:\WINDOWS\System32\USER32.dll
0x00007ff8233e0000 - 0x00007ff823671000 	C:\WINDOWS\WinSxS\amd64_microsoft.windows.common-controls_6595b64144ccf1df_6.0.26100.8972_none_3e0da176e32f9d4b\COMCTL32.dll
0x00007ff8407d0000 - 0x00007ff8407f7000 	C:\WINDOWS\System32\win32u.dll
0x00007ff8415b0000 - 0x00007ff841659000 	C:\WINDOWS\System32\msvcrt.dll
0x00007ff8429b0000 - 0x00007ff8429db000 	C:\WINDOWS\System32\GDI32.dll
0x00007ff840e20000 - 0x00007ff840f49000 	C:\WINDOWS\System32\gdi32full.dll
0x00007ff840c10000 - 0x00007ff840cb3000 	C:\WINDOWS\System32\msvcp_win.dll
0x00007ff842a90000 - 0x00007ff842ac2000 	C:\WINDOWS\System32\IMM32.DLL
0x00007ff81ab80000 - 0x00007ff81ab8c000 	C:\Program Files\Java\jdk-26.0.2\bin\vcruntime140_1.dll
0x00007fffd58a0000 - 0x00007fffd592d000 	C:\Program Files\Java\jdk-26.0.2\bin\msvcp140.dll
0x00007fffbc930000 - 0x00007fffbd801000 	C:\Program Files\Java\jdk-26.0.2\bin\server\jvm.dll
0x00007ff8413e0000 - 0x00007ff84149c000 	C:\WINDOWS\System32\ADVAPI32.dll
0x00007ff8429e0000 - 0x00007ff842a8a000 	C:\WINDOWS\System32\sechost.dll
0x00007ff841660000 - 0x00007ff841778000 	C:\WINDOWS\System32\RPCRT4.dll
0x00007ff842920000 - 0x00007ff8429a2000 	C:\WINDOWS\System32\WS2_32.dll
0x00007ff82ca10000 - 0x00007ff82ca1b000 	C:\WINDOWS\SYSTEM32\VERSION.dll
0x00007ff8402b0000 - 0x00007ff84030e000 	C:\WINDOWS\SYSTEM32\POWRPROF.dll
0x00007ff834cc0000 - 0x00007ff834cf6000 	C:\WINDOWS\SYSTEM32\WINMM.dll
0x00007ff840290000 - 0x00007ff8402a5000 	C:\WINDOWS\SYSTEM32\UMPDC.dll
0x00007ff83f120000 - 0x00007ff83f13b000 	C:\WINDOWS\SYSTEM32\kernel.appcore.dll
0x00007ff80d1c0000 - 0x00007ff80d1ca000 	C:\Program Files\Java\jdk-26.0.2\bin\jimage.dll
0x00007ff83dac0000 - 0x00007ff83dd02000 	C:\WINDOWS\SYSTEM32\DBGHELP.DLL
0x00007ff841df0000 - 0x00007ff842175000 	C:\WINDOWS\System32\combase.dll
0x00007ff841780000 - 0x00007ff841859000 	C:\WINDOWS\System32\OLEAUT32.dll
0x00007ff81bb20000 - 0x00007ff81bb5b000 	C:\WINDOWS\SYSTEM32\dbgcore.DLL
0x00007ff840650000 - 0x00007ff8406fc000 	C:\WINDOWS\System32\bcryptPrimitives.dll
0x00007ffffe840000 - 0x00007ffffe85f000 	C:\Program Files\Java\jdk-26.0.2\bin\java.dll
0x00007ff841070000 - 0x00007ff841209000 	C:\WINDOWS\System32\ole32.dll
0x00007ff842190000 - 0x00007ff842918000 	C:\WINDOWS\System32\SHELL32.dll
0x00007ff83dea0000 - 0x00007ff83e73b000 	C:\WINDOWS\SYSTEM32\windows.storage.dll
0x00007ff841b80000 - 0x00007ff841c79000 	C:\WINDOWS\System32\SHCORE.dll
0x00007ff841b10000 - 0x00007ff841b76000 	C:\WINDOWS\System32\shlwapi.dll
0x00007ff840350000 - 0x00007ff840379000 	C:\WINDOWS\SYSTEM32\profapi.dll
0x00007ffff6ab0000 - 0x00007ffff6ac2000 	C:\Program Files\Java\jdk-26.0.2\bin\net.dll
0x00007ff83f6d0000 - 0x00007ff83f73c000 	C:\WINDOWS\system32\mswsock.dll
0x00007ffff6a10000 - 0x00007ffff6a26000 	C:\Program Files\Java\jdk-26.0.2\bin\nio.dll
0x00007fffe1920000 - 0x00007fffe1936000 	C:\Program Files\Java\jdk-26.0.2\bin\zip.dll
0x00007ff83ead0000 - 0x00007ff83ec28000 	C:\WINDOWS\SYSTEM32\DNSAPI.dll
0x00007ff83f4d0000 - 0x00007ff83f4dd000 	C:\WINDOWS\SYSTEM32\DSPARSE.dll
0x00007ff83ea90000 - 0x00007ff83eac3000 	C:\WINDOWS\SYSTEM32\IPHLPAPI.DLL
0x00007ff840f50000 - 0x00007ff840f5a000 	C:\WINDOWS\System32\NSI.dll
0x00007ff834c60000 - 0x00007ff834c6b000 	C:\Windows\System32\rasadhlp.dll
0x00007ff8396b0000 - 0x00007ff839736000 	C:\WINDOWS\System32\fwpuclnt.dll
0x00007ff8214a0000 - 0x00007ff8214a9000 	C:\Program Files\Java\jdk-26.0.2\bin\extnet.dll
0x00007ff821490000 - 0x00007ff82149e000 	C:\Program Files\Java\jdk-26.0.2\bin\sunmscapi.dll
0x00007ff8404c0000 - 0x00007ff84063e000 	C:\WINDOWS\System32\CRYPT32.dll
0x00007ff83fc00000 - 0x00007ff83fc30000 	C:\WINDOWS\SYSTEM32\ncrypt.dll
0x00007ff83fbb0000 - 0x00007ff83fbef000 	C:\WINDOWS\SYSTEM32\NTASN1.dll
0x00007fffd99c0000 - 0x00007fffd99c8000 	C:\WINDOWS\system32\wshunix.dll
0x00007ff83f9c0000 - 0x00007ff83f9db000 	C:\WINDOWS\SYSTEM32\CRYPTSP.dll
0x00007ff83f060000 - 0x00007ff83f099000 	C:\WINDOWS\system32\rsaenh.dll
0x00007ff83f780000 - 0x00007ff83f7b2000 	C:\WINDOWS\SYSTEM32\USERENV.dll
0x00007ff840320000 - 0x00007ff84034a000 	C:\WINDOWS\SYSTEM32\bcrypt.dll
0x00007ff83f9e0000 - 0x00007ff83f9ec000 	C:\WINDOWS\SYSTEM32\CRYPTBASE.dll
0x00007fffca3a0000 - 0x00007fffca524000 	C:\Program Files\Java\jdk-26.0.2\bin\awt.dll
0x00007ff83cad0000 - 0x00007ff83cb6f000 	C:\WINDOWS\SYSTEM32\apphelp.dll
0x00007ff83cf10000 - 0x00007ff83cfb8000 	C:\WINDOWS\system32\uxtheme.dll
0x00007ff841c80000 - 0x00007ff841ddd000 	C:\WINDOWS\System32\MSCTF.dll
0x00007ff83cba0000 - 0x00007ff83cbc9000 	C:\WINDOWS\system32\Wtsapi32.dll
0x00007ff83f3d0000 - 0x00007ff83f419000 	C:\WINDOWS\SYSTEM32\SspiCli.dll
0x00007ff8401e0000 - 0x00007ff840242000 	C:\WINDOWS\SYSTEM32\WINSTA.dll
0x00007ff807140000 - 0x00007ff8071f6000 	C:\WINDOWS\SYSTEM32\TextShaping.dll
0x00007ff83d2f0000 - 0x00007ff83d31f000 	C:\WINDOWS\system32\DWMAPI.DLL
0x00007fffcf790000 - 0x00007fffcf89c000 	C:\WINDOWS\system32\opengl32.dll
0x00007ff80e9b0000 - 0x00007ff80e9dd000 	C:\WINDOWS\SYSTEM32\GLU32.dll
0x00007ff83d120000 - 0x00007ff83d165000 	C:\WINDOWS\SYSTEM32\dxcore.dll

JVMTI agents: none

dbghelp: loaded successfully - version: 4.0.5 - missing functions: none
symbol engine: initialized successfully - sym options: 0x614 - pdb path: .;C:\Program Files\Java\jdk-26.0.2\bin;C:\WINDOWS\SYSTEM32;C:\WINDOWS\WinSxS\amd64_microsoft.windows.common-controls_6595b64144ccf1df_6.0.26100.8972_none_3e0da176e32f9d4b;C:\Program Files\Java\jdk-26.0.2\bin\server

VM Arguments:
java_command: io.qameta.allure.CommandLine open allure-report
java_class_path (initial): G:\allure-2.45.0\lib\allure-commandline-2.45.0.jar;G:\allure-2.45.0\lib\allure-generator-2.45.0.jar;G:\allure-2.45.0\lib\allure-model-2.35.4.jar;G:\allure-2.45.0\lib\allure-plugin-api-2.45.0.jar;G:\allure-2.45.0\lib\allure1-model-1.0.jar;G:\allure-2.45.0\lib\annotations-15.0.jar;G:\allure-2.45.0\lib\commons-beanutils-1.11.0.jar;G:\allure-2.45.0\lib\commons-codec-1.11.jar;G:\allure-2.45.0\lib\commons-collections-3.2.2.jar;G:\allure-2.45.0\lib\commons-collections4-4.5.0.jar;G:\allure-2.45.0\lib\commons-io-2.22.0.jar;G:\allure-2.45.0\lib\commons-lang3-3.20.0.jar;G:\allure-2.45.0\lib\commons-logging-1.3.5.jar;G:\allure-2.45.0\lib\commons-text-1.13.1.jar;G:\allure-2.45.0\lib\flexmark-0.62.2.jar;G:\allure-2.45.0\lib\flexmark-ext-tables-0.62.2.jar;G:\allure-2.45.0\lib\flexmark-util-0.62.2.jar;G:\allure-2.45.0\lib\flexmark-util-ast-0.62.2.jar;G:\allure-2.45.0\lib\flexmark-util-builder-0.62.2.jar;G:\allure-2.45.0\lib\flexmark-util-collection-0.62.2.jar;G:\allure-2.45.0\lib\flexmark-util-data-0.62.2.jar;G:\allure-2.45.0\lib\flexmark-util-dependency-0.62.2.jar;G:\allure-2.45.0\lib\flexmark-util-format-0.62.2.jar;G:\allure-2.45.0\lib\flexmark-util-html-0.62.2.jar;G:\allure-2.45.0\lib\flexmark-util-misc-0.62.2.jar;G:\allure-2.45.0\lib\flexmark-util-options-0.62.2.jar;G:\allure-2.45.0\lib\flexmark-util-sequence-0.62.2.jar;G:\allure-2.45.0\lib\flexmark-util-visitor-0.62.2.jar;G:\allure-2.45.0\lib\freemarker-2.3.34.jar;G:\allure-2.45.0\lib\httpclient-4.5.14.jar;G:\allure-2.45.0\lib\httpcore-4.4.16.jar;G:\allure-2.45.0\lib\jackson-annotations-2.22.jar;G:\allure-2.45.0\lib\jackson-core-2.22.1.jar;G:\allure-2.45.0\lib\jackson-databind-2.22.1.jar;G:\allure-2.45.0\lib\jackson-dataformat-xml-2.22.1.jar;G:\allure-2.45.0\lib\jackson-dataformat-yaml-2.22.1.jar;G:\allure-2.45.0\lib\jackson-module-jaxb-annotations-2.22.1.jar;G:\allure-2.45.0\lib\jakarta.activation-api-1.2.2.jar;G:\allure-2.45.0\lib\javax.activation-api-1.2.0.jar;G:\allure-2.45.0\lib\jaxb-api-2.3.1.jar;G:\allure-2.45.0\lib\jaxb-utils-1.0.jar;G:\allure-2.45.0\lib\jcommander-1.82.jar;G:\allure-2.45.0\lib\jsoup-1.23.1.jar;G:\allure-2.45.0\lib\opencsv-5.12.0.jar;G:\allure-2.45.0\lib\properties-2.0.RC5.jar;G:\allure-2.45.0\lib\slf4j-api-2.0.18.jar;G:\allure-2.45.0\lib\slf4j-jdk14-2.0.18.jar;G:\allure-2.45.0\lib\snakeyaml-2.5.jar;G:\allure-2.45.0\lib\stax2-api-4.3.0.jar;G:\allure-2.45.0\lib\woodstox-core-7.2.0.jar;G:\allure-2.45.0\lib\config
Launcher Type: SUN_STANDARD

[Global flags]
     bool AOTAdapterCaching                        = false                                  {diagnostic} {ergonomic}
     bool AOTInvokeDynamicLinking                  = false                                  {diagnostic} {ergonomic}
     bool AOTRecordTraining                        = false                                  {diagnostic} {ergonomic}
     bool AOTReplayTraining                        = false                                  {diagnostic} {ergonomic}
     bool AOTStubCaching                           = false                                  {diagnostic} {ergonomic}
     intx CICompilerCount                          = 4                                         {product} {ergonomic}
     uint ConcGCThreads                            = 2                                         {product} {ergonomic}
     uint G1ConcRefinementThreads                  = 8                                         {product} {ergonomic}
     uint G1EagerReclaimRemSetThreshold            = 10                                   {experimental} {ergonomic}
   size_t G1HeapRegionSize                         = 1048576                                   {product} {ergonomic}
     uint G1RemSetArrayOfCardsEntries              = 10                                   {experimental} {ergonomic}
     uint G1RemSetHowlMaxNumBuckets                = 8                                    {experimental} {ergonomic}
     uint G1RemSetHowlNumBuckets                   = 4                                    {experimental} {ergonomic}
   size_t InitialHeapSize                          = 8388608                                   {product} {ergonomic}
     bool IntelJccErratumMitigation                = false                             {ARCH diagnostic} {ergonomic}
   size_t MarkStackSize                            = 4194304                                   {product} {ergonomic}
   size_t MarkStackSizeMax                         = 536870912                                 {product} {ergonomic}
   size_t MaxHeapSize                              = 2082471936                                {product} {ergonomic}
   size_t MaxNewSize                               = 1248854016                                {product} {ergonomic}
 uint64_t MaxRAM                                   = 8327782400                                {product} {ergonomic}
   size_t MinHeapDeltaBytes                        = 1048576                                   {product} {ergonomic}
   size_t MinHeapSize                              = 8388608                                   {product} {ergonomic}
   size_t NonNMethodCodeHeapSize                   = 5898240                                {pd product} {ergonomic}
   size_t NonProfiledCodeHeapSize                  = 122945536                              {pd product} {ergonomic}
   size_t ProfiledCodeHeapSize                     = 122945536                              {pd product} {ergonomic}
   size_t ReservedCodeCacheSize                    = 251789312                              {pd product} {ergonomic}
     bool SegmentedCodeCache                       = true                                      {product} {ergonomic}
   size_t SoftMaxHeapSize                          = 2082471936                             {manageable} {ergonomic}
     bool UseCompressedOops                        = true                           {product lp64_product} {ergonomic}
     bool UseCondCardMark                          = true                                      {product} {ergonomic}
     bool UseFastUnorderedTimeStamps               = true                                 {experimental} {ergonomic}
     bool UseG1GC                                  = true                                      {product} {ergonomic}
     bool UseLargePagesIndividualAllocation        = false                                  {pd product} {ergonomic}
      int X86ICacheSync                            = 3                                 {ARCH diagnostic} {ergonomic}

Logging:
Log output configuration:
 #0: stdout all=warning uptime,level,tags foldmultilines=false
 #1: stderr all=off uptime,level,tags foldmultilines=false

Release file:
IMPLEMENTOR="Oracle Corporation" 
JAVA_RUNTIME_VERSION="26.0.2+10-55" 
JAVA_VERSION="26.0.2" 
JAVA_VERSION_DATE="2026-07-21" 
LIBC="default" 
MODULES="java.base java.compiler java.datatransfer java.xml java.prefs java.desktop java.instrument java.logging java.management java.security.sasl java.naming java.rmi java.management.rmi java.net.http java.scripting java.security.jgss java.transaction.xa java.sql java.sql.rowset java.xml.crypto java.se java.smartcardio jdk.accessibility jdk.internal.jvmstat jdk.attach jdk.charsets jdk.internal.opt jdk.zipfs jdk.compiler jdk.crypto.cryptoki jdk.crypto.ec jdk.crypto.mscapi jdk.dynalink jdk.internal.ed jdk.editpad jdk.internal.vm.ci jdk.graal.compiler jdk.graal.compiler.management jdk.hotspot.agent jdk.httpserver jdk.incubator.vector jdk.internal.le jdk.internal.md jdk.jartool jdk.javadoc jdk.jcmd jdk.management jdk.management.agent jdk.jconsole jdk.jdeps jdk.jdwp.agent jdk.jdi jdk.jfr jdk.jlink jdk.jpackage jdk.jshell jdk.jstatd jdk.localedata jdk.management.jfr jdk.naming.dns jdk.naming.rmi jdk.net jdk.nio.mapmode jdk.sctp jdk.security.auth jdk.security.jgss jdk.unsupported jdk.unsupported.desktop jdk.xml.dom" 
OS_ARCH="x86_64" 
OS_NAME="Windows" 
SOURCE=".:git:28b9aeff05f1 open:git:fa67dfdcec4b" 

Environment Variables:
JAVA_HOME=C:\Program Files\Java\jdk-26.0.2
PATH=C:\Program Files\Common Files\Oracle\Java\javapath;C:\Python314\Scripts\;C:\Python314\;C:\WINDOWS\system32;C:\WINDOWS;C:\WINDOWS\System32\Wbem;C:\WINDOWS\System32\WindowsPowerShell\v1.0\;C:\WINDOWS\System32\OpenSSH\;C:\ProgramData\chocolatey\bin;C:\Users\vveer\AppData\Local\Android\Sdk\platform-tools;C:\Users\vveer\AppData\Local\Android\Sdk\emulator;C:\Users\vveer\AppData\Local\Android\Sdk\cmdline-tools\latest\bin;C:\Program Files\Java\jdk-26.0.2\bin;C:\Program Files\nodejs\;C:\Users\vveer\AppData\Local\Android\Sdk\platform-tools;C:\Users\vveer\AppData\Local\Android\Sdk\platforms;G:\allure-2.45.0\bin;C:\Users\vveer\AppData\Local\Programs\Python\Python314\Scripts\;C:\Users\vveer\AppData\Local\Programs\Python\Python314\;C:\Users\vveer\AppData\Local\Programs\Python\Launcher\;C:\Users\vveer\AppData\Local\Microsoft\WindowsApps;C:\Users\vveer\AppData\Roaming\npm;C:\Users\vveer\AppData\Local\Android\Sdk\build-tools\37.0.0;
USERNAME=vveer
OS=Windows_NT
PROCESSOR_IDENTIFIER=Intel64 Family 6 Model 140 Stepping 2, GenuineIntel
TMP=C:\Users\vveer\AppData\Local\Temp
TEMP=C:\Users\vveer\AppData\Local\Temp




Compilation memory statistics disabled.

Periodic native trim disabled

---------------  S Y S T E M  ---------------

OS:
 Windows 11 , 64 bit Build 26100 (10.0.26100.9168)
OS uptime: 13 days 0:55 hours
Hyper-V role detected

CPU: total 8 (initial active 8) (4 cores per cpu, 2 threads per core) family 6 model 140 stepping 2 microcode 0x2c, cx8, cmov, fxsr, ht, mmx, 3dnowpref, sse, sse2, sse3, ssse3, sse4.1, sse4.2, popcnt, lzcnt, tsc, tscinvbit, avx, avx2, aes, erms, clmul, bmi1, bmi2, adx, avx512f, avx512dq, avx512cd, avx512bw, avx512vl, sha, fma, vzeroupper, avx512_vpopcntdq, avx512_vpclmulqdq, avx512_vaes, avx512_vnni, clflush, clflushopt, clwb, avx512_vbmi2, avx512_vbmi, hv, rdtscp, rdpid, fsrm, gfni, avx512_bitalg, f16c, cet_ibt, cet_ss, avx512_ifma
Processor Information for the first 8 processors :
  Max Mhz: 2496, Current Mhz: 2496, Mhz Limit: 2496

Memory: 4k page, system-wide physical 7941M (463M free)
TotalPageFile size 20308M (AvailPageFile size 1377M)
current process WorkingSet (physical memory assigned to process): 25M, peak: 78M
current process commit charge ("private bytes"): 125M, peak: 132M

vm_info: Java HotSpot(TM) 64-Bit Server VM (26.0.2+10-55) for windows-amd64 JRE (26.0.2+10-55), built on 2026-06-17T09:18:01Z with MS VC++ 17.13 (VS2022)

END.
