#
# There is insufficient memory for the Java Runtime Environment to continue.
# Native memory allocation (mmap) failed to map 65536 bytes. Error detail: Failed to commit metaspace.
# Possible reasons:
#   The system is out of physical RAM or swap space
#   This process is running with CompressedOops enabled, and the Java Heap may be blocking the growth of the native heap
# Possible solutions:
#   Reduce memory load on the system
#   Increase physical memory or swap space
#   Check if swap backing store is full
#   Decrease Java heap size (-Xmx/-Xms)
#   Decrease number of Java threads
#   Decrease Java thread stack sizes (-Xss)
#   Set larger code cache with -XX:ReservedCodeCacheSize=
#   JVM is running with Unscaled Compressed Oops mode in which the Java heap is
#     placed in the first 4GB address space. The Java Heap base address is the
#     maximum limit for the native heap growth. Please use -XX:HeapBaseMinAddress
#     to set the Java Heap base and to place the Java Heap above 4GB virtual address.
# This output file may be truncated or incomplete.
#
#  Out of Memory Error (virtualSpaceNode.cpp:113), pid=18796, tid=22624
#
# JRE version: Java(TM) SE Runtime Environment (26.0.2+10) (build 26.0.2+10-55)
# Java VM: Java HotSpot(TM) 64-Bit Server VM (26.0.2+10-55, mixed mode, sharing, tiered, compressed oops, compressed class ptrs, g1 gc, windows-amd64)
# No core dump will be written. Minidumps are not enabled by default on client versions of Windows
#

---------------  S U M M A R Y ------------

Command Line: io.qameta.allure.CommandLine open allure-report

Host: 11th Gen Intel(R) Core(TM) i5-1155G7 @ 2.50GHz, 8 cores, 7G,  Windows 11 , 64 bit Build 26100 (10.0.26100.9168)
Time: Tue Sep  8 23:42:48 2026 India Standard Time elapsed time: 14935.678163 seconds (0d 4h 8m 55s)

---------------  T H R E A D  ---------------

Current thread (0x000001fc2019d7a0):  JavaThread "AWT-EventQueue-0"        [_thread_in_vm, id=22624, stack(0x00000087f6200000,0x00000087f6300000) (1024K)]

Stack: [0x00000087f6200000,0x00000087f6300000]
Native frames: (J=compiled Java code, j=interpreted, Vv=VM code, C=native code)
V  [jvm.dll+0x7d6ea9]  (no source info available)
V  [jvm.dll+0x7a4dcd]  (no source info available)
V  [jvm.dll+0x9b2390]  (no source info available)
V  [jvm.dll+0x9b47e1]  (no source info available)
V  [jvm.dll+0x9b4ef3]  (no source info available)
V  [jvm.dll+0x30f4d6]  (no source info available)
V  [jvm.dll+0x9af14e]  (no source info available)
V  [jvm.dll+0x7752c4]  (no source info available)
V  [jvm.dll+0x77532a]  (no source info available)
V  [jvm.dll+0x777c16]  (no source info available)
V  [jvm.dll+0x7779a5]  (no source info available)
V  [jvm.dll+0x2accd2]  (no source info available)
V  [jvm.dll+0x775cee]  (no source info available)
V  [jvm.dll+0x2f34e0]  (no source info available)
V  [jvm.dll+0x77cdd5]  (no source info available)
V  [jvm.dll+0x29b6b2]  (no source info available)
V  [jvm.dll+0x29bbd5]  (no source info available)
V  [jvm.dll+0x29c5fd]  (no source info available)
V  [jvm.dll+0x291f20]  (no source info available)
V  [jvm.dll+0x6a09f4]  (no source info available)
V  [jvm.dll+0x2a4a81]  (no source info available)
V  [jvm.dll+0x91ed4f]  (no source info available)
V  [jvm.dll+0x91ff5a]  (no source info available)
V  [jvm.dll+0x92065c]  (no source info available)
V  [jvm.dll+0x29c851]  (no source info available)
V  [jvm.dll+0x291f39]  (no source info available)
V  [jvm.dll+0x6a09f4]  (no source info available)
V  [jvm.dll+0x2a4a81]  (no source info available)
V  [jvm.dll+0x91ed4f]  (no source info available)
V  [jvm.dll+0x91ff5a]  (no source info available)
V  [jvm.dll+0x920492]  (no source info available)
V  [jvm.dll+0x9201e6]  (no source info available)
V  [jvm.dll+0x2f71f1]  (no source info available)
V  [jvm.dll+0x4883ae]  (no source info available)
C  0x000001fc1014b6dc  (no source info available)

The last pc belongs to new (printed below).
Java frames: (J=compiled Java code, j=interpreted, Vv=VM code)
j  sun.java2d.d3d.D3DGraphicsDevice.getDeviceCaps(I)Lsun/java2d/pipe/hw/ContextCapabilities;+31 java.desktop@26.0.2
j  sun.java2d.d3d.D3DGraphicsDevice.createDevice(I)Lsun/java2d/d3d/D3DGraphicsDevice;+9 java.desktop@26.0.2
j  sun.awt.Win32GraphicsEnvironment.makeScreenDevice(I)Ljava/awt/GraphicsDevice;+9 java.desktop@26.0.2
j  sun.awt.Win32GraphicsEnvironment.displayChanged()V+145 java.desktop@26.0.2
j  sun.awt.windows.WToolkit.lambda$displayChanged$0()V+15 java.desktop@26.0.2
j  sun.awt.windows.WToolkit$$Lambda+0x000000000d0dc420.run()V+0 java.desktop@26.0.2
j  java.awt.event.InvocationEvent.dispatch()V+47 java.desktop@26.0.2
j  java.awt.EventQueue.dispatchEventImpl(Ljava/awt/AWTEvent;Ljava/lang/Object;)V+21 java.desktop@26.0.2
j  java.awt.EventQueue.dispatchEvent(Ljava/awt/AWTEvent;)V+22 java.desktop@26.0.2
j  java.awt.EventDispatchThread.pumpOneEventForFilters(I)V+81 java.desktop@26.0.2
j  java.awt.EventDispatchThread.pumpEventsForFilter(ILjava/awt/Conditional;Ljava/awt/EventFilter;)V+35 java.desktop@26.0.2
j  java.awt.EventDispatchThread.pumpEventsForHierarchy(ILjava/awt/Conditional;Ljava/awt/Component;)V+11 java.desktop@26.0.2
j  java.awt.EventDispatchThread.pumpEvents(ILjava/awt/Conditional;)V+4 java.desktop@26.0.2
j  java.awt.EventDispatchThread.pumpEvents(Ljava/awt/Conditional;)V+3 java.desktop@26.0.2
j  java.awt.EventDispatchThread.run()V+9 java.desktop@26.0.2
v  ~StubRoutines::Stub Generator call_stub_stub 0x000001fc101318e2
Lock stack of current Java thread (top to bottom):

new  187 new  [0x000001fc1014b580, 0x000001fc1014b798]  536 bytes

Loading hsdis library failed, undisassembled code is shown in MachCode section
[MachCode]
  0x000001fc1014b580: 4883 ec08 | c5fa 1104 | 24eb 1f48 | 83ec 10c5 | fb11 0424 | eb14 4883 | ec10 4889 | 0424 48c7 
  0x000001fc1014b5a0: 4424 0800 | 0000 00eb | 0150 410f | b755 010f | cac1 ea10 | 488b 4de8 | 488b 4908 | 488b 4908 
  0x000001fc1014b5c0: 488b 4108 | 807c 1004 | 070f 858c | 0000 0066 | 8b54 d150 | 488b 4930 | 488b 4cd1 | 0851 80b9 
  0x000001fc1014b5e0: 3001 0000 | 040f 840d | 0000 004c | 3bb9 3801 | 0000 0f85 | 6200 0000 | 8b51 08f6 | c201 0f85 
  0x000001fc1014b600: 5600 0000 | 498b 87b0 | 0100 0048 | 8d1c 1049 | 3b9f c001 | 0000 0f87 | 3e00 0000 | 4989 9fb0 
  0x000001fc1014b620: 0100 0048 | 83ea 100f | 840f 0000 | 0033 c9c1 | ea03 4889 | 4cd0 0848 | ffca 75f6 | 48c7 0001 
  0x000001fc1014b640: 0000 0059 | 33f6 8970 | 0c41 ba00 | 0000 0c49 | 2bca 8948 | 08e9 2001 | 0000 5948 | 8b55 e848 
  0x000001fc1014b660: 8b52 0848 | 8b52 0845 | 0fb7 4501 | 410f c841 | c1e8 1049 | 3ba7 a805 | 0000 7607 | 4989 a7a8 
  0x000001fc1014b680: 0500 004c | 8d15 b800 | 0000 4152 | 488d 4424 | 084c 896d | c049 8bcf | c5f8 7749 | 89af 2004 
  0x000001fc1014b6a0: 0000 4989 | 8710 0400 | 0048 83ec | 2040 f6c4 | 0f0f 8419 | 0000 0048 | 83ec 0848 | b860 83db 
  0x000001fc1014b6c0: bcff 7f00 | 00ff d048 | 83c4 08e9 | 0c00 0000 | 48b8 6083 | dbbc ff7f | 0000 ffd0 | 4883 c420 
  0x000001fc1014b6e0: 49c7 8710 | 0400 0000 | 0000 0049 | c787 2004 | 0000 0000 | 0000 49c7 | 8718 0400 | 0000 0000 
  0x000001fc1014b700: 00c5 f877 | 4c8b 6dc0 | 4c8b 75c8 | 4e8d 74f5 | 0041 5a49 | 3ba7 a805 | 0000 720b | 49c7 87a8 
  0x000001fc1014b720: 0500 0000 | 0000 004d | 8b97 c005 | 0000 4983 | fa00 741b | 49c7 87c0 | 0500 0000 | 0000 0041 
  0x000001fc1014b740: ffe2 49ba | 60c1 1310 | fc01 0000 | 41ff d249 | 837f 0800 | 0f84 0e00 | 0000 4c8d | 15e1 ffff 
  0x000001fc1014b760: ff41 52e9 | 7860 feff | 498b 8768 | 0400 0049 | c787 6804 | 0000 0000 | 0000 410f | b65d 0349 
  0x000001fc1014b780: 83c5 0349 | ba40 9b72 | bdff 7f00 | 0041 ff24 | da0f 1f80 | 0000 0000 
[/MachCode]

---------------  P R O C E S S  ---------------

Threads class SMR info:
_java_thread_list=0x000001fc207bb9a0, length=17, elements={
0x000001fc7b79f3f0, 0x000001fc7f3f7ef0, 0x000001fc7f3f8940, 0x000001fc7f3fabf0,
0x000001fc7f3fc5c0, 0x000001fc7f3fcea0, 0x000001fc7f426320, 0x000001fc7f42a760,
0x000001fc7f42b220, 0x000001fc1bb8abb0, 0x000001fc1bb8c210, 0x000001fc20782b90,
0x000001fc2078b1d0, 0x000001fc207c2e60, 0x000001fc207c9de0, 0x000001fc20690420,
0x000001fc2019d7a0
}

Java Threads: ( => current thread )
  0x000001fc7b79f3f0 JavaThread "main"                              [_thread_blocked, id=9680, stack(0x00000087f6300000,0x00000087f6400000) (1024K)]
  0x000001fc7f3f7ef0 JavaThread "Reference Handler"          daemon [_thread_blocked, id=21288, stack(0x00000087f6c00000,0x00000087f6d00000) (1024K)]
  0x000001fc7f3f8940 JavaThread "Finalizer"                  daemon [_thread_blocked, id=14360, stack(0x00000087f6d00000,0x00000087f6e00000) (1024K)]
  0x000001fc7f3fabf0 JavaThread "Signal Dispatcher"          daemon [_thread_blocked, id=6356, stack(0x00000087f6e00000,0x00000087f6f00000) (1024K)]
  0x000001fc7f3fc5c0 JavaThread "Attach Listener"            daemon [_thread_blocked, id=27312, stack(0x00000087f6f00000,0x00000087f7000000) (1024K)]
  0x000001fc7f3fcea0 JavaThread "Service Thread"             daemon [_thread_blocked, id=14928, stack(0x00000087f7000000,0x00000087f7100000) (1024K)]
  0x000001fc7f426320 JavaThread "Monitor Deflation Thread"   daemon [_thread_blocked, id=8432, stack(0x00000087f7100000,0x00000087f7200000) (1024K)]
  0x000001fc7f42a760 JavaThread "C2 CompilerThread0"         daemon [_thread_blocked, id=16160, stack(0x00000087f7200000,0x00000087f7300000) (1024K)]
  0x000001fc7f42b220 JavaThread "C1 CompilerThread0"         daemon [_thread_blocked, id=6152, stack(0x00000087f7300000,0x00000087f7400000) (1024K)]
  0x000001fc1bb8abb0 JavaThread "Notification Thread"        daemon [_thread_blocked, id=25456, stack(0x00000087f7400000,0x00000087f7500000) (1024K)]
  0x000001fc1bb8c210 JavaThread "Common-Cleaner"             daemon [_thread_blocked, id=21404, stack(0x00000087f7500000,0x00000087f7600000) (1024K)]
  0x000001fc20782b90 JavaThread "idle-timeout-task"          daemon [_thread_blocked, id=12732, stack(0x00000087f7800000,0x00000087f7900000) (1024K)]
  0x000001fc2078b1d0 JavaThread "HTTP-Dispatcher"                   [_thread_in_native, id=8612, stack(0x00000087f7900000,0x00000087f7a00000) (1024K)]
  0x000001fc207c2e60 JavaThread "Java2D Disposer"            daemon [_thread_blocked, id=18860, stack(0x00000087f7a00000,0x00000087f7b00000) (1024K)]
  0x000001fc207c9de0 JavaThread "AWT-Windows"                daemon [_thread_in_native, id=11084, stack(0x00000087f7c00000,0x00000087f7d00000) (1024K)]
  0x000001fc20690420 JavaThread "AWT-Shutdown"                      [_thread_blocked, id=17276, stack(0x00000087f6000000,0x00000087f6100000) (1024K)]
=>0x000001fc2019d7a0 JavaThread "AWT-EventQueue-0"                  [_thread_in_vm, id=22624, stack(0x00000087f6200000,0x00000087f6300000) (1024K)]
Total: 17

Other Threads:
  0x000001fc7db1ca20 VMThread "VM Thread"                           [id=15228, stack(0x00000087f6b00000,0x00000087f6c00000) (1024K)]
  0x000001fc7db14430 WatcherThread "VM Periodic Task Thread"        [id=21712, stack(0x00000087f6a00000,0x00000087f6b00000) (1024K)]
  0x000001fc7daaac60 WorkerThread "GC Thread#0"                     [id=16152, stack(0x00000087f6400000,0x00000087f6500000) (1024K)]
  0x000001fc7db1a7a0 WorkerThread "GC Thread#1"                     [id=16868, stack(0x00000087f7600000,0x00000087f7700000) (1024K)]
  0x000001fc7db1bd30 WorkerThread "GC Thread#2"                     [id=27600, stack(0x00000087f7d00000,0x00000087f7e00000) (1024K)]
  0x000001fc7db19ab0 WorkerThread "GC Thread#3"                     [id=15204, stack(0x00000087f7e00000,0x00000087f7f00000) (1024K)]
  0x000001fc7db19f00 WorkerThread "GC Thread#4"                     [id=2372, stack(0x00000087f7f00000,0x00000087f8000000) (1024K)]
  0x000001fc7db1abf0 WorkerThread "GC Thread#5"                     [id=13376, stack(0x00000087f8000000,0x00000087f8100000) (1024K)]
  0x000001fc7db1b490 WorkerThread "GC Thread#6"                     [id=6024, stack(0x00000087f7700000,0x00000087f7800000) (1024K)]
  0x000001fc7db1b8e0 WorkerThread "GC Thread#7"                     [id=23632, stack(0x00000087f8200000,0x00000087f8300000) (1024K)]
  0x000001fc7dac3180 ConcurrentGCThread "G1 Main Marker"            [id=25908, stack(0x00000087f6500000,0x00000087f6600000) (1024K)]
  0x000001fc7dac4080 WorkerThread "G1 Conc#0"                       [id=1516, stack(0x00000087f6600000,0x00000087f6700000) (1024K)]
  0x000001fc7db1b040 WorkerThread "G1 Conc#1"                       [id=17808, stack(0x00000087f8100000,0x00000087f8200000) (1024K)]
  0x000001fc7db1c5d0 WorkerThread "G1 Refinement Workers#0"         [id=24264, stack(0x00000087f6800000,0x00000087f6900000) (1024K)]
  0x000001fc7db12370 ConcurrentGCThread "G1 Refine Control"         [id=19384, stack(0x00000087f6700000,0x00000087f6800000) (1024K)]
  0x000001fc7db1dea0 ConcurrentGCThread "G1 Service"                [id=12860, stack(0x00000087f6900000,0x00000087f6a00000) (1024K)]
Total: 16

Threads with active compile tasks:
Total: 0

VM state: not at safepoint (normal execution)

VM Mutex/Monitor currently owned by a thread:  ([mutex/lock_event])
[0x00007fffbd70fc08] Metaspace_lock - owner thread: 0x000001fc2019d7a0

Heap address: 0x0000000083e00000, size: 1986 MB, Compressed Oops mode: 32-bit

CDS archive(s) mapped at: [0x000000000c000000-0x000000000cde0000-0x000000000cde0000), size 14548992, SharedBaseAddress: 0x000000000c000000, ArchiveRelocationMode: 1.
Compressed class space mapped at: 0x000000000d000000-0x000000004d000000, reserved size: 1073741824
UseCompressedClassPointers 1, UseCompactObjectHeaders 0
Narrow klass pointer bits 32, Max shift 3
Narrow klass base: 0x000000000c000000, Narrow klass shift: 0
Encoding Range: [0x000000000c000000 - 0x000000010c000000), (4294967296 bytes)
Klass Range:    [0x000000000c000000 - 0x000000004d000000), (1090519040 bytes)
Klass ID Range:  [8 - 1090519033) (1090519025)
Protection zone: [0x000000000c000000 - 0x000000000c010000), (65536 bytes)

GC Precious Log:
 CardTable entry size: 512
 Card Set container configuration: InlinePtr #cards 5 size 8 Array Of Cards #cards 10 size 36 Howl #buckets 4 coarsen threshold 1843 Howl Bitmap #cards 512 size 80 coarsen threshold 460 Card regions per heap region 1 cards per card region 2048
 CPUs: 8 total, 8 available
 Memory: 7941M
 Large Page Support: Disabled
 NUMA Support: Disabled
 Compressed Oops: Enabled (32-bit)
 Heap Region Size: 1M
 Heap Min Capacity: 8M
 Heap Initial Capacity: 8M
 Heap Max Capacity: 1986M
 Pre-touch: Disabled
 Parallel Workers: 8
 Concurrent Workers: 2
 Concurrent Refinement Workers: 8
 Periodic GC: Disabled

Heap:
 garbage-first heap   total reserved 2033664K, committed 13312K, used 5463K [0x0000000083e00000, 0x0000000100000000)
  region size 1M, 1 eden (1M), 1 survivor (1M), 6 old (6M), 0 humongous (0M), 5 free (5M)

Heap Regions: E=young(eden), S=young(survivor), O=old, HS=humongous(starts), HC=humongous(continues), CS=collection set, F=free, TAMS=top-at-mark-start, PB=parsable bottom
|    0|0x0000000083e00000, 0x0000000083f00000, 0x0000000083f00000|100%| O|  |TAMS 0x0000000083e00000| PB 0x0000000083e00000| Untracked |  0
|    1|0x0000000083f00000, 0x0000000084000000, 0x0000000084000000|100%| O|  |TAMS 0x0000000083f00000| PB 0x0000000083f00000| Untracked |  0
|    2|0x0000000084000000, 0x0000000084100000, 0x0000000084100000|100%| O|  |TAMS 0x0000000084000000| PB 0x0000000084000000| Untracked |  0
|    3|0x0000000084100000, 0x0000000084200000, 0x0000000084200000|100%| O|  |TAMS 0x0000000084100000| PB 0x0000000084100000| Untracked |  0
|    4|0x0000000084200000, 0x0000000084249700, 0x0000000084300000| 28%| O|  |TAMS 0x0000000084200000| PB 0x0000000084200000| Untracked |  0
|    5|0x0000000084300000, 0x0000000084300000, 0x0000000084400000|  0%| F|  |TAMS 0x0000000084300000| PB 0x0000000084300000| Untracked |  0
|    6|0x0000000084400000, 0x0000000084400000, 0x0000000084500000|  0%| F|  |TAMS 0x0000000084400000| PB 0x0000000084400000| Untracked |  0
|    7|0x0000000084500000, 0x0000000084500000, 0x0000000084600000|  0%| F|  |TAMS 0x0000000084500000| PB 0x0000000084500000| Untracked |  0
|    8|0x0000000084600000, 0x0000000084600000, 0x0000000084700000|  0%| F|  |TAMS 0x0000000084600000| PB 0x0000000084600000| Untracked |  0
|    9|0x0000000084700000, 0x0000000084700000, 0x0000000084800000|  0%| F|  |TAMS 0x0000000084700000| PB 0x0000000084700000| Untracked |  0
|   10|0x0000000084800000, 0x000000008480c558, 0x0000000084900000|  4%| S|CS|TAMS 0x0000000084800000| PB 0x0000000084800000| Complete  |  0
| 1984|0x00000000ffe00000, 0x00000000fff00000, 0x00000000fff00000|100%| O|  |TAMS 0x00000000ffe00000| PB 0x00000000ffe00000| Untracked |  0
| 1985|0x00000000fff00000, 0x00000000fff4e650, 0x0000000100000000| 30%| E|CS|TAMS 0x00000000fff00000| PB 0x00000000fff00000| Complete  |  0

Card table byte_map: [0x000001fc7e250000,0x000001fc7e640000] _byte_map_base: 0x000001fc7de31000
Refinement table byte_map: [0x000001fc7e640000,0x000001fc7ea30000] _byte_map_base: 0x000001fc7e221000

Marking Bits: (CMBitMap*) 0x000001fc7daab3e0
 Bits: [0x000001fc17c10000, 0x000001fc19b18000)

Polling page: 0x000001fc7bb00000

Metaspace:
Metaspace        used 6682K, committed 6848K, reserved 1114112K
 class space     used 675K, committed 768K, reserved 1048576K

Usage:
  Non-class:      5.87 MB used.
      Class:    675.95 KB used.
       Both:      6.53 MB used.

Virtual space:
  Non-class space:       64.00 MB reserved,       5.94 MB (  9%) committed,  1 nodes.
      Class space:        1.00 GB reserved,     768.00 KB ( <1%) committed,  1 nodes.
             Both:        1.06 GB reserved,       6.69 MB ( <1%) committed. 

Chunk freelists:
   Non-Class:  9.89 MB
       Class:  15.20 MB
        Both:  25.09 MB

MaxMetaspaceSize: unlimited
CompressedClassSpaceSize: 1.00 GB
Initial GC threshold: 21.00 MB
Current GC threshold: 21.00 MB
CDS: on
 - commit_granule_bytes: 65536.
 - commit_granule_words: 8192.
 - virtual_space_node_default_size: 8388608.
 - enlarge_chunks_in_place: 1.
UseCompressedClassPointers 1, UseCompactObjectHeaders 0
Narrow klass pointer bits 32, Max shift 3
Narrow klass base: 0x000000000c000000, Narrow klass shift: 0
Encoding Range: [0x000000000c000000 - 0x000000010c000000), (4294967296 bytes)
Klass Range:    [0x000000000c000000 - 0x000000004d000000), (1090519040 bytes)
Klass ID Range:  [8 - 1090519033) (1090519025)
Protection zone: [0x000000000c000000 - 0x000000000c010000), (65536 bytes)


Internal statistics:

num_allocs_failed_limit: 0.
num_arena_births: 102.
num_arena_deaths: 0.
num_vsnodes_births: 2.
num_vsnodes_deaths: 0.
num_space_committed: 107.
num_space_uncommitted: 0.
num_chunks_returned_to_freelist: 0.
num_chunks_taken_from_freelist: 190.
num_chunk_merges: 0.
num_chunk_splits: 118.
num_chunks_enlarged: 71.
num_inconsistent_stats: 0.

CodeHeap 'non-profiled nmethods': size=120064Kb used=374Kb max_used=374Kb free=119690Kb
 bounds [0x000001fc106d0000, 0x000001fc10940000, 0x000001fc17c10000]
CodeHeap 'profiled nmethods': size=120064Kb used=1611Kb max_used=1611Kb free=118452Kb
 bounds [0x000001fc08bf0000, 0x000001fc08e60000, 0x000001fc10130000]
CodeHeap 'non-nmethods': size=5760Kb used=1558Kb max_used=1578Kb free=4201Kb
 bounds [0x000001fc10130000, 0x000001fc103a0000, 0x000001fc106d0000]
CodeCache: size=245888Kb, used=3543Kb, max_used=3563Kb, free=242343Kb
 total_blobs=1866, nmethods=1315, adapters=456, full_count=0
Compilation: enabled, stopped_count=0, restarted_count=0

Compilation events (20 events):
Event: 14928.964 Thread 0x000001fc7f42b220 1304       1       java.lang.invoke.InfoFromMemberName::getReferenceKind (5 bytes)
Event: 14928.970 Thread 0x000001fc7f42b220 nmethod 1304 0x000001fc1072c108 code [0x000001fc1072c200, 0x000001fc1072c2b8]
Event: 14928.972 Thread 0x000001fc7f42b220 1305       3       jdk.internal.classfile.impl.SplitConstantPool::methodRefEntry (72 bytes)
Event: 14929.127 Thread 0x000001fc7f42b220 nmethod 1305 0x000001fc08d7d808 code [0x000001fc08d7d900, 0x000001fc08d7eef0]
Event: 14932.614 Thread 0x000001fc7f42b220 1308       3       jdk.internal.classfile.impl.SplitConstantPool::writeTo (95 bytes)
Event: 14932.627 Thread 0x000001fc7f42b220 nmethod 1308 0x000001fc08d7ef08 code [0x000001fc08d7f000, 0x000001fc08d7fc58]
Event: 14932.627 Thread 0x000001fc7f42b220 1309       3       java.lang.invoke.InvokerBytecodeGenerator::emitImplicitConversion (166 bytes)
Event: 14932.771 Thread 0x000001fc7f42b220 nmethod 1309 0x000001fc08d7fc88 code [0x000001fc08d7fd80, 0x000001fc08d81220]
Event: 14933.528 Thread 0x000001fc7f42a760 1311       4       java.lang.String::<init> (98 bytes)
Event: 14933.528 Thread 0x000001fc7f42b220 1312       3       jdk.internal.classfile.impl.BufWriterImpl::writeU1U1 (39 bytes)
Event: 14933.528 Thread 0x000001fc7f42b220 nmethod 1312 0x000001fc08d81288 code [0x000001fc08d81380, 0x000001fc08d81648]
Event: 14933.529 Thread 0x000001fc7f42b220 1313       3       java.lang.invoke.DirectMethodHandle::preparedLambdaForm (31 bytes)
Event: 14933.635 Thread 0x000001fc7f42b220 nmethod 1313 0x000001fc08d81688 code [0x000001fc08d81780, 0x000001fc08d81de0]
Event: 14933.635 Thread 0x000001fc7f42b220 1317       3       jdk.internal.misc.Unsafe::putLongUnaligned (157 bytes)
Event: 14933.636 Thread 0x000001fc7f42b220 nmethod 1317 0x000001fc08d81e08 code [0x000001fc08d81f00, 0x000001fc08d82460]
Event: 14933.636 Thread 0x000001fc7f42b220 1314       3       java.lang.invoke.MemberName::<init> (50 bytes)
Event: 14933.637 Thread 0x000001fc7f42b220 nmethod 1314 0x000001fc08d82488 code [0x000001fc08d82580, 0x000001fc08d82980]
Event: 14933.637 Thread 0x000001fc7f42b220 1315       3       java.lang.invoke.LambdaForm$BasicType::basicTypeSlots (8 bytes)
Event: 14933.637 Thread 0x000001fc7f42b220 nmethod 1315 0x000001fc08d82988 code [0x000001fc08d82a80, 0x000001fc08d82c60]
Event: 14935.519 Thread 0x000001fc7f42a760 nmethod 1311 0x000001fc1072d008 code [0x000001fc1072d100, 0x000001fc1072d800]

GC Heap Usage History (12 events):
Event: 0.128 {heap Before GC invocations=0 (full 0):
 garbage-first heap   total reserved 2033664K, committed 10240K, used 4259K [0x0000000083e00000, 0x0000000100000000)
  region size 1M, 4 eden (4M), 0 survivor (0M), 2 old (2M), 0 humongous (0M), 4 free (4M)
}
Event: 0.129 {heap After GC invocations=1 (full 0):
 garbage-first heap   total reserved 2033664K, committed 10240K, used 2847K [0x0000000083e00000, 0x0000000100000000)
  region size 1M, 0 eden (0M), 1 survivor (1M), 3 old (3M), 0 humongous (0M), 6 free (6M)
}
Event: 0.203 {heap Before GC invocations=1 (full 0):
 garbage-first heap   total reserved 2033664K, committed 10240K, used 4895K [0x0000000083e00000, 0x0000000100000000)
  region size 1M, 2 eden (2M), 1 survivor (1M), 3 old (3M), 0 humongous (0M), 4 free (4M)
}
Event: 0.204 {heap After GC invocations=2 (full 0):
 garbage-first heap   total reserved 2033664K, committed 10240K, used 3412K [0x0000000083e00000, 0x0000000100000000)
  region size 1M, 0 eden (0M), 1 survivor (1M), 4 old (4M), 0 humongous (0M), 5 free (5M)
}
Event: 0.280 {heap Before GC invocations=2 (full 0):
 garbage-first heap   total reserved 2033664K, committed 10240K, used 5460K [0x0000000083e00000, 0x0000000100000000)
  region size 1M, 2 eden (2M), 1 survivor (1M), 4 old (4M), 0 humongous (0M), 3 free (3M)
}
Event: 0.281 {heap After GC invocations=3 (full 0):
 garbage-first heap   total reserved 2033664K, committed 13312K, used 3976K [0x0000000083e00000, 0x0000000100000000)
  region size 1M, 0 eden (0M), 1 survivor (1M), 4 old (4M), 0 humongous (0M), 8 free (8M)
}
Event: 0.433 {heap Before GC invocations=4 (full 0):
 garbage-first heap   total reserved 2033664K, committed 13312K, used 8072K [0x0000000083e00000, 0x0000000100000000)
  region size 1M, 4 eden (4M), 1 survivor (1M), 4 old (4M), 0 humongous (0M), 4 free (4M)
}
Event: 0.436 {heap After GC invocations=5 (full 0):
 garbage-first heap   total reserved 2033664K, committed 13312K, used 5283K [0x0000000083e00000, 0x0000000100000000)
  region size 1M, 0 eden (0M), 1 survivor (1M), 5 old (5M), 0 humongous (0M), 7 free (7M)
}
Event: 721.922 {heap Before GC invocations=5 (full 0):
 garbage-first heap   total reserved 2033664K, committed 13312K, used 6307K [0x0000000083e00000, 0x0000000100000000)
  region size 1M, 1 eden (1M), 1 survivor (1M), 5 old (5M), 0 humongous (0M), 6 free (6M)
}
Event: 721.950 {heap After GC invocations=6 (full 0):
 garbage-first heap   total reserved 2033664K, committed 13312K, used 5603K [0x0000000083e00000, 0x0000000100000000)
  region size 1M, 0 eden (0M), 1 survivor (1M), 6 old (6M), 0 humongous (0M), 6 free (6M)
}
Event: 14389.472 {heap Before GC invocations=6 (full 0):
 garbage-first heap   total reserved 2033664K, committed 13312K, used 6627K [0x0000000083e00000, 0x0000000100000000)
  region size 1M, 1 eden (1M), 1 survivor (1M), 6 old (6M), 0 humongous (0M), 5 free (5M)
}
Event: 14389.563 {heap After GC invocations=7 (full 0):
 garbage-first heap   total reserved 2033664K, committed 13312K, used 5463K [0x0000000083e00000, 0x0000000100000000)
  region size 1M, 0 eden (0M), 1 survivor (1M), 6 old (6M), 0 humongous (0M), 6 free (6M)
}

Metaspace Usage History (12 events):
Event: 0.128 {metaspace Before GC invocations=0 (full 0):
 Metaspace       used 1404K, committed 1536K, reserved 1114112K
  class space    used 127K, committed 192K, reserved 1048576K
}
Event: 0.129 {metaspace After GC invocations=1 (full 0):
 Metaspace       used 1404K, committed 1536K, reserved 1114112K
  class space    used 127K, committed 192K, reserved 1048576K
}
Event: 0.203 {metaspace Before GC invocations=1 (full 0):
 Metaspace       used 2799K, committed 2944K, reserved 1114112K
  class space    used 289K, committed 384K, reserved 1048576K
}
Event: 0.204 {metaspace After GC invocations=2 (full 0):
 Metaspace       used 2799K, committed 2944K, reserved 1114112K
  class space    used 289K, committed 384K, reserved 1048576K
}
Event: 0.280 {metaspace Before GC invocations=2 (full 0):
 Metaspace       used 4924K, committed 5184K, reserved 1114112K
  class space    used 513K, committed 640K, reserved 1048576K
}
Event: 0.281 {metaspace After GC invocations=3 (full 0):
 Metaspace       used 4924K, committed 5184K, reserved 1114112K
  class space    used 513K, committed 640K, reserved 1048576K
}
Event: 0.433 {metaspace Before GC invocations=4 (full 0):
 Metaspace       used 6143K, committed 6336K, reserved 1114112K
  class space    used 626K, committed 704K, reserved 1048576K
}
Event: 0.436 {metaspace After GC invocations=5 (full 0):
 Metaspace       used 6143K, committed 6336K, reserved 1114112K
  class space    used 626K, committed 704K, reserved 1048576K
}
Event: 721.923 {metaspace Before GC invocations=5 (full 0):
 Metaspace       used 6270K, committed 6464K, reserved 1114112K
  class space    used 635K, committed 704K, reserved 1048576K
}
Event: 721.950 {metaspace After GC invocations=6 (full 0):
 Metaspace       used 6270K, committed 6464K, reserved 1114112K
  class space    used 635K, committed 704K, reserved 1048576K
}
Event: 14389.507 {metaspace Before GC invocations=6 (full 0):
 Metaspace       used 6290K, committed 6464K, reserved 1114112K
  class space    used 637K, committed 704K, reserved 1048576K
}
Event: 14389.563 {metaspace After GC invocations=7 (full 0):
 Metaspace       used 6290K, committed 6464K, reserved 1114112K
  class space    used 637K, committed 704K, reserved 1048576K
}

Dll operation events (16 events):
Event: 0.009 Attempting to load shared library C:\Program Files\Java\jdk-26.0.2\bin\java.dll
Event: 0.010 Loaded shared library C:\Program Files\Java\jdk-26.0.2\bin\java.dll
Event: 0.040 Attempting to load shared library C:\Program Files\Java\jdk-26.0.2\bin\net.dll
Event: 0.040 Loaded shared library C:\Program Files\Java\jdk-26.0.2\bin\net.dll
Event: 0.041 Attempting to load shared library C:\Program Files\Java\jdk-26.0.2\bin\nio.dll
Event: 0.042 Loaded shared library C:\Program Files\Java\jdk-26.0.2\bin\nio.dll
Event: 0.044 Attempting to load shared library C:\Program Files\Java\jdk-26.0.2\bin\zip.dll
Event: 0.044 Loaded shared library C:\Program Files\Java\jdk-26.0.2\bin\zip.dll
Event: 0.085 Attempting to load shared library C:\Program Files\Java\jdk-26.0.2\bin\jimage.dll
Event: 0.085 Loaded shared library C:\Program Files\Java\jdk-26.0.2\bin\jimage.dll
Event: 0.194 Attempting to load shared library C:\Program Files\Java\jdk-26.0.2\bin\extnet.dll
Event: 0.195 Loaded shared library C:\Program Files\Java\jdk-26.0.2\bin\extnet.dll
Event: 0.218 Attempting to load shared library C:\Program Files\Java\jdk-26.0.2\bin\sunmscapi.dll
Event: 0.220 Loaded shared library C:\Program Files\Java\jdk-26.0.2\bin\sunmscapi.dll
Event: 0.254 Attempting to load shared library C:\Program Files\Java\jdk-26.0.2\bin\awt.dll
Event: 0.256 Loaded shared library C:\Program Files\Java\jdk-26.0.2\bin\awt.dll

Deoptimization events (14 events):
Event: 0.075 Thread 0x000001fc7b79f3f0 DEOPT PACKING pc=0x000001fc08c0cec5 sp=0x00000087f63fdf20
Event: 0.075 Thread 0x000001fc7b79f3f0 DEOPT UNPACKING pc=0x000001fc101815a2 sp=0x00000087f63fd368 mode 0
Event: 0.135 Thread 0x000001fc7b79f3f0 Uncommon trap: trap_request=0xffffff45 fr.pc=0x000001fc106d7374 relative=0x0000000000000074
Event: 0.135 Thread 0x000001fc7b79f3f0 Uncommon trap: reason=unstable_if action=reinterpret pc=0x000001fc106d7374 method=jdk.internal.misc.Unsafe.convEndian(ZI)I @ 4 c2
Event: 0.135 Thread 0x000001fc7b79f3f0 DEOPT PACKING pc=0x000001fc106d7374 sp=0x00000087f63fe6e0
Event: 0.135 Thread 0x000001fc7b79f3f0 DEOPT UNPACKING pc=0x000001fc10263082 sp=0x00000087f63fe610 mode 2
Event: 0.376 Thread 0x000001fc2078b1d0 DEOPT PACKING pc=0x000001fc08c04f58 sp=0x00000087f79fd8a0
Event: 0.376 Thread 0x000001fc2078b1d0 DEOPT UNPACKING pc=0x000001fc101815a2 sp=0x00000087f79fcd30 mode 0
Event: 0.400 Thread 0x000001fc2078b1d0 Uncommon trap: trap_request=0xffffff45 fr.pc=0x000001fc10713f2c relative=0x000000000000012c
Event: 0.400 Thread 0x000001fc2078b1d0 Uncommon trap: reason=unstable_if action=reinterpret pc=0x000001fc10713f2c method=java.util.regex.Pattern$BmpCharPropertyGreedy.match(Ljava/util/regex/Matcher;ILjava/lang/CharSequence;)Z @ 12 c2
Event: 0.400 Thread 0x000001fc2078b1d0 DEOPT PACKING pc=0x000001fc10713f2c sp=0x00000087f79fdfb0
Event: 0.400 Thread 0x000001fc2078b1d0 DEOPT UNPACKING pc=0x000001fc10263082 sp=0x00000087f79fdf48 mode 2
Event: 0.404 Thread 0x000001fc2078b1d0 DEOPT PACKING pc=0x000001fc08bff0f0 sp=0x00000087f79fd570
Event: 0.404 Thread 0x000001fc2078b1d0 DEOPT UNPACKING pc=0x000001fc101815a2 sp=0x00000087f79fc9a8 mode 0

Classes loaded (20 events):
Event: 14933.408 Loading class java/lang/foreign/AddressLayout
Event: 14933.413 Loading class java/lang/foreign/ValueLayout
Event: 14933.413 Loading class java/lang/foreign/MemoryLayout
Event: 14933.415 Loading class java/lang/foreign/MemoryLayout done
Event: 14933.417 Loading class java/lang/foreign/ValueLayout done
Event: 14933.418 Loading class java/lang/foreign/AddressLayout done
Event: 14933.536 Loading class jdk/internal/foreign/SegmentFactories$1
Event: 14933.536 Loading class jdk/internal/foreign/MemorySessionImpl$ResourceList$ResourceCleanup
Event: 14933.567 Loading class jdk/internal/foreign/MemorySessionImpl$ResourceList$ResourceCleanup done
Event: 14933.567 Loading class jdk/internal/foreign/SegmentFactories$1 done
Event: 14933.618 Loading class jdk/internal/foreign/MemorySessionImpl$ResourceList$ResourceCleanup$1
Event: 14933.618 Loading class jdk/internal/foreign/MemorySessionImpl$ResourceList$ResourceCleanup$1 done
Event: 14933.618 Loading class sun/java2d/d3d/D3DRenderQueue$1
Event: 14933.618 Loading class sun/java2d/d3d/D3DRenderQueue$1 done
Event: 14933.643 Loading class sun/java2d/d3d/D3DGraphicsDevice$1Result
Event: 14933.643 Loading class sun/java2d/d3d/D3DGraphicsDevice$1Result done
Event: 14933.643 Loading class sun/java2d/d3d/D3DGraphicsDevice$1
Event: 14933.643 Loading class sun/java2d/d3d/D3DGraphicsDevice$1 done
Event: 14933.643 Loading class sun/java2d/d3d/D3DContext$D3DContextCaps
Event: 14933.670 Loading class sun/java2d/pipe/hw/ContextCapabilities

Classes unloaded (0 events):
No events

Classes redefined (0 events):
No events

Internal exceptions (20 events):
Event: 0.240 Thread 0x000001fc7b79f3f0 Exception <a 'java/lang/NoSuchMethodError'{0x000000008444af48}: 'java.lang.Object java.lang.invoke.DirectMethodHandle$Holder.invokeStaticInit(java.lang.Object, java.lang.Object, int, int, int, int)'> (0x000000008444af48) 
thrown [s\open\src\hotspot\share\interpreter\linkResolver.cpp, line 804]
Event: 0.249 Thread 0x000001fc7b79f3f0 Exception <a 'java/lang/NoSuchMethodError'{0x00000000844798b8}: 'void java.lang.invoke.DirectMethodHandle$Holder.invokeStatic(java.lang.Object, java.lang.Object, java.lang.Object)'> (0x00000000844798b8) 
thrown [s\open\src\hotspot\share\interpreter\linkResolver.cpp, line 804]
Event: 0.253 Thread 0x000001fc7b79f3f0 Exception <a 'java/lang/ClassNotFoundException'{0x0000000084493618}: sun/awt/resources/spi/awtProvider> (0x0000000084493618) 
thrown [s\open\src\hotspot\share\classfile\systemDictionary.cpp, line 330]
Event: 0.257 Thread 0x000001fc7b79f3f0 Exception <a 'java/io/FileNotFoundException'{0x00000000844a8700}> (0x00000000844a8700) 
thrown [s\open\src\hotspot\share\prims\jni.cpp, line 514]
Event: 0.259 Thread 0x000001fc7b79f3f0 Exception <a 'java/io/FileNotFoundException'{0x00000000844bb0e8}> (0x00000000844bb0e8) 
thrown [s\open\src\hotspot\share\prims\jni.cpp, line 514]
Event: 0.306 Thread 0x000001fc7b79f3f0 Exception <a 'java/lang/NoSuchMethodError'{0x000000008480e060}: 'void java.lang.invoke.DirectMethodHandle$Holder.invokeStatic(java.lang.Object, long)'> (0x000000008480e060) 
thrown [s\open\src\hotspot\share\interpreter\linkResolver.cpp, line 804]
Event: 0.307 Thread 0x000001fc7b79f3f0 Exception <a 'java/lang/NoSuchMethodError'{0x000000008481cdb8}: 'java.lang.Object java.lang.invoke.DirectMethodHandle$Holder.newInvokeSpecial(java.lang.Object, long)'> (0x000000008481cdb8) 
thrown [s\open\src\hotspot\share\interpreter\linkResolver.cpp, line 804]
Event: 0.308 Thread 0x000001fc7b79f3f0 Exception <a 'java/lang/NoSuchMethodError'{0x0000000084826b08}: 'java.lang.Object java.lang.invoke.DirectMethodHandle$Holder.invokeStatic(java.lang.Object, long, java.lang.Object)'> (0x0000000084826b08) 
thrown [s\open\src\hotspot\share\interpreter\linkResolver.cpp, line 804]
Event: 0.308 Thread 0x000001fc7b79f3f0 Exception <a 'java/lang/NoSuchMethodError'{0x000000008482e9a8}: 'java.lang.Object java.lang.invoke.DirectMethodHandle$Holder.invokeStaticInit(java.lang.Object, long, java.lang.Object)'> (0x000000008482e9a8) 
thrown [s\open\src\hotspot\share\interpreter\linkResolver.cpp, line 804]
Event: 0.355 Thread 0x000001fc2078b1d0 Exception <a 'java/lang/NoSuchMethodError'{0x0000000084888958}: 'java.lang.Object java.lang.invoke.DirectMethodHandle$Holder.invokeInterface(java.lang.Object, java.lang.Object)'> (0x0000000084888958) 
thrown [s\open\src\hotspot\share\interpreter\linkResolver.cpp, line 804]
Event: 0.359 Thread 0x000001fc2078b1d0 Exception <a 'java/lang/NoSuchMethodError'{0x00000000848c5630}: 'java.lang.Object java.lang.invoke.DirectMethodHandle$Holder.invokeSpecialIFC(java.lang.Object, java.lang.Object, java.lang.Object, java.lang.Object)'> (0x00000000848c5630) 
thrown [s\open\src\hotspot\share\interpreter\linkResolver.cpp, line 804]
Event: 0.360 Thread 0x000001fc2078b1d0 Exception <a 'java/lang/NoSuchMethodError'{0x00000000848d6670}: 'java.lang.Object java.lang.invoke.DirectMethodHandle$Holder.invokeVirtual(java.lang.Object, java.lang.Object, java.lang.Object, java.lang.Object)'> (0x00000000848d6670) 
thrown [s\open\src\hotspot\share\interpreter\linkResolver.cpp, line 804]
Event: 0.362 Thread 0x000001fc2078b1d0 Exception <a 'java/lang/NoSuchMethodError'{0x00000000848e7130}: 'void java.lang.invoke.DirectMethodHandle$Holder.invokeStatic(java.lang.Object, java.lang.Object, java.lang.Object, java.lang.Object)'> (0x00000000848e7130) 
thrown [s\open\src\hotspot\share\interpreter\linkResolver.cpp, line 804]
Event: 0.408 Thread 0x000001fc2078b1d0 Exception <a 'java/lang/NoSuchMethodError'{0x0000000084552c20}: 'java.lang.Object java.lang.invoke.DirectMethodHandle$Holder.newInvokeSpecial(java.lang.Object, java.lang.Object, java.lang.Object, int)'> (0x0000000084552c20) 
thrown [s\open\src\hotspot\share\interpreter\linkResolver.cpp, line 804]
Event: 0.409 Thread 0x000001fc2078b1d0 Exception <a 'java/lang/NoSuchMethodError'{0x000000008455bcf8}: 'java.lang.Object java.lang.invoke.Invokers$Holder.linkToTargetMethod(java.lang.Object, java.lang.Object, int, java.lang.Object)'> (0x000000008455bcf8) 
thrown [s\open\src\hotspot\share\interpreter\linkResolver.cpp, line 804]
Event: 0.414 Thread 0x000001fc2078b1d0 Exception <a 'java/lang/IncompatibleClassChangeError'{0x00000000845a7d80}: Found class java.lang.Object, but interface was expected> (0x00000000845a7d80) 
thrown [s\open\src\hotspot\share\interpreter\linkResolver.cpp, line 871]
Event: 14931.416 Thread 0x000001fc2019d7a0 Exception <a 'java/lang/NoSuchMethodError'{0x00000000fff2c098}: 'long java.lang.invoke.DirectMethodHandle$Holder.invokeStatic(java.lang.Object, java.lang.Object)'> (0x00000000fff2c098) 
thrown [s\open\src\hotspot\share\interpreter\linkResolver.cpp, line 804]
Event: 14932.618 Thread 0x000001fc2019d7a0 Exception <a 'java/lang/NoSuchMethodError'{0x00000000fff34588}: 'long java.lang.invoke.DirectMethodHandle$Holder.invokeStaticInit(java.lang.Object, java.lang.Object)'> (0x00000000fff34588) 
thrown [s\open\src\hotspot\share\interpreter\linkResolver.cpp, line 804]
Event: 14933.423 Thread 0x000001fc2019d7a0 Exception <a 'java/lang/NoSuchMethodError'{0x00000000fff3d0c8}: 'java.lang.Object java.lang.invoke.DirectMethodHandle$Holder.invokeStatic(java.lang.Object, long)'> (0x00000000fff3d0c8) 
thrown [s\open\src\hotspot\share\interpreter\linkResolver.cpp, line 804]
Event: 14933.529 Thread 0x000001fc2019d7a0 Exception <a 'java/lang/NoSuchMethodError'{0x00000000fff455b0}: 'java.lang.Object java.lang.invoke.DirectMethodHandle$Holder.invokeStaticInit(java.lang.Object, long)'> (0x00000000fff455b0) 
thrown [s\open\src\hotspot\share\interpreter\linkResolver.cpp, line 804]

VM Operations (20 events):
Event: 13879.646 Executing non-safepoint VM operation: HandshakeAllThreads (DeflationHandshakeClosure)
Event: 13879.648 Executing non-safepoint VM operation: HandshakeAllThreads (DeflationHandshakeClosure) done
Event: 13879.648 Executing non-safepoint VM operation: RendezvousGCThreads
Event: 13879.648 Executing non-safepoint VM operation: RendezvousGCThreads done
Event: 13999.906 Executing non-safepoint VM operation: HandshakeAllThreads (DeflationHandshakeClosure)
Event: 13999.906 Executing non-safepoint VM operation: HandshakeAllThreads (DeflationHandshakeClosure) done
Event: 13999.906 Executing non-safepoint VM operation: RendezvousGCThreads
Event: 13999.908 Executing non-safepoint VM operation: RendezvousGCThreads done
Event: 14300.503 Executing non-safepoint VM operation: HandshakeAllThreads (DeflationHandshakeClosure)
Event: 14300.503 Executing non-safepoint VM operation: HandshakeAllThreads (DeflationHandshakeClosure) done
Event: 14300.503 Executing non-safepoint VM operation: RendezvousGCThreads
Event: 14300.503 Executing non-safepoint VM operation: RendezvousGCThreads done
Event: 14389.458 Executing safepoint VM operation: G1CollectForAllocation (G1 Evacuation Pause)
Event: 14389.563 Executing safepoint VM operation: G1CollectForAllocation (G1 Evacuation Pause) done
Event: 14661.364 Executing non-safepoint VM operation: HandshakeAllThreads (DeflationHandshakeClosure)
Event: 14661.364 Executing non-safepoint VM operation: HandshakeAllThreads (DeflationHandshakeClosure) done
Event: 14661.364 Executing non-safepoint VM operation: RendezvousGCThreads
Event: 14661.364 Executing non-safepoint VM operation: RendezvousGCThreads done
Event: 14929.180 Executing non-safepoint VM operation: HandshakeAllThreads (Deoptimize)
Event: 14929.182 Executing non-safepoint VM operation: HandshakeAllThreads (Deoptimize) done

Memory protections (0 events):
No events

Nmethod flushes (0 events):
No events

Events (20 events):
Event: 13008.742 Thread 0x000001fc207c9de0 Thread added: 0x000001fc20690420
Event: 13009.953 Thread 0x000001fc20690420 Thread exited: 0x000001fc20690420
Event: 13011.377 Thread 0x000001fc207c9de0 Thread added: 0x000001fc20690420
Event: 13012.393 Thread 0x000001fc20690420 Thread exited: 0x000001fc20690420
Event: 13855.812 Thread 0x000001fc207c9de0 Thread added: 0x000001fc20690420
Event: 13857.200 Thread 0x000001fc20690420 Thread exited: 0x000001fc20690420
Event: 13857.274 Thread 0x000001fc207c9de0 Thread added: 0x000001fc20690420
Event: 13858.396 Thread 0x000001fc20690420 Thread exited: 0x000001fc20690420
Event: 13965.958 Thread 0x000001fc207c9de0 Thread added: 0x000001fc7f488890
Event: 13967.067 Thread 0x000001fc7f488890 Thread exited: 0x000001fc7f488890
Event: 14274.918 Thread 0x000001fc207c9de0 Thread added: 0x000001fc7f488890
Event: 14275.974 Thread 0x000001fc7f488890 Thread exited: 0x000001fc7f488890
Event: 14283.582 Thread 0x000001fc207c9de0 Thread added: 0x000001fc7f488890
Event: 14284.836 Thread 0x000001fc7f488890 Thread exited: 0x000001fc7f488890
Event: 14646.589 Thread 0x000001fc207c9de0 Thread added: 0x000001fc20690420
Event: 14647.667 Thread 0x000001fc20690420 Thread exited: 0x000001fc20690420
Event: 14920.632 Thread 0x000001fc207c9de0 Thread added: 0x000001fc20690420
Event: 14923.201 Thread 0x000001fc20690420 Thread exited: 0x000001fc20690420
Event: 14923.865 Thread 0x000001fc207c9de0 Thread added: 0x000001fc20690420
Event: 14927.768 Thread 0x000001fc207c9de0 Thread added: 0x000001fc2019d7a0


Dynamic libraries:
0x00007ff615060000 - 0x00007ff615070000 	C:\Program Files\Java\jdk-26.0.2\bin\java.exe
0x00007ff843220000 - 0x00007ff843486000 	C:\WINDOWS\SYSTEM32\ntdll.dll
0x00007ff841860000 - 0x00007ff841929000 	C:\WINDOWS\System32\KERNEL32.DLL
0x00007ff840800000 - 0x00007ff840bff000 	C:\WINDOWS\System32\KERNELBASE.dll
0x00007ff840cc0000 - 0x00007ff840e0c000 	C:\WINDOWS\System32\ucrtbase.dll
0x00007ffffe880000 - 0x00007ffffe89e000 	C:\Program Files\Java\jdk-26.0.2\bin\VCRUNTIME140.dll
0x00007ffffe860000 - 0x00007ffffe877000 	C:\Program Files\Java\jdk-26.0.2\bin\jli.dll
0x00007ff842b00000 - 0x00007ff842cc6000 	C:\WINDOWS\System32\USER32.dll
0x00007ff8233e0000 - 0x00007ff823671000 	C:\WINDOWS\WinSxS\amd64_microsoft.windows.common-controls_6595b64144ccf1df_6.0.26100.8972_none_3e0da176e32f9d4b\COMCTL32.dll
0x00007ff8407d0000 - 0x00007ff8407f7000 	C:\WINDOWS\System32\win32u.dll
0x00007ff8415b0000 - 0x00007ff841659000 	C:\WINDOWS\System32\msvcrt.dll
0x00007ff8429b0000 - 0x00007ff8429db000 	C:\WINDOWS\System32\GDI32.dll
0x00007ff840e20000 - 0x00007ff840f49000 	C:\WINDOWS\System32\gdi32full.dll
0x00007ff840c10000 - 0x00007ff840cb3000 	C:\WINDOWS\System32\msvcp_win.dll
0x00007ff842a90000 - 0x00007ff842ac2000 	C:\WINDOWS\System32\IMM32.DLL
0x00007ff81ab80000 - 0x00007ff81ab8c000 	C:\Program Files\Java\jdk-26.0.2\bin\vcruntime140_1.dll
0x00007fffd58a0000 - 0x00007fffd592d000 	C:\Program Files\Java\jdk-26.0.2\bin\msvcp140.dll
0x00007fffbc930000 - 0x00007fffbd801000 	C:\Program Files\Java\jdk-26.0.2\bin\server\jvm.dll
0x00007ff8413e0000 - 0x00007ff84149c000 	C:\WINDOWS\System32\ADVAPI32.dll
0x00007ff8429e0000 - 0x00007ff842a8a000 	C:\WINDOWS\System32\sechost.dll
0x00007ff841660000 - 0x00007ff841778000 	C:\WINDOWS\System32\RPCRT4.dll
0x00007ff842920000 - 0x00007ff8429a2000 	C:\WINDOWS\System32\WS2_32.dll
0x00007ff8402b0000 - 0x00007ff84030e000 	C:\WINDOWS\SYSTEM32\POWRPROF.dll
0x00007ff834cc0000 - 0x00007ff834cf6000 	C:\WINDOWS\SYSTEM32\WINMM.dll
0x00007ff82ca10000 - 0x00007ff82ca1b000 	C:\WINDOWS\SYSTEM32\VERSION.dll
0x00007ff840290000 - 0x00007ff8402a5000 	C:\WINDOWS\SYSTEM32\UMPDC.dll
0x00007ff83f120000 - 0x00007ff83f13b000 	C:\WINDOWS\SYSTEM32\kernel.appcore.dll
0x00007ff80d1c0000 - 0x00007ff80d1ca000 	C:\Program Files\Java\jdk-26.0.2\bin\jimage.dll
0x00007ff83dac0000 - 0x00007ff83dd02000 	C:\WINDOWS\SYSTEM32\DBGHELP.DLL
0x00007ff841df0000 - 0x00007ff842175000 	C:\WINDOWS\System32\combase.dll
0x00007ff841780000 - 0x00007ff841859000 	C:\WINDOWS\System32\OLEAUT32.dll
0x00007ff81bb20000 - 0x00007ff81bb5b000 	C:\WINDOWS\SYSTEM32\dbgcore.DLL
0x00007ff840650000 - 0x00007ff8406fc000 	C:\WINDOWS\System32\bcryptPrimitives.dll
0x00007ffffe840000 - 0x00007ffffe85f000 	C:\Program Files\Java\jdk-26.0.2\bin\java.dll
0x00007ff841070000 - 0x00007ff841209000 	C:\WINDOWS\System32\ole32.dll
0x00007ff842190000 - 0x00007ff842918000 	C:\WINDOWS\System32\SHELL32.dll
0x00007ff83dea0000 - 0x00007ff83e73b000 	C:\WINDOWS\SYSTEM32\windows.storage.dll
0x00007ff841b80000 - 0x00007ff841c79000 	C:\WINDOWS\System32\SHCORE.dll
0x00007ff841b10000 - 0x00007ff841b76000 	C:\WINDOWS\System32\shlwapi.dll
0x00007ff840350000 - 0x00007ff840379000 	C:\WINDOWS\SYSTEM32\profapi.dll
0x00007ffff6ab0000 - 0x00007ffff6ac2000 	C:\Program Files\Java\jdk-26.0.2\bin\net.dll
0x00007ff83f6d0000 - 0x00007ff83f73c000 	C:\WINDOWS\system32\mswsock.dll
0x00007ffff6a10000 - 0x00007ffff6a26000 	C:\Program Files\Java\jdk-26.0.2\bin\nio.dll
0x00007fffe1920000 - 0x00007fffe1936000 	C:\Program Files\Java\jdk-26.0.2\bin\zip.dll
0x00007ff83ead0000 - 0x00007ff83ec28000 	C:\WINDOWS\SYSTEM32\DNSAPI.dll
0x00007ff83f4d0000 - 0x00007ff83f4dd000 	C:\WINDOWS\SYSTEM32\DSPARSE.dll
0x00007ff83ea90000 - 0x00007ff83eac3000 	C:\WINDOWS\SYSTEM32\IPHLPAPI.DLL
0x00007ff840f50000 - 0x00007ff840f5a000 	C:\WINDOWS\System32\NSI.dll
0x00007ff834c60000 - 0x00007ff834c6b000 	C:\Windows\System32\rasadhlp.dll
0x00007ff8396b0000 - 0x00007ff839736000 	C:\WINDOWS\System32\fwpuclnt.dll
0x00007ff8214a0000 - 0x00007ff8214a9000 	C:\Program Files\Java\jdk-26.0.2\bin\extnet.dll
0x00007ff821490000 - 0x00007ff82149e000 	C:\Program Files\Java\jdk-26.0.2\bin\sunmscapi.dll
0x00007ff8404c0000 - 0x00007ff84063e000 	C:\WINDOWS\System32\CRYPT32.dll
0x00007ff83fc00000 - 0x00007ff83fc30000 	C:\WINDOWS\SYSTEM32\ncrypt.dll
0x00007ff83fbb0000 - 0x00007ff83fbef000 	C:\WINDOWS\SYSTEM32\NTASN1.dll
0x00007fffd99c0000 - 0x00007fffd99c8000 	C:\WINDOWS\system32\wshunix.dll
0x00007ff83f9c0000 - 0x00007ff83f9db000 	C:\WINDOWS\SYSTEM32\CRYPTSP.dll
0x00007ff83f060000 - 0x00007ff83f099000 	C:\WINDOWS\system32\rsaenh.dll
0x00007ff83f780000 - 0x00007ff83f7b2000 	C:\WINDOWS\SYSTEM32\USERENV.dll
0x00007ff840320000 - 0x00007ff84034a000 	C:\WINDOWS\SYSTEM32\bcrypt.dll
0x00007ff83f9e0000 - 0x00007ff83f9ec000 	C:\WINDOWS\SYSTEM32\CRYPTBASE.dll
0x00007fffca3a0000 - 0x00007fffca524000 	C:\Program Files\Java\jdk-26.0.2\bin\awt.dll
0x00007ff83cad0000 - 0x00007ff83cb6f000 	C:\WINDOWS\SYSTEM32\apphelp.dll
0x00007ff83cf10000 - 0x00007ff83cfb8000 	C:\WINDOWS\system32\uxtheme.dll
0x00007ff841c80000 - 0x00007ff841ddd000 	C:\WINDOWS\System32\MSCTF.dll
0x00007ff83cba0000 - 0x00007ff83cbc9000 	C:\WINDOWS\system32\Wtsapi32.dll
0x00007ff83f3d0000 - 0x00007ff83f419000 	C:\WINDOWS\SYSTEM32\SspiCli.dll
0x00007ff8401e0000 - 0x00007ff840242000 	C:\WINDOWS\SYSTEM32\WINSTA.dll
0x00007ff807140000 - 0x00007ff8071f6000 	C:\WINDOWS\SYSTEM32\TextShaping.dll
0x00007ff83d2f0000 - 0x00007ff83d31f000 	C:\WINDOWS\system32\DWMAPI.DLL
0x00007fffcf790000 - 0x00007fffcf89c000 	C:\WINDOWS\system32\opengl32.dll
0x00007ff80e9b0000 - 0x00007ff80e9dd000 	C:\WINDOWS\SYSTEM32\GLU32.dll
0x00007ff83d120000 - 0x00007ff83d165000 	C:\WINDOWS\SYSTEM32\dxcore.dll

JVMTI agents: none

dbghelp: loaded successfully - version: 4.0.5 - missing functions: none
symbol engine: initialized successfully - sym options: 0x614 - pdb path: .;C:\Program Files\Java\jdk-26.0.2\bin;C:\WINDOWS\SYSTEM32;C:\WINDOWS\WinSxS\amd64_microsoft.windows.common-controls_6595b64144ccf1df_6.0.26100.8972_none_3e0da176e32f9d4b;C:\Program Files\Java\jdk-26.0.2\bin\server

VM Arguments:
java_command: io.qameta.allure.CommandLine open allure-report
java_class_path (initial): G:\allure-2.45.0\lib\allure-commandline-2.45.0.jar;G:\allure-2.45.0\lib\allure-generator-2.45.0.jar;G:\allure-2.45.0\lib\allure-model-2.35.4.jar;G:\allure-2.45.0\lib\allure-plugin-api-2.45.0.jar;G:\allure-2.45.0\lib\allure1-model-1.0.jar;G:\allure-2.45.0\lib\annotations-15.0.jar;G:\allure-2.45.0\lib\commons-beanutils-1.11.0.jar;G:\allure-2.45.0\lib\commons-codec-1.11.jar;G:\allure-2.45.0\lib\commons-collections-3.2.2.jar;G:\allure-2.45.0\lib\commons-collections4-4.5.0.jar;G:\allure-2.45.0\lib\commons-io-2.22.0.jar;G:\allure-2.45.0\lib\commons-lang3-3.20.0.jar;G:\allure-2.45.0\lib\commons-logging-1.3.5.jar;G:\allure-2.45.0\lib\commons-text-1.13.1.jar;G:\allure-2.45.0\lib\flexmark-0.62.2.jar;G:\allure-2.45.0\lib\flexmark-ext-tables-0.62.2.jar;G:\allure-2.45.0\lib\flexmark-util-0.62.2.jar;G:\allure-2.45.0\lib\flexmark-util-ast-0.62.2.jar;G:\allure-2.45.0\lib\flexmark-util-builder-0.62.2.jar;G:\allure-2.45.0\lib\flexmark-util-collection-0.62.2.jar;G:\allure-2.45.0\lib\flexmark-util-data-0.62.2.jar;G:\allure-2.45.0\lib\flexmark-util-dependency-0.62.2.jar;G:\allure-2.45.0\lib\flexmark-util-format-0.62.2.jar;G:\allure-2.45.0\lib\flexmark-util-html-0.62.2.jar;G:\allure-2.45.0\lib\flexmark-util-misc-0.62.2.jar;G:\allure-2.45.0\lib\flexmark-util-options-0.62.2.jar;G:\allure-2.45.0\lib\flexmark-util-sequence-0.62.2.jar;G:\allure-2.45.0\lib\flexmark-util-visitor-0.62.2.jar;G:\allure-2.45.0\lib\freemarker-2.3.34.jar;G:\allure-2.45.0\lib\httpclient-4.5.14.jar;G:\allure-2.45.0\lib\httpcore-4.4.16.jar;G:\allure-2.45.0\lib\jackson-annotations-2.22.jar;G:\allure-2.45.0\lib\jackson-core-2.22.1.jar;G:\allure-2.45.0\lib\jackson-databind-2.22.1.jar;G:\allure-2.45.0\lib\jackson-dataformat-xml-2.22.1.jar;G:\allure-2.45.0\lib\jackson-dataformat-yaml-2.22.1.jar;G:\allure-2.45.0\lib\jackson-module-jaxb-annotations-2.22.1.jar;G:\allure-2.45.0\lib\jakarta.activation-api-1.2.2.jar;G:\allure-2.45.0\lib\javax.activation-api-1.2.0.jar;G:\allure-2.45.0\lib\jaxb-api-2.3.1.jar;G:\allure-2.45.0\lib\jaxb-utils-1.0.jar;G:\allure-2.45.0\lib\jcommander-1.82.jar;G:\allure-2.45.0\lib\jsoup-1.23.1.jar;G:\allure-2.45.0\lib\opencsv-5.12.0.jar;G:\allure-2.45.0\lib\properties-2.0.RC5.jar;G:\allure-2.45.0\lib\slf4j-api-2.0.18.jar;G:\allure-2.45.0\lib\slf4j-jdk14-2.0.18.jar;G:\allure-2.45.0\lib\snakeyaml-2.5.jar;G:\allure-2.45.0\lib\stax2-api-4.3.0.jar;G:\allure-2.45.0\lib\woodstox-core-7.2.0.jar;G:\allure-2.45.0\lib\config
Launcher Type: SUN_STANDARD

[Global flags]
     bool AOTAdapterCaching                        = false                                  {diagnostic} {ergonomic}
     bool AOTInvokeDynamicLinking                  = false                                  {diagnostic} {ergonomic}
     bool AOTRecordTraining                        = false                                  {diagnostic} {ergonomic}
     bool AOTReplayTraining                        = false                                  {diagnostic} {ergonomic}
     bool AOTStubCaching                           = false                                  {diagnostic} {ergonomic}
     intx CICompilerCount                          = 4                                         {product} {ergonomic}
     uint ConcGCThreads                            = 2                                         {product} {ergonomic}
     uint G1ConcRefinementThreads                  = 8                                         {product} {ergonomic}
     uint G1EagerReclaimRemSetThreshold            = 10                                   {experimental} {ergonomic}
   size_t G1HeapRegionSize                         = 1048576                                   {product} {ergonomic}
     uint G1RemSetArrayOfCardsEntries              = 10                                   {experimental} {ergonomic}
     uint G1RemSetHowlMaxNumBuckets                = 8                                    {experimental} {ergonomic}
     uint G1RemSetHowlNumBuckets                   = 4                                    {experimental} {ergonomic}
   size_t InitialHeapSize                          = 8388608                                   {product} {ergonomic}
     bool IntelJccErratumMitigation                = false                             {ARCH diagnostic} {ergonomic}
   size_t MarkStackSize                            = 4194304                                   {product} {ergonomic}
   size_t MarkStackSizeMax                         = 536870912                                 {product} {ergonomic}
   size_t MaxHeapSize                              = 2082471936                                {product} {ergonomic}
   size_t MaxNewSize                               = 1248854016                                {product} {ergonomic}
 uint64_t MaxRAM                                   = 8327782400                                {product} {ergonomic}
   size_t MinHeapDeltaBytes                        = 1048576                                   {product} {ergonomic}
   size_t MinHeapSize                              = 8388608                                   {product} {ergonomic}
   size_t NonNMethodCodeHeapSize                   = 5898240                                {pd product} {ergonomic}
   size_t NonProfiledCodeHeapSize                  = 122945536                              {pd product} {ergonomic}
   size_t ProfiledCodeHeapSize                     = 122945536                              {pd product} {ergonomic}
   size_t ReservedCodeCacheSize                    = 251789312                              {pd product} {ergonomic}
     bool SegmentedCodeCache                       = true                                      {product} {ergonomic}
   size_t SoftMaxHeapSize                          = 2082471936                             {manageable} {ergonomic}
     bool UseCompressedOops                        = true                           {product lp64_product} {ergonomic}
     bool UseCondCardMark                          = true                                      {product} {ergonomic}
     bool UseFastUnorderedTimeStamps               = true                                 {experimental} {ergonomic}
     bool UseG1GC                                  = true                                      {product} {ergonomic}
     bool UseLargePagesIndividualAllocation        = false                                  {pd product} {ergonomic}
      int X86ICacheSync                            = 3                                 {ARCH diagnostic} {ergonomic}

Logging:
Log output configuration:
 #0: stdout all=warning uptime,level,tags foldmultilines=false
 #1: stderr all=off uptime,level,tags foldmultilines=false

Release file:
IMPLEMENTOR="Oracle Corporation" 
JAVA_RUNTIME_VERSION="26.0.2+10-55" 
JAVA_VERSION="26.0.2" 
JAVA_VERSION_DATE="2026-07-21" 
LIBC="default" 
MODULES="java.base java.compiler java.datatransfer java.xml java.prefs java.desktop java.instrument java.logging java.management java.security.sasl java.naming java.rmi java.management.rmi java.net.http java.scripting java.security.jgss java.transaction.xa java.sql java.sql.rowset java.xml.crypto java.se java.smartcardio jdk.accessibility jdk.internal.jvmstat jdk.attach jdk.charsets jdk.internal.opt jdk.zipfs jdk.compiler jdk.crypto.cryptoki jdk.crypto.ec jdk.crypto.mscapi jdk.dynalink jdk.internal.ed jdk.editpad jdk.internal.vm.ci jdk.graal.compiler jdk.graal.compiler.management jdk.hotspot.agent jdk.httpserver jdk.incubator.vector jdk.internal.le jdk.internal.md jdk.jartool jdk.javadoc jdk.jcmd jdk.management jdk.management.agent jdk.jconsole jdk.jdeps jdk.jdwp.agent jdk.jdi jdk.jfr jdk.jlink jdk.jpackage jdk.jshell jdk.jstatd jdk.localedata jdk.management.jfr jdk.naming.dns jdk.naming.rmi jdk.net jdk.nio.mapmode jdk.sctp jdk.security.auth jdk.security.jgss jdk.unsupported jdk.unsupported.desktop jdk.xml.dom" 
OS_ARCH="x86_64" 
OS_NAME="Windows" 
SOURCE=".:git:28b9aeff05f1 open:git:fa67dfdcec4b" 

Environment Variables:
JAVA_HOME=C:\Program Files\Java\jdk-26.0.2
PATH=C:\Program Files\Common Files\Oracle\Java\javapath;C:\Python314\Scripts\;C:\Python314\;C:\WINDOWS\system32;C:\WINDOWS;C:\WINDOWS\System32\Wbem;C:\WINDOWS\System32\WindowsPowerShell\v1.0\;C:\WINDOWS\System32\OpenSSH\;C:\ProgramData\chocolatey\bin;C:\Users\vveer\AppData\Local\Android\Sdk\platform-tools;C:\Users\vveer\AppData\Local\Android\Sdk\emulator;C:\Users\vveer\AppData\Local\Android\Sdk\cmdline-tools\latest\bin;C:\Program Files\Java\jdk-26.0.2\bin;C:\Program Files\nodejs\;C:\Users\vveer\AppData\Local\Android\Sdk\platform-tools;C:\Users\vveer\AppData\Local\Android\Sdk\platforms;G:\allure-2.45.0\bin;C:\Users\vveer\AppData\Local\Programs\Python\Python314\Scripts\;C:\Users\vveer\AppData\Local\Programs\Python\Python314\;C:\Users\vveer\AppData\Local\Programs\Python\Launcher\;C:\Users\vveer\AppData\Local\Microsoft\WindowsApps;C:\Users\vveer\AppData\Roaming\npm;C:\Users\vveer\AppData\Local\Android\Sdk\build-tools\37.0.0;
USERNAME=vveer
OS=Windows_NT
PROCESSOR_IDENTIFIER=Intel64 Family 6 Model 140 Stepping 2, GenuineIntel
TMP=C:\Users\vveer\AppData\Local\Temp
TEMP=C:\Users\vveer\AppData\Local\Temp




Compilation memory statistics disabled.

Periodic native trim disabled

---------------  S Y S T E M  ---------------

OS:
 Windows 11 , 64 bit Build 26100 (10.0.26100.9168)
OS uptime: 13 days 0:55 hours
Hyper-V role detected

CPU: total 8 (initial active 8) (4 cores per cpu, 2 threads per core) family 6 model 140 stepping 2 microcode 0x2c, cx8, cmov, fxsr, ht, mmx, 3dnowpref, sse, sse2, sse3, ssse3, sse4.1, sse4.2, popcnt, lzcnt, tsc, tscinvbit, avx, avx2, aes, erms, clmul, bmi1, bmi2, adx, avx512f, avx512dq, avx512cd, avx512bw, avx512vl, sha, fma, vzeroupper, avx512_vpopcntdq, avx512_vpclmulqdq, avx512_vaes, avx512_vnni, clflush, clflushopt, clwb, avx512_vbmi2, avx512_vbmi, hv, rdtscp, rdpid, fsrm, gfni, avx512_bitalg, f16c, cet_ibt, cet_ss, avx512_ifma
Processor Information for processor 0
  Max Mhz: 2496, Current Mhz: 2496, Mhz Limit: 2496
Processor Information for processor 1
  Max Mhz: 2496, Current Mhz: 2496, Mhz Limit: 2496
Processor Information for processor 2
  Max Mhz: 2496, Current Mhz: 1198, Mhz Limit: 2496
Processor Information for processor 3
  Max Mhz: 2496, Current Mhz: 2496, Mhz Limit: 2496
Processor Information for processor 4
  Max Mhz: 2496, Current Mhz: 2496, Mhz Limit: 2496
Processor Information for processor 5
  Max Mhz: 2496, Current Mhz: 2496, Mhz Limit: 2496
Processor Information for processor 6
  Max Mhz: 2496, Current Mhz: 2496, Mhz Limit: 2496
Processor Information for processor 7
  Max Mhz: 2496, Current Mhz: 2496, Mhz Limit: 2496

Memory: 4k page, system-wide physical 7941M (277M free)
TotalPageFile size 20308M (AvailPageFile size 103M)
current process WorkingSet (physical memory assigned to process): 28M, peak: 77M
current process commit charge ("private bytes"): 106M, peak: 114M

vm_info: Java HotSpot(TM) 64-Bit Server VM (26.0.2+10-55) for windows-amd64 JRE (26.0.2+10-55), built on 2026-06-17T09:18:01Z with MS VC++ 17.13 (VS2022)

END.
