#
# There is insufficient memory for the Java Runtime Environment to continue.
# Native memory allocation (malloc) failed to allocate 184984 bytes. Error detail: Chunk::new
# Possible reasons:
#   The system is out of physical RAM or swap space
#   This process is running with CompressedOops enabled, and the Java Heap may be blocking the growth of the native heap
# Possible solutions:
#   Reduce memory load on the system
#   Increase physical memory or swap space
#   Check if swap backing store is full
#   Decrease Java heap size (-Xmx/-Xms)
#   Decrease number of Java threads
#   Decrease Java thread stack sizes (-Xss)
#   Set larger code cache with -XX:ReservedCodeCacheSize=
#   JVM is running with Unscaled Compressed Oops mode in which the Java heap is
#     placed in the first 4GB address space. The Java Heap base address is the
#     maximum limit for the native heap growth. Please use -XX:HeapBaseMinAddress
#     to set the Java Heap base and to place the Java Heap above 4GB virtual address.
# This output file may be truncated or incomplete.
#
#  Out of Memory Error (arena.cpp:193), pid=22864, tid=7192
#
# JRE version: Java(TM) SE Runtime Environment (26.0.2+10) (build 26.0.2+10-55)
# Java VM: Java HotSpot(TM) 64-Bit Server VM (26.0.2+10-55, mixed mode, sharing, tiered, compressed oops, compressed class ptrs, g1 gc, windows-amd64)
# No core dump will be written. Minidumps are not enabled by default on client versions of Windows
#

---------------  S U M M A R Y ------------

Command Line: io.qameta.allure.CommandLine open allure-report

Host: 11th Gen Intel(R) Core(TM) i5-1155G7 @ 2.50GHz, 8 cores, 7G,  Windows 11 , 64 bit Build 26100 (10.0.26100.9168)
Time: Tue Sep  8 23:42:48 2026 India Standard Time elapsed time: 22830.012642 seconds (0d 6h 20m 30s)

---------------  T H R E A D  ---------------

Current thread (0x000001e46ef6a020):  JavaThread "C2 CompilerThread0" daemon [_thread_in_native, id=7192, stack(0x00000082bec00000,0x00000082bed00000) (1024K)]


Current CompileTask:
C2:22830012 1342       4       java.lang.AbstractStringBuilder::<init> (39 bytes)

Stack: [0x00000082bec00000,0x00000082bed00000]
Native frames: (J=compiled Java code, j=interpreted, Vv=VM code, C=native code)
V  [jvm.dll+0x7d6ea9]  (no source info available)
V  [jvm.dll+0x7a4dcd]  (no source info available)
V  [jvm.dll+0x9b2390]  (no source info available)
V  [jvm.dll+0x9b47e1]  (no source info available)
V  [jvm.dll+0x9b4ef3]  (no source info available)
V  [jvm.dll+0x30f4d6]  (no source info available)
V  [jvm.dll+0x11ddb6]  (no source info available)
V  [jvm.dll+0x11e0de]  (no source info available)
V  [jvm.dll+0x1b00f6]  (no source info available)
V  [jvm.dll+0x3cc262]  (no source info available)
V  [jvm.dll+0x7dfaa2]  (no source info available)
V  [jvm.dll+0x2d2947]  (no source info available)
V  [jvm.dll+0x2d18bf]  (no source info available)
V  [jvm.dll+0x246d30]  (no source info available)
V  [jvm.dll+0x2e19dc]  (no source info available)
V  [jvm.dll+0x2dfbbd]  (no source info available)
V  [jvm.dll+0x4a5a61]  (no source info available)
V  [jvm.dll+0x950d59]  (no source info available)
V  [jvm.dll+0x7d8988]  (no source info available)
C  [ucrtbase.dll+0x2cd30]  (no source info available)
C  [KERNEL32.DLL+0x2ccb7]  (no source info available)
C  [ntdll.dll+0xaad6c]  (no source info available)

Lock stack of current Java thread (top to bottom):


---------------  P R O C E S S  ---------------

Threads class SMR info:
_java_thread_list=0x000001e474345420, length=17, elements={
0x000001e44f585e10, 0x000001e46ef5adf0, 0x000001e46ef5b840, 0x000001e46ef610e0,
0x000001e46ef61c90, 0x000001e46ef633b0, 0x000001e46ef63f60, 0x000001e46ef6a020,
0x000001e46ef70840, 0x000001e46f0461b0, 0x000001e46ef3ce20, 0x000001e46fba3380,
0x000001e46fbae3c0, 0x000001e46fbdb150, 0x000001e46fbdc0b0, 0x000001e46f2a9d30,
0x000001e46f9cb030
}

Java Threads: ( => current thread )
  0x000001e44f585e10 JavaThread "main"                              [_thread_blocked, id=23440, stack(0x00000082bdd00000,0x00000082bde00000) (1024K)]
  0x000001e46ef5adf0 JavaThread "Reference Handler"          daemon [_thread_blocked, id=4924, stack(0x00000082be600000,0x00000082be700000) (1024K)]
  0x000001e46ef5b840 JavaThread "Finalizer"                  daemon [_thread_blocked, id=10736, stack(0x00000082be700000,0x00000082be800000) (1024K)]
  0x000001e46ef610e0 JavaThread "Signal Dispatcher"          daemon [_thread_blocked, id=7668, stack(0x00000082be800000,0x00000082be900000) (1024K)]
  0x000001e46ef61c90 JavaThread "Attach Listener"            daemon [_thread_blocked, id=3488, stack(0x00000082be900000,0x00000082bea00000) (1024K)]
  0x000001e46ef633b0 JavaThread "Service Thread"             daemon [_thread_blocked, id=17812, stack(0x00000082bea00000,0x00000082beb00000) (1024K)]
  0x000001e46ef63f60 JavaThread "Monitor Deflation Thread"   daemon [_thread_blocked, id=20296, stack(0x00000082beb00000,0x00000082bec00000) (1024K)]
=>0x000001e46ef6a020 JavaThread "C2 CompilerThread0"         daemon [_thread_in_native, id=7192, stack(0x00000082bec00000,0x00000082bed00000) (1024K)]
  0x000001e46ef70840 JavaThread "C1 CompilerThread0"         daemon [_thread_blocked, id=6344, stack(0x00000082bed00000,0x00000082bee00000) (1024K)]
  0x000001e46f0461b0 JavaThread "Notification Thread"        daemon [_thread_blocked, id=13576, stack(0x00000082bee00000,0x00000082bef00000) (1024K)]
  0x000001e46ef3ce20 JavaThread "Common-Cleaner"             daemon [_thread_blocked, id=9500, stack(0x00000082bef00000,0x00000082bf000000) (1024K)]
  0x000001e46fba3380 JavaThread "idle-timeout-task"          daemon [_thread_blocked, id=17092, stack(0x00000082bf200000,0x00000082bf300000) (1024K)]
  0x000001e46fbae3c0 JavaThread "HTTP-Dispatcher"                   [_thread_in_native, id=14980, stack(0x00000082bf300000,0x00000082bf400000) (1024K)]
  0x000001e46fbdb150 JavaThread "Java2D Disposer"            daemon [_thread_blocked, id=16888, stack(0x00000082bf400000,0x00000082bf500000) (1024K)]
  0x000001e46fbdc0b0 JavaThread "AWT-Windows"                daemon [_thread_in_native, id=12940, stack(0x00000082bf600000,0x00000082bf700000) (1024K)]
  0x000001e46f2a9d30 JavaThread "AWT-Shutdown"                      [_thread_blocked, id=30060, stack(0x00000082bda00000,0x00000082bdb00000) (1024K)]
  0x000001e46f9cb030 JavaThread "AWT-EventQueue-0"                  [_thread_in_vm, id=32484, stack(0x00000082bdc00000,0x00000082bdd00000) (1024K)]
Total: 17

Other Threads:
  0x000001e46ef493d0 VMThread "VM Thread"                           [id=5692, stack(0x00000082be500000,0x00000082be600000) (1024K)]
  0x000001e46ef3ca20 WatcherThread "VM Periodic Task Thread"        [id=14008, stack(0x00000082be400000,0x00000082be500000) (1024K)]
  0x000001e451aeee80 WorkerThread "GC Thread#0"                     [id=25976, stack(0x00000082bde00000,0x00000082bdf00000) (1024K)]
  0x000001e46f5c4020 WorkerThread "GC Thread#1"                     [id=14616, stack(0x00000082bf100000,0x00000082bf200000) (1024K)]
  0x000001e46fbec810 WorkerThread "GC Thread#2"                     [id=5048, stack(0x00000082bf700000,0x00000082bf800000) (1024K)]
  0x000001e46fbf5850 WorkerThread "GC Thread#3"                     [id=23184, stack(0x00000082bf800000,0x00000082bf900000) (1024K)]
  0x000001e46fbf5c70 WorkerThread "GC Thread#4"                     [id=14640, stack(0x00000082bf900000,0x00000082bfa00000) (1024K)]
  0x000001e46fc0a0b0 WorkerThread "GC Thread#5"                     [id=13048, stack(0x00000082bfa00000,0x00000082bfb00000) (1024K)]
  0x000001e46fc0f680 WorkerThread "GC Thread#6"                     [id=16832, stack(0x00000082bf000000,0x00000082bf100000) (1024K)]
  0x000001e46fc107c0 WorkerThread "GC Thread#7"                     [id=8240, stack(0x00000082bf500000,0x00000082bf600000) (1024K)]
  0x000001e451b073a0 ConcurrentGCThread "G1 Main Marker"            [id=25508, stack(0x00000082bdf00000,0x00000082be000000) (1024K)]
  0x000001e451b07f20 WorkerThread "G1 Conc#0"                       [id=22072, stack(0x00000082be000000,0x00000082be100000) (1024K)]
  0x000001e46fc0fad0 WorkerThread "G1 Conc#1"                       [id=24360, stack(0x00000082bfb00000,0x00000082bfc00000) (1024K)]
  0x000001e451b4e660 WorkerThread "G1 Refinement Workers#0"         [id=1180, stack(0x00000082be200000,0x00000082be300000) (1024K)]
  0x000001e451b4ab80 ConcurrentGCThread "G1 Refine Control"         [id=2336, stack(0x00000082be100000,0x00000082be200000) (1024K)]
  0x000001e451b4fb40 ConcurrentGCThread "G1 Service"                [id=6700, stack(0x00000082be300000,0x00000082be400000) (1024K)]
Total: 16

Threads with active compile tasks:
C2 CompilerThread0  22830125 1342       4       java.lang.AbstractStringBuilder::<init> (39 bytes)
Total: 1

VM state: not at safepoint (normal execution)

VM Mutex/Monitor currently owned by a thread: None

Heap address: 0x0000000083e00000, size: 1986 MB, Compressed Oops mode: 32-bit

CDS archive(s) mapped at: [0x0000000026000000-0x0000000026de0000-0x0000000026de0000), size 14548992, SharedBaseAddress: 0x0000000026000000, ArchiveRelocationMode: 1.
Compressed class space mapped at: 0x0000000027000000-0x0000000067000000, reserved size: 1073741824
UseCompressedClassPointers 1, UseCompactObjectHeaders 0
Narrow klass pointer bits 32, Max shift 3
Narrow klass base: 0x0000000026000000, Narrow klass shift: 0
Encoding Range: [0x0000000026000000 - 0x0000000126000000), (4294967296 bytes)
Klass Range:    [0x0000000026000000 - 0x0000000067000000), (1090519040 bytes)
Klass ID Range:  [8 - 1090519033) (1090519025)
Protection zone: [0x0000000026000000 - 0x0000000026010000), (65536 bytes)

GC Precious Log:
 CardTable entry size: 512
 Card Set container configuration: InlinePtr #cards 5 size 8 Array Of Cards #cards 10 size 36 Howl #buckets 4 coarsen threshold 1843 Howl Bitmap #cards 512 size 80 coarsen threshold 460 Card regions per heap region 1 cards per card region 2048
 CPUs: 8 total, 8 available
 Memory: 7941M
 Large Page Support: Disabled
 NUMA Support: Disabled
 Compressed Oops: Enabled (32-bit)
 Heap Region Size: 1M
 Heap Min Capacity: 8M
 Heap Initial Capacity: 8M
 Heap Max Capacity: 1986M
 Pre-touch: Disabled
 Parallel Workers: 8
 Concurrent Workers: 2
 Concurrent Refinement Workers: 8
 Periodic GC: Disabled

Heap:
 garbage-first heap   total reserved 2033664K, committed 13312K, used 5466K [0x0000000083e00000, 0x0000000100000000)
  region size 1M, 1 eden (1M), 1 survivor (1M), 6 old (6M), 0 humongous (0M), 5 free (5M)

Heap Regions: E=young(eden), S=young(survivor), O=old, HS=humongous(starts), HC=humongous(continues), CS=collection set, F=free, TAMS=top-at-mark-start, PB=parsable bottom
|    0|0x0000000083e00000, 0x0000000083f00000, 0x0000000083f00000|100%| O|  |TAMS 0x0000000083e00000| PB 0x0000000083e00000| Untracked |  0
|    1|0x0000000083f00000, 0x0000000084000000, 0x0000000084000000|100%| O|  |TAMS 0x0000000083f00000| PB 0x0000000083f00000| Untracked |  0
|    2|0x0000000084000000, 0x0000000084100000, 0x0000000084100000|100%| O|  |TAMS 0x0000000084000000| PB 0x0000000084000000| Untracked |  0
|    3|0x0000000084100000, 0x0000000084200000, 0x0000000084200000|100%| O|  |TAMS 0x0000000084100000| PB 0x0000000084100000| Untracked |  0
|    4|0x0000000084200000, 0x0000000084245d20, 0x0000000084300000| 27%| O|  |TAMS 0x0000000084200000| PB 0x0000000084200000| Untracked |  0
|    5|0x0000000084300000, 0x0000000084300000, 0x0000000084400000|  0%| F|  |TAMS 0x0000000084300000| PB 0x0000000084300000| Untracked |  0
|    6|0x0000000084400000, 0x0000000084400000, 0x0000000084500000|  0%| F|  |TAMS 0x0000000084400000| PB 0x0000000084400000| Untracked |  0
|    7|0x0000000084500000, 0x0000000084500000, 0x0000000084600000|  0%| F|  |TAMS 0x0000000084500000| PB 0x0000000084500000| Untracked |  0
|    8|0x0000000084600000, 0x0000000084600000, 0x0000000084700000|  0%| F|  |TAMS 0x0000000084600000| PB 0x0000000084600000| Untracked |  0
|    9|0x0000000084700000, 0x0000000084700000, 0x0000000084800000|  0%| F|  |TAMS 0x0000000084700000| PB 0x0000000084700000| Untracked |  0
|   10|0x0000000084800000, 0x0000000084810eb0, 0x0000000084900000|  6%| S|CS|TAMS 0x0000000084800000| PB 0x0000000084800000| Complete  |  0
| 1984|0x00000000ffe00000, 0x00000000fff00000, 0x00000000fff00000|100%| O|  |TAMS 0x00000000ffe00000| PB 0x00000000ffe00000| Untracked |  0
| 1985|0x00000000fff00000, 0x00000000fff5d490, 0x0000000100000000| 36%| E|CS|TAMS 0x00000000fff00000| PB 0x00000000fff00000| Complete  |  0

Card table byte_map: [0x000001e469ea0000,0x000001e46a290000] _byte_map_base: 0x000001e469a81000
Refinement table byte_map: [0x000001e46a290000,0x000001e46a680000] _byte_map_base: 0x000001e469e71000

Marking Bits: (CMBitMap*) 0x000001e451aef600
 Bits: [0x000001e46a680000, 0x000001e46c588000)

Polling page: 0x000001e44f860000

Metaspace:
Metaspace        used 6681K, committed 6848K, reserved 1114112K
 class space     used 678K, committed 768K, reserved 1048576K

Usage:
  Non-class:      5.86 MB used.
      Class:    678.09 KB used.
       Both:      6.53 MB used.

Virtual space:
  Non-class space:       64.00 MB reserved,       5.94 MB (  9%) committed,  1 nodes.
      Class space:        1.00 GB reserved,     768.00 KB ( <1%) committed,  1 nodes.
             Both:        1.06 GB reserved,       6.69 MB ( <1%) committed. 

Chunk freelists:
   Non-Class:  9.89 MB
       Class:  15.20 MB
        Both:  25.09 MB

MaxMetaspaceSize: unlimited
CompressedClassSpaceSize: 1.00 GB
Initial GC threshold: 21.00 MB
Current GC threshold: 21.00 MB
CDS: on
 - commit_granule_bytes: 65536.
 - commit_granule_words: 8192.
 - virtual_space_node_default_size: 8388608.
 - enlarge_chunks_in_place: 1.
UseCompressedClassPointers 1, UseCompactObjectHeaders 0
Narrow klass pointer bits 32, Max shift 3
Narrow klass base: 0x0000000026000000, Narrow klass shift: 0
Encoding Range: [0x0000000026000000 - 0x0000000126000000), (4294967296 bytes)
Klass Range:    [0x0000000026000000 - 0x0000000067000000), (1090519040 bytes)
Klass ID Range:  [8 - 1090519033) (1090519025)
Protection zone: [0x0000000026000000 - 0x0000000026010000), (65536 bytes)


Internal statistics:

num_allocs_failed_limit: 0.
num_arena_births: 102.
num_arena_deaths: 0.
num_vsnodes_births: 2.
num_vsnodes_deaths: 0.
num_space_committed: 107.
num_space_uncommitted: 0.
num_chunks_returned_to_freelist: 0.
num_chunks_taken_from_freelist: 189.
num_chunk_merges: 0.
num_chunk_splits: 119.
num_chunks_enlarged: 73.
num_inconsistent_stats: 0.

CodeHeap 'non-profiled nmethods': size=120064Kb used=388Kb max_used=388Kb free=119675Kb
 bounds [0x000001e462240000, 0x000001e4624b0000, 0x000001e469780000]
CodeHeap 'profiled nmethods': size=120064Kb used=1623Kb max_used=1623Kb free=118440Kb
 bounds [0x000001e45a760000, 0x000001e45a9d0000, 0x000001e461ca0000]
CodeHeap 'non-nmethods': size=5760Kb used=1566Kb max_used=1580Kb free=4193Kb
 bounds [0x000001e461ca0000, 0x000001e461f10000, 0x000001e462240000]
CodeCache: size=245888Kb, used=3577Kb, max_used=3591Kb, free=242308Kb
 total_blobs=1893, nmethods=1340, adapters=457, full_count=0
Compilation: enabled, stopped_count=0, restarted_count=0

Compilation events (20 events):
Event: 22817.858 Thread 0x000001e46ef70840 nmethod 1328 0x000001e45a8f0308 code [0x000001e45a8f0400, 0x000001e45a8f0628]
Event: 22819.488 Thread 0x000001e46ef70840 1329       3       java.lang.invoke.MethodHandles$Lookup::isArrayClone (50 bytes)
Event: 22819.600 Thread 0x000001e46ef70840 nmethod 1329 0x000001e45a8f0688 code [0x000001e45a8f0780, 0x000001e45a8f1118]
Event: 22821.560 Thread 0x000001e46ef6a020 1331       4       java.lang.invoke.MemberName::getReferenceKind (12 bytes)
Event: 22821.590 Thread 0x000001e46ef6a020 nmethod 1331 0x000001e46229fc08 code [0x000001e46229fd00, 0x000001e46229fd70]
Event: 22822.411 Thread 0x000001e46ef70840 1332       3       java.lang.invoke.LambdaForm$MH/0x0000000027044800::invoke (25 bytes)
Event: 22822.445 Thread 0x000001e46ef70840 nmethod 1332 0x000001e45a8f1188 code [0x000001e45a8f1280, 0x000001e45a8f17b8]
Event: 22824.115 Thread 0x000001e46ef70840 1333       1       java.lang.invoke.InfoFromMemberName::getReferenceKind (5 bytes)
Event: 22824.120 Thread 0x000001e46ef70840 nmethod 1333 0x000001e46229ff08 code [0x000001e4622a0000, 0x000001e4622a00b8]
Event: 22824.780 Thread 0x000001e46ef70840 1334       3       jdk.internal.classfile.impl.SplitConstantPool::methodRefEntry (72 bytes)
Event: 22825.033 Thread 0x000001e46ef70840 nmethod 1334 0x000001e45a8f1808 code [0x000001e45a8f1900, 0x000001e45a8f2ef0]
Event: 22828.024 Thread 0x000001e46ef70840 1337       3       jdk.internal.classfile.impl.SplitConstantPool::writeTo (95 bytes)
Event: 22828.091 Thread 0x000001e46ef70840 nmethod 1337 0x000001e45a8f2f08 code [0x000001e45a8f3000, 0x000001e45a8f3c58]
Event: 22828.091 Thread 0x000001e46ef70840 1338       3       java.lang.invoke.InvokerBytecodeGenerator::emitImplicitConversion (166 bytes)
Event: 22828.136 Thread 0x000001e46ef6a020 1342       4       java.lang.AbstractStringBuilder::<init> (39 bytes)
Event: 22828.183 Thread 0x000001e46ef70840 nmethod 1338 0x000001e45a8f3c88 code [0x000001e45a8f3d80, 0x000001e45a8f5220]
Event: 22828.183 Thread 0x000001e46ef70840 1341       3       java.lang.invoke.MemberName::<init> (50 bytes)
Event: 22828.197 Thread 0x000001e46ef70840 nmethod 1341 0x000001e45a8f5288 code [0x000001e45a8f5380, 0x000001e45a8f5780]
Event: 22828.199 Thread 0x000001e46ef70840 1344       3       jdk.internal.misc.Unsafe::putLongUnaligned (157 bytes)
Event: 22828.212 Thread 0x000001e46ef70840 nmethod 1344 0x000001e45a8f5788 code [0x000001e45a8f5880, 0x000001e45a8f5de0]

GC Heap Usage History (12 events):
Event: 0.157 {heap Before GC invocations=0 (full 0):
 garbage-first heap   total reserved 2033664K, committed 10240K, used 5283K [0x0000000083e00000, 0x0000000100000000)
  region size 1M, 4 eden (4M), 0 survivor (0M), 2 old (2M), 0 humongous (0M), 4 free (4M)
}
Event: 0.159 {heap After GC invocations=1 (full 0):
 garbage-first heap   total reserved 2033664K, committed 10240K, used 2885K [0x0000000083e00000, 0x0000000100000000)
  region size 1M, 0 eden (0M), 1 survivor (1M), 3 old (3M), 0 humongous (0M), 6 free (6M)
}
Event: 0.255 {heap Before GC invocations=1 (full 0):
 garbage-first heap   total reserved 2033664K, committed 10240K, used 4933K [0x0000000083e00000, 0x0000000100000000)
  region size 1M, 2 eden (2M), 1 survivor (1M), 3 old (3M), 0 humongous (0M), 4 free (4M)
}
Event: 0.257 {heap After GC invocations=2 (full 0):
 garbage-first heap   total reserved 2033664K, committed 10240K, used 3474K [0x0000000083e00000, 0x0000000100000000)
  region size 1M, 0 eden (0M), 1 survivor (1M), 4 old (4M), 0 humongous (0M), 5 free (5M)
}
Event: 0.383 {heap Before GC invocations=2 (full 0):
 garbage-first heap   total reserved 2033664K, committed 10240K, used 5522K [0x0000000083e00000, 0x0000000100000000)
  region size 1M, 2 eden (2M), 1 survivor (1M), 4 old (4M), 0 humongous (0M), 3 free (3M)
}
Event: 0.385 {heap After GC invocations=3 (full 0):
 garbage-first heap   total reserved 2033664K, committed 13312K, used 4014K [0x0000000083e00000, 0x0000000100000000)
  region size 1M, 0 eden (0M), 1 survivor (1M), 4 old (4M), 0 humongous (0M), 8 free (8M)
}
Event: 1.541 {heap Before GC invocations=4 (full 0):
 garbage-first heap   total reserved 2033664K, committed 13312K, used 8110K [0x0000000083e00000, 0x0000000100000000)
  region size 1M, 4 eden (4M), 1 survivor (1M), 4 old (4M), 0 humongous (0M), 4 free (4M)
}
Event: 1.544 {heap After GC invocations=5 (full 0):
 garbage-first heap   total reserved 2033664K, committed 13312K, used 5301K [0x0000000083e00000, 0x0000000100000000)
  region size 1M, 0 eden (0M), 1 survivor (1M), 6 old (6M), 0 humongous (0M), 6 free (6M)
}
Event: 7961.954 {heap Before GC invocations=5 (full 0):
 garbage-first heap   total reserved 2033664K, committed 13312K, used 7349K [0x0000000083e00000, 0x0000000100000000)
  region size 1M, 2 eden (2M), 1 survivor (1M), 6 old (6M), 0 humongous (0M), 4 free (4M)
}
Event: 7961.976 {heap After GC invocations=6 (full 0):
 garbage-first heap   total reserved 2033664K, committed 13312K, used 5587K [0x0000000083e00000, 0x0000000100000000)
  region size 1M, 0 eden (0M), 1 survivor (1M), 6 old (6M), 0 humongous (0M), 6 free (6M)
}
Event: 21861.502 {heap Before GC invocations=6 (full 0):
 garbage-first heap   total reserved 2033664K, committed 13312K, used 6611K [0x0000000083e00000, 0x0000000100000000)
  region size 1M, 1 eden (1M), 1 survivor (1M), 6 old (6M), 0 humongous (0M), 5 free (5M)
}
Event: 21861.521 {heap After GC invocations=7 (full 0):
 garbage-first heap   total reserved 2033664K, committed 13312K, used 5466K [0x0000000083e00000, 0x0000000100000000)
  region size 1M, 0 eden (0M), 1 survivor (1M), 6 old (6M), 0 humongous (0M), 6 free (6M)
}

Metaspace Usage History (12 events):
Event: 0.157 {metaspace Before GC invocations=0 (full 0):
 Metaspace       used 1401K, committed 1536K, reserved 1114112K
  class space    used 127K, committed 192K, reserved 1048576K
}
Event: 0.159 {metaspace After GC invocations=1 (full 0):
 Metaspace       used 1401K, committed 1536K, reserved 1114112K
  class space    used 127K, committed 192K, reserved 1048576K
}
Event: 0.255 {metaspace Before GC invocations=1 (full 0):
 Metaspace       used 2801K, committed 2944K, reserved 1114112K
  class space    used 289K, committed 384K, reserved 1048576K
}
Event: 0.257 {metaspace After GC invocations=2 (full 0):
 Metaspace       used 2801K, committed 2944K, reserved 1114112K
  class space    used 289K, committed 384K, reserved 1048576K
}
Event: 0.383 {metaspace Before GC invocations=2 (full 0):
 Metaspace       used 4936K, committed 5184K, reserved 1114112K
  class space    used 513K, committed 640K, reserved 1048576K
}
Event: 0.385 {metaspace After GC invocations=3 (full 0):
 Metaspace       used 4936K, committed 5184K, reserved 1114112K
  class space    used 513K, committed 640K, reserved 1048576K
}
Event: 1.541 {metaspace Before GC invocations=4 (full 0):
 Metaspace       used 6138K, committed 6336K, reserved 1114112K
  class space    used 628K, committed 704K, reserved 1048576K
}
Event: 1.544 {metaspace After GC invocations=5 (full 0):
 Metaspace       used 6138K, committed 6336K, reserved 1114112K
  class space    used 628K, committed 704K, reserved 1048576K
}
Event: 7961.954 {metaspace Before GC invocations=5 (full 0):
 Metaspace       used 6278K, committed 6464K, reserved 1114112K
  class space    used 635K, committed 704K, reserved 1048576K
}
Event: 7961.976 {metaspace After GC invocations=6 (full 0):
 Metaspace       used 6278K, committed 6464K, reserved 1114112K
  class space    used 635K, committed 704K, reserved 1048576K
}
Event: 21861.502 {metaspace Before GC invocations=6 (full 0):
 Metaspace       used 6287K, committed 6464K, reserved 1114112K
  class space    used 637K, committed 704K, reserved 1048576K
}
Event: 21861.522 {metaspace After GC invocations=7 (full 0):
 Metaspace       used 6287K, committed 6464K, reserved 1114112K
  class space    used 637K, committed 704K, reserved 1048576K
}

Dll operation events (16 events):
Event: 0.007 Attempting to load shared library C:\Program Files\Java\jdk-26.0.2\bin\java.dll
Event: 0.009 Loaded shared library C:\Program Files\Java\jdk-26.0.2\bin\java.dll
Event: 0.043 Attempting to load shared library C:\Program Files\Java\jdk-26.0.2\bin\net.dll
Event: 0.044 Loaded shared library C:\Program Files\Java\jdk-26.0.2\bin\net.dll
Event: 0.045 Attempting to load shared library C:\Program Files\Java\jdk-26.0.2\bin\nio.dll
Event: 0.046 Loaded shared library C:\Program Files\Java\jdk-26.0.2\bin\nio.dll
Event: 0.049 Attempting to load shared library C:\Program Files\Java\jdk-26.0.2\bin\zip.dll
Event: 0.050 Loaded shared library C:\Program Files\Java\jdk-26.0.2\bin\zip.dll
Event: 0.110 Attempting to load shared library C:\Program Files\Java\jdk-26.0.2\bin\jimage.dll
Event: 0.110 Loaded shared library C:\Program Files\Java\jdk-26.0.2\bin\jimage.dll
Event: 0.243 Attempting to load shared library C:\Program Files\Java\jdk-26.0.2\bin\extnet.dll
Event: 0.244 Loaded shared library C:\Program Files\Java\jdk-26.0.2\bin\extnet.dll
Event: 0.275 Attempting to load shared library C:\Program Files\Java\jdk-26.0.2\bin\sunmscapi.dll
Event: 0.278 Loaded shared library C:\Program Files\Java\jdk-26.0.2\bin\sunmscapi.dll
Event: 0.324 Attempting to load shared library C:\Program Files\Java\jdk-26.0.2\bin\awt.dll
Event: 0.327 Loaded shared library C:\Program Files\Java\jdk-26.0.2\bin\awt.dll

Deoptimization events (14 events):
Event: 0.097 Thread 0x000001e44f585e10 DEOPT PACKING pc=0x000001e45a77e0c5 sp=0x00000082bddfdef0
Event: 0.097 Thread 0x000001e44f585e10 DEOPT UNPACKING pc=0x000001e461cf15a2 sp=0x00000082bddfd338 mode 0
Event: 0.147 Thread 0x000001e44f585e10 Uncommon trap: trap_request=0xffffff45 fr.pc=0x000001e462247378 relative=0x0000000000000078
Event: 0.147 Thread 0x000001e44f585e10 Uncommon trap: reason=unstable_if action=reinterpret pc=0x000001e462247378 method=jdk.internal.misc.Unsafe.convEndian(ZS)S @ 4 c2
Event: 0.147 Thread 0x000001e44f585e10 DEOPT PACKING pc=0x000001e462247378 sp=0x00000082bddfed50
Event: 0.147 Thread 0x000001e44f585e10 DEOPT UNPACKING pc=0x000001e461dd3f82 sp=0x00000082bddfec80 mode 2
Event: 0.167 Thread 0x000001e44f585e10 Uncommon trap: trap_request=0xffffff45 fr.pc=0x000001e462246d74 relative=0x0000000000000074
Event: 0.167 Thread 0x000001e44f585e10 Uncommon trap: reason=unstable_if action=reinterpret pc=0x000001e462246d74 method=jdk.internal.misc.Unsafe.convEndian(ZI)I @ 4 c2
Event: 0.167 Thread 0x000001e44f585e10 DEOPT PACKING pc=0x000001e462246d74 sp=0x00000082bddfe6b0
Event: 0.167 Thread 0x000001e44f585e10 DEOPT UNPACKING pc=0x000001e461dd3f82 sp=0x00000082bddfe5e0 mode 2
Event: 1.403 Thread 0x000001e46fbae3c0 Uncommon trap: trap_request=0xffffff45 fr.pc=0x000001e4622852ac relative=0x000000000000012c
Event: 1.403 Thread 0x000001e46fbae3c0 Uncommon trap: reason=unstable_if action=reinterpret pc=0x000001e4622852ac method=java.util.regex.Pattern$BmpCharPropertyGreedy.match(Ljava/util/regex/Matcher;ILjava/lang/CharSequence;)Z @ 12 c2
Event: 1.403 Thread 0x000001e46fbae3c0 DEOPT PACKING pc=0x000001e4622852ac sp=0x00000082bf3fdcd0
Event: 1.403 Thread 0x000001e46fbae3c0 DEOPT UNPACKING pc=0x000001e461dd3f82 sp=0x00000082bf3fdc68 mode 2

Classes loaded (20 events):
Event: 22828.065 Loading class java/lang/foreign/ValueLayout done
Event: 22828.065 Loading class java/lang/foreign/AddressLayout done
Event: 22828.200 Loading class jdk/internal/foreign/SegmentFactories$1
Event: 22828.201 Loading class jdk/internal/foreign/MemorySessionImpl$ResourceList$ResourceCleanup
Event: 22828.201 Loading class jdk/internal/foreign/MemorySessionImpl$ResourceList$ResourceCleanup done
Event: 22828.202 Loading class jdk/internal/foreign/SegmentFactories$1 done
Event: 22828.202 Loading class jdk/internal/foreign/MemorySessionImpl$ResourceList$ResourceCleanup$1
Event: 22828.202 Loading class jdk/internal/foreign/MemorySessionImpl$ResourceList$ResourceCleanup$1 done
Event: 22828.202 Loading class sun/java2d/d3d/D3DRenderQueue$1
Event: 22828.202 Loading class sun/java2d/d3d/D3DRenderQueue$1 done
Event: 22828.206 Loading class sun/java2d/d3d/D3DGraphicsDevice$1Result
Event: 22828.206 Loading class sun/java2d/d3d/D3DGraphicsDevice$1Result done
Event: 22828.206 Loading class sun/java2d/d3d/D3DGraphicsDevice$1
Event: 22828.206 Loading class sun/java2d/d3d/D3DGraphicsDevice$1 done
Event: 22828.231 Loading class sun/java2d/d3d/D3DContext$D3DContextCaps
Event: 22828.241 Loading class sun/java2d/pipe/hw/ContextCapabilities
Event: 22828.241 Loading class sun/java2d/pipe/hw/ContextCapabilities done
Event: 22828.241 Loading class sun/java2d/d3d/D3DContext$D3DContextCaps done
Event: 22828.241 Loading class sun/awt/image/SurfaceManager$ProxyCache
Event: 22828.251 Loading class sun/awt/image/SurfaceManager$ProxyCache done

Classes unloaded (0 events):
No events

Classes redefined (0 events):
No events

Internal exceptions (20 events):
Event: 0.303 Thread 0x000001e44f585e10 Exception <a 'java/lang/NoSuchMethodError'{0x000000008444bf20}: 'java.lang.Object java.lang.invoke.DirectMethodHandle$Holder.invokeStaticInit(java.lang.Object, java.lang.Object, int, int, int, int)'> (0x000000008444bf20) 
thrown [s\open\src\hotspot\share\interpreter\linkResolver.cpp, line 804]
Event: 0.317 Thread 0x000001e44f585e10 Exception <a 'java/lang/NoSuchMethodError'{0x0000000084476568}: 'void java.lang.invoke.DirectMethodHandle$Holder.invokeStatic(java.lang.Object, java.lang.Object, java.lang.Object)'> (0x0000000084476568) 
thrown [s\open\src\hotspot\share\interpreter\linkResolver.cpp, line 804]
Event: 0.322 Thread 0x000001e44f585e10 Exception <a 'java/lang/ClassNotFoundException'{0x000000008449a6e8}: sun/awt/resources/spi/awtProvider> (0x000000008449a6e8) 
thrown [s\open\src\hotspot\share\classfile\systemDictionary.cpp, line 330]
Event: 0.328 Thread 0x000001e44f585e10 Exception <a 'java/io/FileNotFoundException'{0x00000000844a5358}> (0x00000000844a5358) 
thrown [s\open\src\hotspot\share\prims\jni.cpp, line 514]
Event: 0.330 Thread 0x000001e44f585e10 Exception <a 'java/io/FileNotFoundException'{0x00000000844b7d80}> (0x00000000844b7d80) 
thrown [s\open\src\hotspot\share\prims\jni.cpp, line 514]
Event: 0.404 Thread 0x000001e44f585e10 Exception <a 'java/lang/NoSuchMethodError'{0x000000008480b780}: 'void java.lang.invoke.DirectMethodHandle$Holder.invokeStatic(java.lang.Object, long)'> (0x000000008480b780) 
thrown [s\open\src\hotspot\share\interpreter\linkResolver.cpp, line 804]
Event: 0.406 Thread 0x000001e44f585e10 Exception <a 'java/lang/NoSuchMethodError'{0x000000008481a4a8}: 'java.lang.Object java.lang.invoke.DirectMethodHandle$Holder.newInvokeSpecial(java.lang.Object, long)'> (0x000000008481a4a8) 
thrown [s\open\src\hotspot\share\interpreter\linkResolver.cpp, line 804]
Event: 0.408 Thread 0x000001e44f585e10 Exception <a 'java/lang/NoSuchMethodError'{0x00000000848242e0}: 'java.lang.Object java.lang.invoke.DirectMethodHandle$Holder.invokeStatic(java.lang.Object, long, java.lang.Object)'> (0x00000000848242e0) 
thrown [s\open\src\hotspot\share\interpreter\linkResolver.cpp, line 804]
Event: 0.409 Thread 0x000001e44f585e10 Exception <a 'java/lang/NoSuchMethodError'{0x000000008482c180}: 'java.lang.Object java.lang.invoke.DirectMethodHandle$Holder.invokeStaticInit(java.lang.Object, long, java.lang.Object)'> (0x000000008482c180) 
thrown [s\open\src\hotspot\share\interpreter\linkResolver.cpp, line 804]
Event: 1.331 Thread 0x000001e46fbae3c0 Exception <a 'java/lang/NoSuchMethodError'{0x0000000084885170}: 'java.lang.Object java.lang.invoke.DirectMethodHandle$Holder.invokeInterface(java.lang.Object, java.lang.Object)'> (0x0000000084885170) 
thrown [s\open\src\hotspot\share\interpreter\linkResolver.cpp, line 804]
Event: 1.337 Thread 0x000001e46fbae3c0 Exception <a 'java/lang/NoSuchMethodError'{0x00000000848c1e48}: 'java.lang.Object java.lang.invoke.DirectMethodHandle$Holder.invokeSpecialIFC(java.lang.Object, java.lang.Object, java.lang.Object, java.lang.Object)'> (0x00000000848c1e48) 
thrown [s\open\src\hotspot\share\interpreter\linkResolver.cpp, line 804]
Event: 1.338 Thread 0x000001e46fbae3c0 Exception <a 'java/lang/NoSuchMethodError'{0x00000000848d2e88}: 'java.lang.Object java.lang.invoke.DirectMethodHandle$Holder.invokeVirtual(java.lang.Object, java.lang.Object, java.lang.Object, java.lang.Object)'> (0x00000000848d2e88) 
thrown [s\open\src\hotspot\share\interpreter\linkResolver.cpp, line 804]
Event: 1.340 Thread 0x000001e46fbae3c0 Exception <a 'java/lang/NoSuchMethodError'{0x00000000848e3948}: 'void java.lang.invoke.DirectMethodHandle$Holder.invokeStatic(java.lang.Object, java.lang.Object, java.lang.Object, java.lang.Object)'> (0x00000000848e3948) 
thrown [s\open\src\hotspot\share\interpreter\linkResolver.cpp, line 804]
Event: 1.477 Thread 0x000001e46fbae3c0 Exception <a 'java/lang/NoSuchMethodError'{0x0000000084554f98}: 'java.lang.Object java.lang.invoke.DirectMethodHandle$Holder.newInvokeSpecial(java.lang.Object, java.lang.Object, java.lang.Object, int)'> (0x0000000084554f98) 
thrown [s\open\src\hotspot\share\interpreter\linkResolver.cpp, line 804]
Event: 1.479 Thread 0x000001e46fbae3c0 Exception <a 'java/lang/NoSuchMethodError'{0x000000008455e060}: 'java.lang.Object java.lang.invoke.Invokers$Holder.linkToTargetMethod(java.lang.Object, java.lang.Object, int, java.lang.Object)'> (0x000000008455e060) 
thrown [s\open\src\hotspot\share\interpreter\linkResolver.cpp, line 804]
Event: 1.514 Thread 0x000001e46fbae3c0 Exception <a 'java/lang/IncompatibleClassChangeError'{0x00000000845a9db8}: Found class java.lang.Object, but interface was expected> (0x00000000845a9db8) 
thrown [s\open\src\hotspot\share\interpreter\linkResolver.cpp, line 871]
Event: 22827.945 Thread 0x000001e46f9cb030 Exception <a 'java/lang/NoSuchMethodError'{0x00000000fff39370}: 'long java.lang.invoke.DirectMethodHandle$Holder.invokeStatic(java.lang.Object, java.lang.Object)'> (0x00000000fff39370) 
thrown [s\open\src\hotspot\share\interpreter\linkResolver.cpp, line 804]
Event: 22828.026 Thread 0x000001e46f9cb030 Exception <a 'java/lang/NoSuchMethodError'{0x00000000fff41860}: 'long java.lang.invoke.DirectMethodHandle$Holder.invokeStaticInit(java.lang.Object, java.lang.Object)'> (0x00000000fff41860) 
thrown [s\open\src\hotspot\share\interpreter\linkResolver.cpp, line 804]
Event: 22828.068 Thread 0x000001e46f9cb030 Exception <a 'java/lang/NoSuchMethodError'{0x00000000fff4a3a0}: 'java.lang.Object java.lang.invoke.DirectMethodHandle$Holder.invokeStatic(java.lang.Object, long)'> (0x00000000fff4a3a0) 
thrown [s\open\src\hotspot\share\interpreter\linkResolver.cpp, line 804]
Event: 22828.097 Thread 0x000001e46f9cb030 Exception <a 'java/lang/NoSuchMethodError'{0x00000000fff52888}: 'java.lang.Object java.lang.invoke.DirectMethodHandle$Holder.invokeStaticInit(java.lang.Object, long)'> (0x00000000fff52888) 
thrown [s\open\src\hotspot\share\interpreter\linkResolver.cpp, line 804]

VM Operations (20 events):
Event: 21774.390 Executing non-safepoint VM operation: HandshakeAllThreads (DeflationHandshakeClosure)
Event: 21774.392 Executing non-safepoint VM operation: HandshakeAllThreads (DeflationHandshakeClosure) done
Event: 21774.393 Executing non-safepoint VM operation: RendezvousGCThreads
Event: 21774.393 Executing non-safepoint VM operation: RendezvousGCThreads done
Event: 21861.502 Executing safepoint VM operation: G1CollectForAllocation (G1 Evacuation Pause)
Event: 21861.522 Executing safepoint VM operation: G1CollectForAllocation (G1 Evacuation Pause) done
Event: 21894.647 Executing non-safepoint VM operation: HandshakeAllThreads (DeflationHandshakeClosure)
Event: 21894.647 Executing non-safepoint VM operation: HandshakeAllThreads (DeflationHandshakeClosure) done
Event: 21894.647 Executing non-safepoint VM operation: RendezvousGCThreads
Event: 21894.647 Executing non-safepoint VM operation: RendezvousGCThreads done
Event: 22195.244 Executing non-safepoint VM operation: HandshakeAllThreads (DeflationHandshakeClosure)
Event: 22195.244 Executing non-safepoint VM operation: HandshakeAllThreads (DeflationHandshakeClosure) done
Event: 22195.244 Executing non-safepoint VM operation: RendezvousGCThreads
Event: 22195.244 Executing non-safepoint VM operation: RendezvousGCThreads done
Event: 22555.983 Executing non-safepoint VM operation: HandshakeAllThreads (DeflationHandshakeClosure)
Event: 22555.983 Executing non-safepoint VM operation: HandshakeAllThreads (DeflationHandshakeClosure) done
Event: 22555.983 Executing non-safepoint VM operation: RendezvousGCThreads
Event: 22555.983 Executing non-safepoint VM operation: RendezvousGCThreads done
Event: 22825.094 Executing non-safepoint VM operation: HandshakeAllThreads (Deoptimize)
Event: 22825.177 Executing non-safepoint VM operation: HandshakeAllThreads (Deoptimize) done

Memory protections (0 events):
No events

Nmethod flushes (0 events):
No events

Events (20 events):
Event: 20903.231 Thread 0x000001e46fbdc0b0 Thread added: 0x000001e46f2a9d30
Event: 20904.368 Thread 0x000001e46f2a9d30 Thread exited: 0x000001e46f2a9d30
Event: 20905.865 Thread 0x000001e46fbdc0b0 Thread added: 0x000001e46f2a9d30
Event: 20906.881 Thread 0x000001e46f2a9d30 Thread exited: 0x000001e46f2a9d30
Event: 21750.269 Thread 0x000001e46fbdc0b0 Thread added: 0x000001e46f2a9d30
Event: 21751.716 Thread 0x000001e46f2a9d30 Thread exited: 0x000001e46f2a9d30
Event: 21751.762 Thread 0x000001e46fbdc0b0 Thread added: 0x000001e46f2a9d30
Event: 21752.885 Thread 0x000001e46f2a9d30 Thread exited: 0x000001e46f2a9d30
Event: 21860.440 Thread 0x000001e46fbdc0b0 Thread added: 0x000001e46f2a9d30
Event: 21861.523 Thread 0x000001e46f2a9d30 Thread exited: 0x000001e46f2a9d30
Event: 22169.408 Thread 0x000001e46fbdc0b0 Thread added: 0x000001e46f2a9d30
Event: 22170.460 Thread 0x000001e46f2a9d30 Thread exited: 0x000001e46f2a9d30
Event: 22178.072 Thread 0x000001e46fbdc0b0 Thread added: 0x000001e46f2a9d30
Event: 22179.326 Thread 0x000001e46f2a9d30 Thread exited: 0x000001e46f2a9d30
Event: 22541.072 Thread 0x000001e46fbdc0b0 Thread added: 0x000001e46f2a9d30
Event: 22542.136 Thread 0x000001e46f2a9d30 Thread exited: 0x000001e46f2a9d30
Event: 22815.129 Thread 0x000001e46fbdc0b0 Thread added: 0x000001e46f2a9d30
Event: 22817.671 Thread 0x000001e46f2a9d30 Thread exited: 0x000001e46f2a9d30
Event: 22818.346 Thread 0x000001e46fbdc0b0 Thread added: 0x000001e46f2a9d30
Event: 22822.529 Thread 0x000001e46fbdc0b0 Thread added: 0x000001e46f9cb030


Dynamic libraries:
0x00007ff615060000 - 0x00007ff615070000 	C:\Program Files\Java\jdk-26.0.2\bin\java.exe
0x00007ff843220000 - 0x00007ff843486000 	C:\WINDOWS\SYSTEM32\ntdll.dll
0x00007ff841860000 - 0x00007ff841929000 	C:\WINDOWS\System32\KERNEL32.DLL
0x00007ff840800000 - 0x00007ff840bff000 	C:\WINDOWS\System32\KERNELBASE.dll
0x00007ff840cc0000 - 0x00007ff840e0c000 	C:\WINDOWS\System32\ucrtbase.dll
0x00007ffffe880000 - 0x00007ffffe89e000 	C:\Program Files\Java\jdk-26.0.2\bin\VCRUNTIME140.dll
0x00007ffffe860000 - 0x00007ffffe877000 	C:\Program Files\Java\jdk-26.0.2\bin\jli.dll
0x00007ff842b00000 - 0x00007ff842cc6000 	C:\WINDOWS\System32\USER32.dll
0x00007ff8233e0000 - 0x00007ff823671000 	C:\WINDOWS\WinSxS\amd64_microsoft.windows.common-controls_6595b64144ccf1df_6.0.26100.8972_none_3e0da176e32f9d4b\COMCTL32.dll
0x00007ff8407d0000 - 0x00007ff8407f7000 	C:\WINDOWS\System32\win32u.dll
0x00007ff8415b0000 - 0x00007ff841659000 	C:\WINDOWS\System32\msvcrt.dll
0x00007ff8429b0000 - 0x00007ff8429db000 	C:\WINDOWS\System32\GDI32.dll
0x00007ff840e20000 - 0x00007ff840f49000 	C:\WINDOWS\System32\gdi32full.dll
0x00007ff840c10000 - 0x00007ff840cb3000 	C:\WINDOWS\System32\msvcp_win.dll
0x00007ff842a90000 - 0x00007ff842ac2000 	C:\WINDOWS\System32\IMM32.DLL
0x00007ff81ab80000 - 0x00007ff81ab8c000 	C:\Program Files\Java\jdk-26.0.2\bin\vcruntime140_1.dll
0x00007fffd58a0000 - 0x00007fffd592d000 	C:\Program Files\Java\jdk-26.0.2\bin\msvcp140.dll
0x00007fffbc930000 - 0x00007fffbd801000 	C:\Program Files\Java\jdk-26.0.2\bin\server\jvm.dll
0x00007ff8413e0000 - 0x00007ff84149c000 	C:\WINDOWS\System32\ADVAPI32.dll
0x00007ff8429e0000 - 0x00007ff842a8a000 	C:\WINDOWS\System32\sechost.dll
0x00007ff841660000 - 0x00007ff841778000 	C:\WINDOWS\System32\RPCRT4.dll
0x00007ff842920000 - 0x00007ff8429a2000 	C:\WINDOWS\System32\WS2_32.dll
0x00007ff8402b0000 - 0x00007ff84030e000 	C:\WINDOWS\SYSTEM32\POWRPROF.dll
0x00007ff834cc0000 - 0x00007ff834cf6000 	C:\WINDOWS\SYSTEM32\WINMM.dll
0x00007ff82ca10000 - 0x00007ff82ca1b000 	C:\WINDOWS\SYSTEM32\VERSION.dll
0x00007ff840290000 - 0x00007ff8402a5000 	C:\WINDOWS\SYSTEM32\UMPDC.dll
0x00007ff83f120000 - 0x00007ff83f13b000 	C:\WINDOWS\SYSTEM32\kernel.appcore.dll
0x00007ff80d1c0000 - 0x00007ff80d1ca000 	C:\Program Files\Java\jdk-26.0.2\bin\jimage.dll
0x00007ff83dac0000 - 0x00007ff83dd02000 	C:\WINDOWS\SYSTEM32\DBGHELP.DLL
0x00007ff841df0000 - 0x00007ff842175000 	C:\WINDOWS\System32\combase.dll
0x00007ff841780000 - 0x00007ff841859000 	C:\WINDOWS\System32\OLEAUT32.dll
0x00007ff81bb20000 - 0x00007ff81bb5b000 	C:\WINDOWS\SYSTEM32\dbgcore.DLL
0x00007ff840650000 - 0x00007ff8406fc000 	C:\WINDOWS\System32\bcryptPrimitives.dll
0x00007ffffe840000 - 0x00007ffffe85f000 	C:\Program Files\Java\jdk-26.0.2\bin\java.dll
0x00007ff841070000 - 0x00007ff841209000 	C:\WINDOWS\System32\ole32.dll
0x00007ff842190000 - 0x00007ff842918000 	C:\WINDOWS\System32\SHELL32.dll
0x00007ff83dea0000 - 0x00007ff83e73b000 	C:\WINDOWS\SYSTEM32\windows.storage.dll
0x00007ff841b80000 - 0x00007ff841c79000 	C:\WINDOWS\System32\SHCORE.dll
0x00007ff841b10000 - 0x00007ff841b76000 	C:\WINDOWS\System32\shlwapi.dll
0x00007ff840350000 - 0x00007ff840379000 	C:\WINDOWS\SYSTEM32\profapi.dll
0x00007ffff6ab0000 - 0x00007ffff6ac2000 	C:\Program Files\Java\jdk-26.0.2\bin\net.dll
0x00007ff83f6d0000 - 0x00007ff83f73c000 	C:\WINDOWS\system32\mswsock.dll
0x00007ffff6a10000 - 0x00007ffff6a26000 	C:\Program Files\Java\jdk-26.0.2\bin\nio.dll
0x00007fffe1920000 - 0x00007fffe1936000 	C:\Program Files\Java\jdk-26.0.2\bin\zip.dll
0x00007ff83ead0000 - 0x00007ff83ec28000 	C:\WINDOWS\SYSTEM32\DNSAPI.dll
0x00007ff83f4d0000 - 0x00007ff83f4dd000 	C:\WINDOWS\SYSTEM32\DSPARSE.dll
0x00007ff83ea90000 - 0x00007ff83eac3000 	C:\WINDOWS\SYSTEM32\IPHLPAPI.DLL
0x00007ff840f50000 - 0x00007ff840f5a000 	C:\WINDOWS\System32\NSI.dll
0x00007ff834c60000 - 0x00007ff834c6b000 	C:\Windows\System32\rasadhlp.dll
0x00007ff8396b0000 - 0x00007ff839736000 	C:\WINDOWS\System32\fwpuclnt.dll
0x00007ff8214a0000 - 0x00007ff8214a9000 	C:\Program Files\Java\jdk-26.0.2\bin\extnet.dll
0x00007ff821490000 - 0x00007ff82149e000 	C:\Program Files\Java\jdk-26.0.2\bin\sunmscapi.dll
0x00007ff8404c0000 - 0x00007ff84063e000 	C:\WINDOWS\System32\CRYPT32.dll
0x00007ff83fc00000 - 0x00007ff83fc30000 	C:\WINDOWS\SYSTEM32\ncrypt.dll
0x00007ff83fbb0000 - 0x00007ff83fbef000 	C:\WINDOWS\SYSTEM32\NTASN1.dll
0x00007fffd99c0000 - 0x00007fffd99c8000 	C:\WINDOWS\system32\wshunix.dll
0x00007ff83f9c0000 - 0x00007ff83f9db000 	C:\WINDOWS\SYSTEM32\CRYPTSP.dll
0x00007ff83f060000 - 0x00007ff83f099000 	C:\WINDOWS\system32\rsaenh.dll
0x00007ff83f780000 - 0x00007ff83f7b2000 	C:\WINDOWS\SYSTEM32\USERENV.dll
0x00007ff840320000 - 0x00007ff84034a000 	C:\WINDOWS\SYSTEM32\bcrypt.dll
0x00007ff83f9e0000 - 0x00007ff83f9ec000 	C:\WINDOWS\SYSTEM32\CRYPTBASE.dll
0x00007fffca3a0000 - 0x00007fffca524000 	C:\Program Files\Java\jdk-26.0.2\bin\awt.dll
0x00007ff83cad0000 - 0x00007ff83cb6f000 	C:\WINDOWS\SYSTEM32\apphelp.dll
0x00007ff83cf10000 - 0x00007ff83cfb8000 	C:\WINDOWS\system32\uxtheme.dll
0x00007ff841c80000 - 0x00007ff841ddd000 	C:\WINDOWS\System32\MSCTF.dll
0x00007ff83cba0000 - 0x00007ff83cbc9000 	C:\WINDOWS\system32\Wtsapi32.dll
0x00007ff83f3d0000 - 0x00007ff83f419000 	C:\WINDOWS\SYSTEM32\SspiCli.dll
0x00007ff8401e0000 - 0x00007ff840242000 	C:\WINDOWS\SYSTEM32\WINSTA.dll
0x00007ff807140000 - 0x00007ff8071f6000 	C:\WINDOWS\SYSTEM32\TextShaping.dll
0x00007ff83d2f0000 - 0x00007ff83d31f000 	C:\WINDOWS\system32\DWMAPI.DLL
0x00007fffcf790000 - 0x00007fffcf89c000 	C:\WINDOWS\system32\opengl32.dll
0x00007ff80e9b0000 - 0x00007ff80e9dd000 	C:\WINDOWS\SYSTEM32\GLU32.dll
0x00007ff83d120000 - 0x00007ff83d165000 	C:\WINDOWS\SYSTEM32\dxcore.dll

JVMTI agents: none

dbghelp: loaded successfully - version: 4.0.5 - missing functions: none
symbol engine: initialized successfully - sym options: 0x614 - pdb path: .;C:\Program Files\Java\jdk-26.0.2\bin;C:\WINDOWS\SYSTEM32;C:\WINDOWS\WinSxS\amd64_microsoft.windows.common-controls_6595b64144ccf1df_6.0.26100.8972_none_3e0da176e32f9d4b;C:\Program Files\Java\jdk-26.0.2\bin\server

VM Arguments:
java_command: io.qameta.allure.CommandLine open allure-report
java_class_path (initial): G:\allure-2.45.0\lib\allure-commandline-2.45.0.jar;G:\allure-2.45.0\lib\allure-generator-2.45.0.jar;G:\allure-2.45.0\lib\allure-model-2.35.4.jar;G:\allure-2.45.0\lib\allure-plugin-api-2.45.0.jar;G:\allure-2.45.0\lib\allure1-model-1.0.jar;G:\allure-2.45.0\lib\annotations-15.0.jar;G:\allure-2.45.0\lib\commons-beanutils-1.11.0.jar;G:\allure-2.45.0\lib\commons-codec-1.11.jar;G:\allure-2.45.0\lib\commons-collections-3.2.2.jar;G:\allure-2.45.0\lib\commons-collections4-4.5.0.jar;G:\allure-2.45.0\lib\commons-io-2.22.0.jar;G:\allure-2.45.0\lib\commons-lang3-3.20.0.jar;G:\allure-2.45.0\lib\commons-logging-1.3.5.jar;G:\allure-2.45.0\lib\commons-text-1.13.1.jar;G:\allure-2.45.0\lib\flexmark-0.62.2.jar;G:\allure-2.45.0\lib\flexmark-ext-tables-0.62.2.jar;G:\allure-2.45.0\lib\flexmark-util-0.62.2.jar;G:\allure-2.45.0\lib\flexmark-util-ast-0.62.2.jar;G:\allure-2.45.0\lib\flexmark-util-builder-0.62.2.jar;G:\allure-2.45.0\lib\flexmark-util-collection-0.62.2.jar;G:\allure-2.45.0\lib\flexmark-util-data-0.62.2.jar;G:\allure-2.45.0\lib\flexmark-util-dependency-0.62.2.jar;G:\allure-2.45.0\lib\flexmark-util-format-0.62.2.jar;G:\allure-2.45.0\lib\flexmark-util-html-0.62.2.jar;G:\allure-2.45.0\lib\flexmark-util-misc-0.62.2.jar;G:\allure-2.45.0\lib\flexmark-util-options-0.62.2.jar;G:\allure-2.45.0\lib\flexmark-util-sequence-0.62.2.jar;G:\allure-2.45.0\lib\flexmark-util-visitor-0.62.2.jar;G:\allure-2.45.0\lib\freemarker-2.3.34.jar;G:\allure-2.45.0\lib\httpclient-4.5.14.jar;G:\allure-2.45.0\lib\httpcore-4.4.16.jar;G:\allure-2.45.0\lib\jackson-annotations-2.22.jar;G:\allure-2.45.0\lib\jackson-core-2.22.1.jar;G:\allure-2.45.0\lib\jackson-databind-2.22.1.jar;G:\allure-2.45.0\lib\jackson-dataformat-xml-2.22.1.jar;G:\allure-2.45.0\lib\jackson-dataformat-yaml-2.22.1.jar;G:\allure-2.45.0\lib\jackson-module-jaxb-annotations-2.22.1.jar;G:\allure-2.45.0\lib\jakarta.activation-api-1.2.2.jar;G:\allure-2.45.0\lib\javax.activation-api-1.2.0.jar;G:\allure-2.45.0\lib\jaxb-api-2.3.1.jar;G:\allure-2.45.0\lib\jaxb-utils-1.0.jar;G:\allure-2.45.0\lib\jcommander-1.82.jar;G:\allure-2.45.0\lib\jsoup-1.23.1.jar;G:\allure-2.45.0\lib\opencsv-5.12.0.jar;G:\allure-2.45.0\lib\properties-2.0.RC5.jar;G:\allure-2.45.0\lib\slf4j-api-2.0.18.jar;G:\allure-2.45.0\lib\slf4j-jdk14-2.0.18.jar;G:\allure-2.45.0\lib\snakeyaml-2.5.jar;G:\allure-2.45.0\lib\stax2-api-4.3.0.jar;G:\allure-2.45.0\lib\woodstox-core-7.2.0.jar;G:\allure-2.45.0\lib\config
Launcher Type: SUN_STANDARD

[Global flags]
     bool AOTAdapterCaching                        = false                                  {diagnostic} {ergonomic}
     bool AOTInvokeDynamicLinking                  = false                                  {diagnostic} {ergonomic}
     bool AOTRecordTraining                        = false                                  {diagnostic} {ergonomic}
     bool AOTReplayTraining                        = false                                  {diagnostic} {ergonomic}
     bool AOTStubCaching                           = false                                  {diagnostic} {ergonomic}
     intx CICompilerCount                          = 4                                         {product} {ergonomic}
     uint ConcGCThreads                            = 2                                         {product} {ergonomic}
     uint G1ConcRefinementThreads                  = 8                                         {product} {ergonomic}
     uint G1EagerReclaimRemSetThreshold            = 10                                   {experimental} {ergonomic}
   size_t G1HeapRegionSize                         = 1048576                                   {product} {ergonomic}
     uint G1RemSetArrayOfCardsEntries              = 10                                   {experimental} {ergonomic}
     uint G1RemSetHowlMaxNumBuckets                = 8                                    {experimental} {ergonomic}
     uint G1RemSetHowlNumBuckets                   = 4                                    {experimental} {ergonomic}
   size_t InitialHeapSize                          = 8388608                                   {product} {ergonomic}
     bool IntelJccErratumMitigation                = false                             {ARCH diagnostic} {ergonomic}
   size_t MarkStackSize                            = 4194304                                   {product} {ergonomic}
   size_t MarkStackSizeMax                         = 536870912                                 {product} {ergonomic}
   size_t MaxHeapSize                              = 2082471936                                {product} {ergonomic}
   size_t MaxNewSize                               = 1248854016                                {product} {ergonomic}
 uint64_t MaxRAM                                   = 8327782400                                {product} {ergonomic}
   size_t MinHeapDeltaBytes                        = 1048576                                   {product} {ergonomic}
   size_t MinHeapSize                              = 8388608                                   {product} {ergonomic}
   size_t NonNMethodCodeHeapSize                   = 5898240                                {pd product} {ergonomic}
   size_t NonProfiledCodeHeapSize                  = 122945536                              {pd product} {ergonomic}
   size_t ProfiledCodeHeapSize                     = 122945536                              {pd product} {ergonomic}
   size_t ReservedCodeCacheSize                    = 251789312                              {pd product} {ergonomic}
     bool SegmentedCodeCache                       = true                                      {product} {ergonomic}
   size_t SoftMaxHeapSize                          = 2082471936                             {manageable} {ergonomic}
     bool UseCompressedOops                        = true                           {product lp64_product} {ergonomic}
     bool UseCondCardMark                          = true                                      {product} {ergonomic}
     bool UseFastUnorderedTimeStamps               = true                                 {experimental} {ergonomic}
     bool UseG1GC                                  = true                                      {product} {ergonomic}
     bool UseLargePagesIndividualAllocation        = false                                  {pd product} {ergonomic}
      int X86ICacheSync                            = 3                                 {ARCH diagnostic} {ergonomic}

Logging:
Log output configuration:
 #0: stdout all=warning uptime,level,tags foldmultilines=false
 #1: stderr all=off uptime,level,tags foldmultilines=false

Release file:
IMPLEMENTOR="Oracle Corporation" 
JAVA_RUNTIME_VERSION="26.0.2+10-55" 
JAVA_VERSION="26.0.2" 
JAVA_VERSION_DATE="2026-07-21" 
LIBC="default" 
MODULES="java.base java.compiler java.datatransfer java.xml java.prefs java.desktop java.instrument java.logging java.management java.security.sasl java.naming java.rmi java.management.rmi java.net.http java.scripting java.security.jgss java.transaction.xa java.sql java.sql.rowset java.xml.crypto java.se java.smartcardio jdk.accessibility jdk.internal.jvmstat jdk.attach jdk.charsets jdk.internal.opt jdk.zipfs jdk.compiler jdk.crypto.cryptoki jdk.crypto.ec jdk.crypto.mscapi jdk.dynalink jdk.internal.ed jdk.editpad jdk.internal.vm.ci jdk.graal.compiler jdk.graal.compiler.management jdk.hotspot.agent jdk.httpserver jdk.incubator.vector jdk.internal.le jdk.internal.md jdk.jartool jdk.javadoc jdk.jcmd jdk.management jdk.management.agent jdk.jconsole jdk.jdeps jdk.jdwp.agent jdk.jdi jdk.jfr jdk.jlink jdk.jpackage jdk.jshell jdk.jstatd jdk.localedata jdk.management.jfr jdk.naming.dns jdk.naming.rmi jdk.net jdk.nio.mapmode jdk.sctp jdk.security.auth jdk.security.jgss jdk.unsupported jdk.unsupported.desktop jdk.xml.dom" 
OS_ARCH="x86_64" 
OS_NAME="Windows" 
SOURCE=".:git:28b9aeff05f1 open:git:fa67dfdcec4b" 

Environment Variables:
JAVA_HOME=C:\Program Files\Java\jdk-26.0.2
PATH=C:\Program Files\Common Files\Oracle\Java\javapath;C:\Python314\Scripts\;C:\Python314\;C:\WINDOWS\system32;C:\WINDOWS;C:\WINDOWS\System32\Wbem;C:\WINDOWS\System32\WindowsPowerShell\v1.0\;C:\WINDOWS\System32\OpenSSH\;C:\ProgramData\chocolatey\bin;C:\Users\vveer\AppData\Local\Android\Sdk\platform-tools;C:\Users\vveer\AppData\Local\Android\Sdk\emulator;C:\Users\vveer\AppData\Local\Android\Sdk\cmdline-tools\latest\bin;C:\Program Files\Java\jdk-26.0.2\bin;C:\Program Files\nodejs\;C:\Users\vveer\AppData\Local\Android\Sdk\platform-tools;C:\Users\vveer\AppData\Local\Android\Sdk\platforms;G:\allure-2.45.0\bin;C:\Users\vveer\AppData\Local\Programs\Python\Python314\Scripts\;C:\Users\vveer\AppData\Local\Programs\Python\Python314\;C:\Users\vveer\AppData\Local\Programs\Python\Launcher\;C:\Users\vveer\AppData\Local\Microsoft\WindowsApps;C:\Users\vveer\AppData\Roaming\npm;C:\Users\vveer\AppData\Local\Android\Sdk\build-tools\37.0.0;
USERNAME=vveer
OS=Windows_NT
PROCESSOR_IDENTIFIER=Intel64 Family 6 Model 140 Stepping 2, GenuineIntel
TMP=C:\Users\vveer\AppData\Local\Temp
TEMP=C:\Users\vveer\AppData\Local\Temp




Compilation memory statistics disabled.

Periodic native trim disabled

---------------  S Y S T E M  ---------------

OS:
 Windows 11 , 64 bit Build 26100 (10.0.26100.9168)
OS uptime: 13 days 0:55 hours
Hyper-V role detected

CPU: total 8 (initial active 8) (4 cores per cpu, 2 threads per core) family 6 model 140 stepping 2 microcode 0x2c, cx8, cmov, fxsr, ht, mmx, 3dnowpref, sse, sse2, sse3, ssse3, sse4.1, sse4.2, popcnt, lzcnt, tsc, tscinvbit, avx, avx2, aes, erms, clmul, bmi1, bmi2, adx, avx512f, avx512dq, avx512cd, avx512bw, avx512vl, sha, fma, vzeroupper, avx512_vpopcntdq, avx512_vpclmulqdq, avx512_vaes, avx512_vnni, clflush, clflushopt, clwb, avx512_vbmi2, avx512_vbmi, hv, rdtscp, rdpid, fsrm, gfni, avx512_bitalg, f16c, cet_ibt, cet_ss, avx512_ifma
Processor Information for the first 8 processors :
  Max Mhz: 2496, Current Mhz: 2496, Mhz Limit: 2496

Memory: 4k page, system-wide physical 7941M (565M free)
TotalPageFile size 20308M (AvailPageFile size 77M)
current process WorkingSet (physical memory assigned to process): 28M, peak: 77M
current process commit charge ("private bytes"): 106M, peak: 114M

vm_info: Java HotSpot(TM) 64-Bit Server VM (26.0.2+10-55) for windows-amd64 JRE (26.0.2+10-55), built on 2026-06-17T09:18:01Z with MS VC++ 17.13 (VS2022)

END.
