#
# There is insufficient memory for the Java Runtime Environment to continue.
# Native memory allocation (mmap) failed to map 65536 bytes. Error detail: Failed to commit metaspace.
# Possible reasons:
#   The system is out of physical RAM or swap space
#   This process is running with CompressedOops enabled, and the Java Heap may be blocking the growth of the native heap
# Possible solutions:
#   Reduce memory load on the system
#   Increase physical memory or swap space
#   Check if swap backing store is full
#   Decrease Java heap size (-Xmx/-Xms)
#   Decrease number of Java threads
#   Decrease Java thread stack sizes (-Xss)
#   Set larger code cache with -XX:ReservedCodeCacheSize=
#   JVM is running with Unscaled Compressed Oops mode in which the Java heap is
#     placed in the first 4GB address space. The Java Heap base address is the
#     maximum limit for the native heap growth. Please use -XX:HeapBaseMinAddress
#     to set the Java Heap base and to place the Java Heap above 4GB virtual address.
# This output file may be truncated or incomplete.
#
#  Out of Memory Error (virtualSpaceNode.cpp:113), pid=18228, tid=816
#
# JRE version: Java(TM) SE Runtime Environment (26.0.2+10) (build 26.0.2+10-55)
# Java VM: Java HotSpot(TM) 64-Bit Server VM (26.0.2+10-55, mixed mode, sharing, tiered, compressed oops, compressed class ptrs, g1 gc, windows-amd64)
# No core dump will be written. Minidumps are not enabled by default on client versions of Windows
#

---------------  S U M M A R Y ------------

Command Line: io.qameta.allure.CommandLine open allure-report

Host: 11th Gen Intel(R) Core(TM) i5-1155G7 @ 2.50GHz, 8 cores, 7G,  Windows 11 , 64 bit Build 26100 (10.0.26100.9168)
Time: Tue Sep  8 23:42:48 2026 India Standard Time elapsed time: 19919.182587 seconds (0d 5h 31m 59s)

---------------  T H R E A D  ---------------

Current thread (0x0000023a9d68dd60):  JavaThread "AWT-EventQueue-0"        [_thread_in_vm, id=816, stack(0x000000a1d1b00000,0x000000a1d1c00000) (1024K)]

Stack: [0x000000a1d1b00000,0x000000a1d1c00000]
Native frames: (J=compiled Java code, j=interpreted, Vv=VM code, C=native code)
V  [jvm.dll+0x7d6ea9]  (no source info available)
V  [jvm.dll+0x7a4dcd]  (no source info available)
V  [jvm.dll+0x9b2390]  (no source info available)
V  [jvm.dll+0x9b47e1]  (no source info available)
V  [jvm.dll+0x9b4ef3]  (no source info available)
V  [jvm.dll+0x30f4d6]  (no source info available)
V  [jvm.dll+0x9af14e]  (no source info available)
V  [jvm.dll+0x7752c4]  (no source info available)
V  [jvm.dll+0x77532a]  (no source info available)
V  [jvm.dll+0x777c16]  (no source info available)
V  [jvm.dll+0x7779a5]  (no source info available)
V  [jvm.dll+0x2accd2]  (no source info available)
V  [jvm.dll+0x775cee]  (no source info available)
V  [jvm.dll+0x2f4ad4]  (no source info available)
V  [jvm.dll+0x29c11a]  (no source info available)
V  [jvm.dll+0x291f20]  (no source info available)
V  [jvm.dll+0x6a09f4]  (no source info available)
V  [jvm.dll+0x2a4a81]  (no source info available)
V  [jvm.dll+0x91ed4f]  (no source info available)
V  [jvm.dll+0x91ff5a]  (no source info available)
V  [jvm.dll+0x920492]  (no source info available)
V  [jvm.dll+0x9201e6]  (no source info available)
V  [jvm.dll+0x2f71f1]  (no source info available)
V  [jvm.dll+0x48a43a]  (no source info available)
C  0x0000023a9013f9db  (no source info available)

The last pc belongs to ldc_w (printed below).
Java frames: (J=compiled Java code, j=interpreted, Vv=VM code)
j  jdk.internal.foreign.Utils.<clinit>()V+85 java.base@26.0.2
v  ~StubRoutines::Stub Generator call_stub_stub 0x0000023a901318e2
j  jdk.internal.foreign.SegmentFactories.allocateNativeInternal(JJLjdk/internal/foreign/MemorySessionImpl;ZZ)J+5 java.base@26.0.2
j  jdk.internal.foreign.SegmentFactories.allocateNativeSegment(JJLjdk/internal/foreign/MemorySessionImpl;ZZ)Ljdk/internal/foreign/NativeMemorySegmentImpl;+8 java.base@26.0.2
j  jdk.internal.foreign.ArenaImpl.allocate(JJ)Ljdk/internal/foreign/NativeMemorySegmentImpl;+11 java.base@26.0.2
j  jdk.internal.foreign.ArenaImpl.allocate(JJ)Ljava/lang/foreign/MemorySegment;+3 java.base@26.0.2
j  sun.java2d.pipe.RenderBuffer.<init>(I)V+13 java.desktop@26.0.2
j  sun.java2d.pipe.RenderBuffer.allocate(I)Lsun/java2d/pipe/RenderBuffer;+5 java.desktop@26.0.2
j  sun.java2d.pipe.RenderQueue.<init>()V+19 java.desktop@26.0.2
j  sun.java2d.d3d.D3DRenderQueue.<init>()V+1 java.desktop@26.0.2
j  sun.java2d.d3d.D3DRenderQueue.getInstance()Lsun/java2d/d3d/D3DRenderQueue;+10 java.desktop@26.0.2
j  sun.java2d.d3d.D3DGraphicsDevice.getDeviceCaps(I)Lsun/java2d/pipe/hw/ContextCapabilities;+2 java.desktop@26.0.2
j  sun.java2d.d3d.D3DGraphicsDevice.createDevice(I)Lsun/java2d/d3d/D3DGraphicsDevice;+9 java.desktop@26.0.2
j  sun.awt.Win32GraphicsEnvironment.makeScreenDevice(I)Ljava/awt/GraphicsDevice;+9 java.desktop@26.0.2
j  sun.awt.Win32GraphicsEnvironment.displayChanged()V+145 java.desktop@26.0.2
j  sun.awt.windows.WToolkit.lambda$displayChanged$0()V+15 java.desktop@26.0.2
j  sun.awt.windows.WToolkit$$Lambda+0x00000000200dc430.run()V+0 java.desktop@26.0.2
j  java.awt.event.InvocationEvent.dispatch()V+47 java.desktop@26.0.2
j  java.awt.EventQueue.dispatchEventImpl(Ljava/awt/AWTEvent;Ljava/lang/Object;)V+21 java.desktop@26.0.2
j  java.awt.EventQueue.dispatchEvent(Ljava/awt/AWTEvent;)V+22 java.desktop@26.0.2
j  java.awt.EventDispatchThread.pumpOneEventForFilters(I)V+81 java.desktop@26.0.2
j  java.awt.EventDispatchThread.pumpEventsForFilter(ILjava/awt/Conditional;Ljava/awt/EventFilter;)V+35 java.desktop@26.0.2
j  java.awt.EventDispatchThread.pumpEventsForHierarchy(ILjava/awt/Conditional;Ljava/awt/Component;)V+11 java.desktop@26.0.2
j  java.awt.EventDispatchThread.pumpEvents(ILjava/awt/Conditional;)V+4 java.desktop@26.0.2
j  java.awt.EventDispatchThread.pumpEvents(Ljava/awt/Conditional;)V+3 java.desktop@26.0.2
j  java.awt.EventDispatchThread.run()V+9 java.desktop@26.0.2
v  ~StubRoutines::Stub Generator call_stub_stub 0x0000023a901318e2
Lock stack of current Java thread (top to bottom):
LockStack[0]: java.lang.Class 
{0x00000000fffc2180} - klass: 'java/lang/Class' - flags: 

 - ---- fields (total size 16 words):
 - private volatile transient 'classRedefinedCount' 'I' @12  0 (0x00000000)
 - injected 'klass' 'J' @16  537789184 (0x00000000200e0300)
 - injected 'array_klass' 'J' @24  0 (0x0000000000000000)
 - injected 'oop_size' 'I' @32  16 (0x00000010)
 - injected 'static_oop_field_count' 'I' @36  2 (0x00000002)
 - private final transient 'modifiers' 'C' @40    17 (0x0011)
 - private final transient 'classFileAccessFlags' 'C' @42  1 49 (0x0031)
 - private final transient 'primitive' 'Z' @44  false (0x00)
 - private volatile transient 'cachedConstructor' 'Ljava/lang/reflect/Constructor;' @48  null (0x00000000)
 - private transient 'name' 'Ljava/lang/String;' @52  null (0x00000000)
 - private transient 'module' 'Ljava/lang/Module;' @56  a 'java/lang/Module'{0x00000000ffe27520} (0xffe27520)
 - private final 'classLoader' 'Ljava/lang/ClassLoader;' @60  null (0x00000000)
 - private transient 'classData' 'Ljava/lang/Object;' @64  null (0x00000000)
 - private transient 'signers' '[Ljava/lang/Object;' @68  null (0x00000000)
 - private transient 'packageName' 'Ljava/lang/String;' @72  null (0x00000000)
 - private final transient 'componentType' 'Ljava/lang/Class;' @76  null (0x00000000)
 - private final transient 'protectionDomain' 'Ljava/security/ProtectionDomain;' @80  null (0x00000000)
 - private volatile transient 'reflectionData' 'Ljava/lang/ref/SoftReference;' @84  null (0x00000000)
 - private volatile transient 'genericInfo' 'Lsun/reflect/generics/repository/ClassRepository;' @88  null (0x00000000)
 - private volatile transient 'enumConstants' '[Ljava/lang/Object;' @92  null (0x00000000)
 - private volatile transient 'enumConstantDirectory' 'Ljava/util/Map;' @96  null (0x00000000)
 - private volatile transient 'annotationData' 'Ljava/lang/Class$AnnotationData;' @100  null (0x00000000)
 - private volatile transient 'annotationType' 'Lsun/reflect/annotation/AnnotationType;' @104  null (0x00000000)
 - transient 'classValueMap' 'Ljava/lang/ClassValue$ClassValueMap;' @108  null (0x00000000)
 - injected 'source_file' 'Ljava/lang/Object;' @112  null (0x00000000)
 - injected '<init_lock>' 'Ljava/lang/Object;' @116  null (0x00000000)
 - signature: Lsun/java2d/d3d/D3DRenderQueue;
 - ---- static fields (2):
 - private static 'theInstance' 'Lsun/java2d/d3d/D3DRenderQueue;' @120  null (0x00000000)
 - private static 'rqThread' 'Ljava/lang/Thread;' @124  null (0x00000000)

ldc_w  19 ldc_w  [0x0000023a9013f920, 0x0000023a9013fbd0]  688 bytes

Loading hsdis library failed, undisassembled code is shown in MachCode section
[MachCode]
  0x0000023a9013f920: 4883 ec08 | c5fa 1104 | 24eb 1f48 | 83ec 10c5 | fb11 0424 | eb14 4883 | ec10 4889 | 0424 48c7 
  0x0000023a9013f940: 4424 0800 | 0000 00eb | 0150 410f | b75d 010f | cbc1 eb10 | 488b 4de8 | 488b 4908 | 488b 4908 
  0x0000023a9013f960: 488b 4108 | 0fb6 5418 | 0483 fa64 | 740e 83fa | 6774 0983 | fa07 0f85 | bd00 0000 | ba01 0000 
  0x0000023a9013f980: 00e8 0500 | 0000 e9a8 | 0000 0048 | 8d44 2408 | 4c89 6dc0 | 498b cfc5 | f877 4989 | af20 0400 
  0x0000023a9013f9a0: 0049 8987 | 1004 0000 | 4883 ec20 | 40f6 c40f | 0f84 1900 | 0000 4883 | ec08 48b8 | 20a3 dbbc 
  0x0000023a9013f9c0: ff7f 0000 | ffd0 4883 | c408 e90c | 0000 0048 | b820 a3db | bcff 7f00 | 00ff d048 | 83c4 2049 
  0x0000023a9013f9e0: c787 1004 | 0000 0000 | 0000 49c7 | 8720 0400 | 0000 0000 | 0049 c787 | 1804 0000 | 0000 0000 
  0x0000023a9013fa00: c5f8 7749 | 837f 0800 | 0f84 0500 | 0000 e9cd | 1dff ff49 | 8b87 6804 | 0000 49c7 | 8768 0400 
  0x0000023a9013fa20: 0000 0000 | 004c 8b6d | c04c 8b75 | c84e 8d74 | f500 c350 | e97c 0100 | 0083 fa04 | 7514 c5fa 
  0x0000023a9013fa40: 1044 d950 | 4883 ec08 | c5fa 1104 | 24e9 6301 | 0000 83fa | 0375 0a8b | 44d9 5050 | e954 0100 
  0x0000023a9013fa60: 00ba 1300 | 0000 e805 | 0000 00e9 | a800 0000 | 488d 4424 | 084c 896d | c049 8bcf | c5f8 7749 
  0x0000023a9013fa80: 89af 2004 | 0000 4989 | 8710 0400 | 0048 83ec | 2040 f6c4 | 0f0f 8419 | 0000 0048 | 83ec 0848 
  0x0000023a9013faa0: b870 c8db | bcff 7f00 | 00ff d048 | 83c4 08e9 | 0c00 0000 | 48b8 70c8 | dbbc ff7f | 0000 ffd0 
  0x0000023a9013fac0: 4883 c420 | 49c7 8710 | 0400 0000 | 0000 0049 | c787 2004 | 0000 0000 | 0000 49c7 | 8718 0400 
  0x0000023a9013fae0: 0000 0000 | 00c5 f877 | 4983 7f08 | 000f 8405 | 0000 00e9 | e81c ffff | 498b 8768 | 0400 0049 
  0x0000023a9013fb00: c787 6804 | 0000 0000 | 0000 4c8b | 6dc0 4c8b | 75c8 4e8d | 74f5 00c3 | 498b 8f70 | 0400 0049 
  0x0000023a9013fb20: c787 7004 | 0000 0000 | 0000 8bd9 | 81e3 ffff | 0000 c1e9 | 1c83 e10f | 83f9 0475 | 098b 0418 
  0x0000023a9013fb40: 50e9 6f00 | 0000 83f9 | 0675 13c5 | fa10 0418 | 4883 ec08 | c5fa 1104 | 24e9 5700 | 0000 83f9 
  0x0000023a9013fb60: 0375 0a0f | bf04 1850 | e948 0000 | 0083 f900 | 750a 0fbe | 0418 50e9 | 3900 0000 | 83f9 0275 
  0x0000023a9013fb80: 0a0f b704 | 1850 e92a | 0000 0083 | f901 750a | 0fbe 0418 | 50e9 1b00 | 0000 48b9 | 2009 4fbd 
  0x0000023a9013fba0: ff7f 0000 | 4883 e4f0 | 48b8 20fb | 04bd ff7f | 0000 ffd0 | f441 0fb6 | 5d03 4983 | c503 49ba 
  0x0000023a9013fbc0: 40a3 72bd | ff7f 0000 | 41ff 24da | 0f1f 4000 
[/MachCode]

---------------  P R O C E S S  ---------------

Threads class SMR info:
_java_thread_list=0x0000023aa27c2aa0, length=17, elements={
0x0000023afde2eec0, 0x0000023a9d62c0d0, 0x0000023a9d62cb20, 0x0000023a9d6335a0,
0x0000023a9d634630, 0x0000023a9d637050, 0x0000023a9d639810, 0x0000023a9d63d1f0,
0x0000023a9d64ae50, 0x0000023a9d710080, 0x0000023a9d711af0, 0x0000023aa2172ce0,
0x0000023aa21749c0, 0x0000023aa2632f60, 0x0000023aa2633ec0, 0x0000023aa25ef800,
0x0000023a9d68dd60
}

Java Threads: ( => current thread )
  0x0000023afde2eec0 JavaThread "main"                              [_thread_blocked, id=9004, stack(0x000000a1d1c00000,0x000000a1d1d00000) (1024K)]
  0x0000023a9d62c0d0 JavaThread "Reference Handler"          daemon [_thread_blocked, id=7936, stack(0x000000a1d2500000,0x000000a1d2600000) (1024K)]
  0x0000023a9d62cb20 JavaThread "Finalizer"                  daemon [_thread_blocked, id=24404, stack(0x000000a1d2600000,0x000000a1d2700000) (1024K)]
  0x0000023a9d6335a0 JavaThread "Signal Dispatcher"          daemon [_thread_blocked, id=19820, stack(0x000000a1d2700000,0x000000a1d2800000) (1024K)]
  0x0000023a9d634630 JavaThread "Attach Listener"            daemon [_thread_blocked, id=13636, stack(0x000000a1d2800000,0x000000a1d2900000) (1024K)]
  0x0000023a9d637050 JavaThread "Service Thread"             daemon [_thread_blocked, id=4292, stack(0x000000a1d2900000,0x000000a1d2a00000) (1024K)]
  0x0000023a9d639810 JavaThread "Monitor Deflation Thread"   daemon [_thread_blocked, id=3324, stack(0x000000a1d2a00000,0x000000a1d2b00000) (1024K)]
  0x0000023a9d63d1f0 JavaThread "C2 CompilerThread0"         daemon [_thread_blocked, id=9460, stack(0x000000a1d2b00000,0x000000a1d2c00000) (1024K)]
  0x0000023a9d64ae50 JavaThread "C1 CompilerThread0"         daemon [_thread_blocked, id=22384, stack(0x000000a1d2c00000,0x000000a1d2d00000) (1024K)]
  0x0000023a9d710080 JavaThread "Notification Thread"        daemon [_thread_blocked, id=1332, stack(0x000000a1d2d00000,0x000000a1d2e00000) (1024K)]
  0x0000023a9d711af0 JavaThread "Common-Cleaner"             daemon [_thread_blocked, id=6836, stack(0x000000a1d2e00000,0x000000a1d2f00000) (1024K)]
  0x0000023aa2172ce0 JavaThread "idle-timeout-task"          daemon [_thread_blocked, id=22996, stack(0x000000a1d3100000,0x000000a1d3200000) (1024K)]
  0x0000023aa21749c0 JavaThread "HTTP-Dispatcher"                   [_thread_in_native, id=26688, stack(0x000000a1d3200000,0x000000a1d3300000) (1024K)]
  0x0000023aa2632f60 JavaThread "Java2D Disposer"            daemon [_thread_blocked, id=7224, stack(0x000000a1d3300000,0x000000a1d3400000) (1024K)]
  0x0000023aa2633ec0 JavaThread "AWT-Windows"                daemon [_thread_in_native, id=20848, stack(0x000000a1d3500000,0x000000a1d3600000) (1024K)]
  0x0000023aa25ef800 JavaThread "AWT-Shutdown"                      [_thread_blocked, id=32960, stack(0x000000a1d1900000,0x000000a1d1a00000) (1024K)]
=>0x0000023a9d68dd60 JavaThread "AWT-EventQueue-0"                  [_thread_in_vm, id=816, stack(0x000000a1d1b00000,0x000000a1d1c00000) (1024K)]
Total: 17

Other Threads:
  0x0000023a9d61a360 VMThread "VM Thread"                           [id=27160, stack(0x000000a1d2400000,0x000000a1d2500000) (1024K)]
  0x0000023a9d60da20 WatcherThread "VM Periodic Task Thread"        [id=23712, stack(0x000000a1d2300000,0x000000a1d2400000) (1024K)]
  0x0000023afe070730 WorkerThread "GC Thread#0"                     [id=18172, stack(0x000000a1d1d00000,0x000000a1d1e00000) (1024K)]
  0x0000023aa20a3ee0 WorkerThread "GC Thread#1"                     [id=3088, stack(0x000000a1d3000000,0x000000a1d3100000) (1024K)]
  0x0000023aa26609a0 WorkerThread "GC Thread#2"                     [id=10824, stack(0x000000a1d3600000,0x000000a1d3700000) (1024K)]
  0x0000023aa2660dc0 WorkerThread "GC Thread#3"                     [id=4704, stack(0x000000a1d3700000,0x000000a1d3800000) (1024K)]
  0x0000023aa26611e0 WorkerThread "GC Thread#4"                     [id=16364, stack(0x000000a1d3800000,0x000000a1d3900000) (1024K)]
  0x0000023aa2671a20 WorkerThread "GC Thread#5"                     [id=2684, stack(0x000000a1d3900000,0x000000a1d3a00000) (1024K)]
  0x0000023aa25c1cf0 WorkerThread "GC Thread#6"                     [id=9976, stack(0x000000a1d2f00000,0x000000a1d3000000) (1024K)]
  0x0000023aa25c2110 WorkerThread "GC Thread#7"                     [id=9952, stack(0x000000a1d3400000,0x000000a1d3500000) (1024K)]
  0x0000023afe089b40 ConcurrentGCThread "G1 Main Marker"            [id=11292, stack(0x000000a1d1e00000,0x000000a1d1f00000) (1024K)]
  0x0000023afe08a6c0 WorkerThread "G1 Conc#0"                       [id=8920, stack(0x000000a1d1f00000,0x000000a1d2000000) (1024K)]
  0x0000023aa2676250 WorkerThread "G1 Conc#1"                       [id=19824, stack(0x000000a1d3a00000,0x000000a1d3b00000) (1024K)]
  0x0000023afe0cf540 WorkerThread "G1 Refinement Workers#0"         [id=20752, stack(0x000000a1d2100000,0x000000a1d2200000) (1024K)]
  0x0000023afe0cbb60 ConcurrentGCThread "G1 Refine Control"         [id=20736, stack(0x000000a1d2000000,0x000000a1d2100000) (1024K)]
  0x0000023afe0d0b80 ConcurrentGCThread "G1 Service"                [id=16916, stack(0x000000a1d2200000,0x000000a1d2300000) (1024K)]
Total: 16

Threads with active compile tasks:
Total: 0

VM state: not at safepoint (normal execution)

VM Mutex/Monitor currently owned by a thread:  ([mutex/lock_event])
[0x00007fffbd70fc08] Metaspace_lock - owner thread: 0x0000023a9d68dd60

Heap address: 0x0000000083e00000, size: 1986 MB, Compressed Oops mode: 32-bit

CDS archive(s) mapped at: [0x000000001f000000-0x000000001fde0000-0x000000001fde0000), size 14548992, SharedBaseAddress: 0x000000001f000000, ArchiveRelocationMode: 1.
Compressed class space mapped at: 0x0000000020000000-0x0000000060000000, reserved size: 1073741824
UseCompressedClassPointers 1, UseCompactObjectHeaders 0
Narrow klass pointer bits 32, Max shift 3
Narrow klass base: 0x000000001f000000, Narrow klass shift: 0
Encoding Range: [0x000000001f000000 - 0x000000011f000000), (4294967296 bytes)
Klass Range:    [0x000000001f000000 - 0x0000000060000000), (1090519040 bytes)
Klass ID Range:  [8 - 1090519033) (1090519025)
Protection zone: [0x000000001f000000 - 0x000000001f010000), (65536 bytes)

GC Precious Log:
 CardTable entry size: 512
 Card Set container configuration: InlinePtr #cards 5 size 8 Array Of Cards #cards 10 size 36 Howl #buckets 4 coarsen threshold 1843 Howl Bitmap #cards 512 size 80 coarsen threshold 460 Card regions per heap region 1 cards per card region 2048
 CPUs: 8 total, 8 available
 Memory: 7941M
 Large Page Support: Disabled
 NUMA Support: Disabled
 Compressed Oops: Enabled (32-bit)
 Heap Region Size: 1M
 Heap Min Capacity: 8M
 Heap Initial Capacity: 8M
 Heap Max Capacity: 1986M
 Pre-touch: Disabled
 Parallel Workers: 8
 Concurrent Workers: 2
 Concurrent Refinement Workers: 8
 Periodic GC: Disabled

Heap:
 garbage-first heap   total reserved 2033664K, committed 13312K, used 5659K [0x0000000083e00000, 0x0000000100000000)
  region size 1M, 1 eden (1M), 1 survivor (1M), 6 old (6M), 0 humongous (0M), 5 free (5M)

Heap Regions: E=young(eden), S=young(survivor), O=old, HS=humongous(starts), HC=humongous(continues), CS=collection set, F=free, TAMS=top-at-mark-start, PB=parsable bottom
|    0|0x0000000083e00000, 0x0000000083f00000, 0x0000000083f00000|100%| O|  |TAMS 0x0000000083e00000| PB 0x0000000083e00000| Untracked |  0
|    1|0x0000000083f00000, 0x0000000084000000, 0x0000000084000000|100%| O|  |TAMS 0x0000000083f00000| PB 0x0000000083f00000| Untracked |  0
|    2|0x0000000084000000, 0x0000000084100000, 0x0000000084100000|100%| O|  |TAMS 0x0000000084000000| PB 0x0000000084000000| Untracked |  0
|    3|0x0000000084100000, 0x0000000084200000, 0x0000000084200000|100%| O|  |TAMS 0x0000000084100000| PB 0x0000000084100000| Untracked |  0
|    4|0x0000000084200000, 0x0000000084259cb8, 0x0000000084300000| 35%| O|  |TAMS 0x0000000084200000| PB 0x0000000084200000| Untracked |  0
|    5|0x0000000084300000, 0x0000000084300000, 0x0000000084400000|  0%| F|  |TAMS 0x0000000084300000| PB 0x0000000084300000| Untracked |  0
|    6|0x0000000084400000, 0x0000000084400000, 0x0000000084500000|  0%| F|  |TAMS 0x0000000084400000| PB 0x0000000084400000| Untracked |  0
|    7|0x0000000084500000, 0x0000000084500000, 0x0000000084600000|  0%| F|  |TAMS 0x0000000084500000| PB 0x0000000084500000| Untracked |  0
|    8|0x0000000084600000, 0x0000000084600000, 0x0000000084700000|  0%| F|  |TAMS 0x0000000084600000| PB 0x0000000084600000| Untracked |  0
|    9|0x0000000084700000, 0x0000000084700000, 0x0000000084800000|  0%| F|  |TAMS 0x0000000084700000| PB 0x0000000084700000| Untracked |  0
|   10|0x0000000084800000, 0x000000008482d160, 0x0000000084900000| 17%| S|CS|TAMS 0x0000000084800000| PB 0x0000000084800000| Complete  |  0
| 1984|0x00000000ffe00000, 0x00000000fff00000, 0x00000000fff00000|100%| O|  |TAMS 0x00000000ffe00000| PB 0x00000000ffe00000| Untracked |  0
| 1985|0x00000000fff00000, 0x00000000fffd36a8, 0x0000000100000000| 82%| E|CS|TAMS 0x00000000fff00000| PB 0x00000000fff00000| Complete  |  0

Card table byte_map: [0x0000023a98570000,0x0000023a98960000] _byte_map_base: 0x0000023a98151000
Refinement table byte_map: [0x0000023a98960000,0x0000023a98d50000] _byte_map_base: 0x0000023a98541000

Marking Bits: (CMBitMap*) 0x0000023afe070eb0
 Bits: [0x0000023a98d50000, 0x0000023a9ac58000)

Polling page: 0x0000023afe110000

Metaspace:
Metaspace        used 6606K, committed 6784K, reserved 1114112K
 class space     used 669K, committed 768K, reserved 1048576K

Usage:
  Non-class:      5.80 MB used.
      Class:    669.16 KB used.
       Both:      6.45 MB used.

Virtual space:
  Non-class space:       64.00 MB reserved,       5.88 MB (  9%) committed,  1 nodes.
      Class space:        1.00 GB reserved,     768.00 KB ( <1%) committed,  1 nodes.
             Both:        1.06 GB reserved,       6.62 MB ( <1%) committed. 

Chunk freelists:
   Non-Class:  9.90 MB
       Class:  15.20 MB
        Both:  25.10 MB

MaxMetaspaceSize: unlimited
CompressedClassSpaceSize: 1.00 GB
Initial GC threshold: 21.00 MB
Current GC threshold: 21.00 MB
CDS: on
 - commit_granule_bytes: 65536.
 - commit_granule_words: 8192.
 - virtual_space_node_default_size: 8388608.
 - enlarge_chunks_in_place: 1.
UseCompressedClassPointers 1, UseCompactObjectHeaders 0
Narrow klass pointer bits 32, Max shift 3
Narrow klass base: 0x000000001f000000, Narrow klass shift: 0
Encoding Range: [0x000000001f000000 - 0x000000011f000000), (4294967296 bytes)
Klass Range:    [0x000000001f000000 - 0x0000000060000000), (1090519040 bytes)
Klass ID Range:  [8 - 1090519033) (1090519025)
Protection zone: [0x000000001f000000 - 0x000000001f010000), (65536 bytes)


Internal statistics:

num_allocs_failed_limit: 0.
num_arena_births: 94.
num_arena_deaths: 0.
num_vsnodes_births: 2.
num_vsnodes_deaths: 0.
num_space_committed: 106.
num_space_uncommitted: 0.
num_chunks_returned_to_freelist: 0.
num_chunks_taken_from_freelist: 182.
num_chunk_merges: 0.
num_chunk_splits: 113.
num_chunks_enlarged: 67.
num_inconsistent_stats: 0.

CodeHeap 'non-profiled nmethods': size=120064Kb used=387Kb max_used=387Kb free=119677Kb
 bounds [0x0000023a906d0000, 0x0000023a90940000, 0x0000023a97c10000]
CodeHeap 'profiled nmethods': size=120064Kb used=1609Kb max_used=1609Kb free=118454Kb
 bounds [0x0000023a88bf0000, 0x0000023a88e60000, 0x0000023a90130000]
CodeHeap 'non-nmethods': size=5760Kb used=1560Kb max_used=1581Kb free=4199Kb
 bounds [0x0000023a90130000, 0x0000023a903a0000, 0x0000023a906d0000]
CodeCache: size=245888Kb, used=3556Kb, max_used=3577Kb, free=242330Kb
 total_blobs=1881, nmethods=1330, adapters=456, full_count=0
Compilation: enabled, stopped_count=0, restarted_count=0

Compilation events (20 events):
Event: 13063.655 Thread 0x0000023a9d63d1f0 1321       4       java.util.HashMap$HashIterator::hasNext (13 bytes)
Event: 13063.664 Thread 0x0000023a9d63d1f0 nmethod 1321 0x0000023a90730308 code [0x0000023a90730400, 0x0000023a90730470]
Event: 13233.951 Thread 0x0000023a9d64ae50 1322       3       sun.awt.AWTAutoShutdown::getInstance (4 bytes)
Event: 13233.957 Thread 0x0000023a9d64ae50 nmethod 1322 0x0000023a88d7f688 code [0x0000023a88d7f780, 0x0000023a88d7f860]
Event: 17964.948 Thread 0x0000023a9d63d1f0 1323       4       java.util.TaskQueue::isEmpty (13 bytes)
Event: 17964.965 Thread 0x0000023a9d63d1f0 nmethod 1323 0x0000023a90730608 code [0x0000023a90730700, 0x0000023a90730788]
Event: 19267.928 Thread 0x0000023a9d64ae50 1324   !   3       sun.awt.AWTAutoShutdown::setToolkitBusy (124 bytes)
Event: 19267.934 Thread 0x0000023a9d64ae50 nmethod 1324 0x0000023a88d7f988 code [0x0000023a88d7fa80, 0x0000023a88d80228]
Event: 19583.271 Thread 0x0000023a9d64ae50 1325  s    3       jdk.internal.ref.CleanerImpl$CleanableList::isEmpty (16 bytes)
Event: 19583.274 Thread 0x0000023a9d64ae50 nmethod 1325 0x0000023a88d80288 code [0x0000023a88d80380, 0x0000023a88d80618]
Event: 19583.275 Thread 0x0000023a9d64ae50 1326       3       jdk.internal.misc.InnocuousThread::eraseThreadLocals (23 bytes)
Event: 19583.279 Thread 0x0000023a9d64ae50 nmethod 1326 0x0000023a88d80688 code [0x0000023a88d80780, 0x0000023a88d80940]
Event: 19583.279 Thread 0x0000023a9d64ae50 1327   !   3       java.lang.ref.ReferenceQueue::remove (49 bytes)
Event: 19583.288 Thread 0x0000023a9d64ae50 nmethod 1327 0x0000023a88d80988 code [0x0000023a88d80a80, 0x0000023a88d81408]
Event: 19909.006 Thread 0x0000023a9d64ae50 1328       3       java.lang.invoke.MethodHandles$Lookup::isArrayClone (50 bytes)
Event: 19909.150 Thread 0x0000023a9d64ae50 nmethod 1328 0x0000023a88d81488 code [0x0000023a88d81580, 0x0000023a88d81f18]
Event: 19911.897 Thread 0x0000023a9d64ae50 1330       3       java.lang.invoke.LambdaForm$MH/0x0000000020044800::invoke (25 bytes)
Event: 19911.924 Thread 0x0000023a9d64ae50 nmethod 1330 0x0000023a88d81f88 code [0x0000023a88d82080, 0x0000023a88d825b8]
Event: 19915.180 Thread 0x0000023a9d64ae50 1331       1       java.lang.invoke.InfoFromMemberName::getReferenceKind (5 bytes)
Event: 19915.528 Thread 0x0000023a9d64ae50 nmethod 1331 0x0000023a90730908 code [0x0000023a90730a00, 0x0000023a90730ab8]

GC Heap Usage History (12 events):
Event: 0.177 {heap Before GC invocations=0 (full 0):
 garbage-first heap   total reserved 2033664K, committed 10240K, used 5283K [0x0000000083e00000, 0x0000000100000000)
  region size 1M, 4 eden (4M), 0 survivor (0M), 2 old (2M), 0 humongous (0M), 4 free (4M)
}
Event: 0.179 {heap After GC invocations=1 (full 0):
 garbage-first heap   total reserved 2033664K, committed 10240K, used 2869K [0x0000000083e00000, 0x0000000100000000)
  region size 1M, 0 eden (0M), 1 survivor (1M), 3 old (3M), 0 humongous (0M), 6 free (6M)
}
Event: 0.276 {heap Before GC invocations=1 (full 0):
 garbage-first heap   total reserved 2033664K, committed 10240K, used 4917K [0x0000000083e00000, 0x0000000100000000)
  region size 1M, 2 eden (2M), 1 survivor (1M), 3 old (3M), 0 humongous (0M), 4 free (4M)
}
Event: 0.278 {heap After GC invocations=2 (full 0):
 garbage-first heap   total reserved 2033664K, committed 10240K, used 3427K [0x0000000083e00000, 0x0000000100000000)
  region size 1M, 0 eden (0M), 1 survivor (1M), 4 old (4M), 0 humongous (0M), 5 free (5M)
}
Event: 0.411 {heap Before GC invocations=2 (full 0):
 garbage-first heap   total reserved 2033664K, committed 10240K, used 5475K [0x0000000083e00000, 0x0000000100000000)
  region size 1M, 2 eden (2M), 1 survivor (1M), 4 old (4M), 0 humongous (0M), 3 free (3M)
}
Event: 0.413 {heap After GC invocations=3 (full 0):
 garbage-first heap   total reserved 2033664K, committed 10240K, used 3965K [0x0000000083e00000, 0x0000000100000000)
  region size 1M, 0 eden (0M), 1 survivor (1M), 4 old (4M), 0 humongous (0M), 5 free (5M)
}
Event: 1.579 {heap Before GC invocations=4 (full 0):
 garbage-first heap   total reserved 2033664K, committed 10240K, used 4989K [0x0000000083e00000, 0x0000000100000000)
  region size 1M, 2 eden (2M), 1 survivor (1M), 4 old (4M), 0 humongous (0M), 3 free (3M)
}
Event: 1.581 {heap After GC invocations=5 (full 0):
 garbage-first heap   total reserved 2033664K, committed 13312K, used 4647K [0x0000000083e00000, 0x0000000100000000)
  region size 1M, 0 eden (0M), 1 survivor (1M), 5 old (5M), 0 humongous (0M), 7 free (7M)
}
Event: 20.295 {heap Before GC invocations=5 (full 0):
 garbage-first heap   total reserved 2033664K, committed 13312K, used 7719K [0x0000000083e00000, 0x0000000100000000)
  region size 1M, 3 eden (3M), 1 survivor (1M), 5 old (5M), 0 humongous (0M), 4 free (4M)
}
Event: 20.299 {heap After GC invocations=6 (full 0):
 garbage-first heap   total reserved 2033664K, committed 13312K, used 5421K [0x0000000083e00000, 0x0000000100000000)
  region size 1M, 0 eden (0M), 1 survivor (1M), 5 old (5M), 0 humongous (0M), 7 free (7M)
}
Event: 12943.574 {heap Before GC invocations=6 (full 0):
 garbage-first heap   total reserved 2033664K, committed 13312K, used 6445K [0x0000000083e00000, 0x0000000100000000)
  region size 1M, 1 eden (1M), 1 survivor (1M), 5 old (5M), 0 humongous (0M), 6 free (6M)
}
Event: 12943.614 {heap After GC invocations=7 (full 0):
 garbage-first heap   total reserved 2033664K, committed 13312K, used 5659K [0x0000000083e00000, 0x0000000100000000)
  region size 1M, 0 eden (0M), 1 survivor (1M), 6 old (6M), 0 humongous (0M), 6 free (6M)
}

Metaspace Usage History (12 events):
Event: 0.177 {metaspace Before GC invocations=0 (full 0):
 Metaspace       used 1407K, committed 1536K, reserved 1114112K
  class space    used 127K, committed 192K, reserved 1048576K
}
Event: 0.179 {metaspace After GC invocations=1 (full 0):
 Metaspace       used 1407K, committed 1536K, reserved 1114112K
  class space    used 127K, committed 192K, reserved 1048576K
}
Event: 0.276 {metaspace Before GC invocations=1 (full 0):
 Metaspace       used 2798K, committed 2944K, reserved 1114112K
  class space    used 289K, committed 384K, reserved 1048576K
}
Event: 0.278 {metaspace After GC invocations=2 (full 0):
 Metaspace       used 2798K, committed 2944K, reserved 1114112K
  class space    used 289K, committed 384K, reserved 1048576K
}
Event: 0.411 {metaspace Before GC invocations=2 (full 0):
 Metaspace       used 4929K, committed 5184K, reserved 1114112K
  class space    used 513K, committed 640K, reserved 1048576K
}
Event: 0.413 {metaspace After GC invocations=3 (full 0):
 Metaspace       used 4929K, committed 5184K, reserved 1114112K
  class space    used 513K, committed 640K, reserved 1048576K
}
Event: 1.579 {metaspace Before GC invocations=4 (full 0):
 Metaspace       used 5700K, committed 5952K, reserved 1114112K
  class space    used 600K, committed 704K, reserved 1048576K
}
Event: 1.581 {metaspace After GC invocations=5 (full 0):
 Metaspace       used 5700K, committed 5952K, reserved 1114112K
  class space    used 600K, committed 704K, reserved 1048576K
}
Event: 20.295 {metaspace Before GC invocations=5 (full 0):
 Metaspace       used 6258K, committed 6464K, reserved 1114112K
  class space    used 635K, committed 704K, reserved 1048576K
}
Event: 20.299 {metaspace After GC invocations=6 (full 0):
 Metaspace       used 6258K, committed 6464K, reserved 1114112K
  class space    used 635K, committed 704K, reserved 1048576K
}
Event: 12943.575 {metaspace Before GC invocations=6 (full 0):
 Metaspace       used 6295K, committed 6464K, reserved 1114112K
  class space    used 637K, committed 704K, reserved 1048576K
}
Event: 12943.614 {metaspace After GC invocations=7 (full 0):
 Metaspace       used 6295K, committed 6464K, reserved 1114112K
  class space    used 637K, committed 704K, reserved 1048576K
}

Dll operation events (16 events):
Event: 0.010 Attempting to load shared library C:\Program Files\Java\jdk-26.0.2\bin\java.dll
Event: 0.012 Loaded shared library C:\Program Files\Java\jdk-26.0.2\bin\java.dll
Event: 0.060 Attempting to load shared library C:\Program Files\Java\jdk-26.0.2\bin\net.dll
Event: 0.061 Loaded shared library C:\Program Files\Java\jdk-26.0.2\bin\net.dll
Event: 0.062 Attempting to load shared library C:\Program Files\Java\jdk-26.0.2\bin\nio.dll
Event: 0.063 Loaded shared library C:\Program Files\Java\jdk-26.0.2\bin\nio.dll
Event: 0.065 Attempting to load shared library C:\Program Files\Java\jdk-26.0.2\bin\zip.dll
Event: 0.065 Loaded shared library C:\Program Files\Java\jdk-26.0.2\bin\zip.dll
Event: 0.126 Attempting to load shared library C:\Program Files\Java\jdk-26.0.2\bin\jimage.dll
Event: 0.126 Loaded shared library C:\Program Files\Java\jdk-26.0.2\bin\jimage.dll
Event: 0.264 Attempting to load shared library C:\Program Files\Java\jdk-26.0.2\bin\extnet.dll
Event: 0.265 Loaded shared library C:\Program Files\Java\jdk-26.0.2\bin\extnet.dll
Event: 0.299 Attempting to load shared library C:\Program Files\Java\jdk-26.0.2\bin\sunmscapi.dll
Event: 0.301 Loaded shared library C:\Program Files\Java\jdk-26.0.2\bin\sunmscapi.dll
Event: 0.352 Attempting to load shared library C:\Program Files\Java\jdk-26.0.2\bin\awt.dll
Event: 0.356 Loaded shared library C:\Program Files\Java\jdk-26.0.2\bin\awt.dll

Deoptimization events (10 events):
Event: 0.112 Thread 0x0000023afde2eec0 DEOPT PACKING pc=0x0000023a88c0cec5 sp=0x000000a1d1cfe0b0
Event: 0.112 Thread 0x0000023afde2eec0 DEOPT UNPACKING pc=0x0000023a901815a2 sp=0x000000a1d1cfd4f8 mode 0
Event: 0.188 Thread 0x0000023afde2eec0 Uncommon trap: trap_request=0xffffff45 fr.pc=0x0000023a906d7374 relative=0x0000000000000074
Event: 0.188 Thread 0x0000023afde2eec0 Uncommon trap: reason=unstable_if action=reinterpret pc=0x0000023a906d7374 method=jdk.internal.misc.Unsafe.convEndian(ZI)I @ 4 c2
Event: 0.188 Thread 0x0000023afde2eec0 DEOPT PACKING pc=0x0000023a906d7374 sp=0x000000a1d1cfe870
Event: 0.188 Thread 0x0000023afde2eec0 DEOPT UNPACKING pc=0x0000023a90262782 sp=0x000000a1d1cfe7a0 mode 2
Event: 1.577 Thread 0x0000023aa21749c0 Uncommon trap: trap_request=0xffffff45 fr.pc=0x0000023a907154ac relative=0x000000000000012c
Event: 1.577 Thread 0x0000023aa21749c0 Uncommon trap: reason=unstable_if action=reinterpret pc=0x0000023a907154ac method=java.util.regex.Pattern$BmpCharPropertyGreedy.match(Ljava/util/regex/Matcher;ILjava/lang/CharSequence;)Z @ 12 c2
Event: 1.577 Thread 0x0000023aa21749c0 DEOPT PACKING pc=0x0000023a907154ac sp=0x000000a1d32fe2d0
Event: 1.577 Thread 0x0000023aa21749c0 DEOPT UNPACKING pc=0x0000023a90262782 sp=0x000000a1d32fe268 mode 2

Classes loaded (20 events):
Event: 19915.164 Loading class java/lang/WrongThreadException done
Event: 19915.536 Loading class jdk/internal/foreign/GlobalSession
Event: 19915.543 Loading class jdk/internal/foreign/GlobalSession done
Event: 19915.781 Loading class jdk/internal/foreign/ArenaImpl
Event: 19915.782 Loading class jdk/internal/foreign/ArenaImpl done
Event: 19915.789 Loading class jdk/internal/foreign/ImplicitSession
Event: 19915.823 Loading class jdk/internal/foreign/SharedSession
Event: 19915.823 Loading class jdk/internal/foreign/SharedSession done
Event: 19915.824 Loading class jdk/internal/foreign/ImplicitSession done
Event: 19915.824 Loading class jdk/internal/foreign/SegmentFactories
Event: 19915.992 Loading class jdk/internal/foreign/SegmentFactories done
Event: 19916.034 Loading class java/lang/foreign/MemorySegment
Event: 19916.105 Loading class java/lang/foreign/MemorySegment done
Event: 19916.692 Loading class jdk/internal/foreign/NativeMemorySegmentImpl
Event: 19916.693 Loading class jdk/internal/foreign/AbstractMemorySegmentImpl
Event: 19916.708 Loading class jdk/internal/foreign/AbstractMemorySegmentImpl done
Event: 19916.708 Loading class jdk/internal/foreign/NativeMemorySegmentImpl done
Event: 19916.721 Loading class jdk/internal/foreign/Utils
Event: 19916.728 Loading class jdk/internal/foreign/Utils done
Event: 19916.734 Loading class jdk/internal/foreign/abi/SharedUtils

Classes unloaded (0 events):
No events

Classes redefined (0 events):
No events

Internal exceptions (20 events):
Event: 0.212 Thread 0x0000023afde2eec0 Exception <a 'java/lang/NoSuchMethodError'{0x00000000845c7b90}: 'void java.lang.invoke.DelegatingMethodHandle$Holder.reinvoke_L(java.lang.Object, java.lang.Object, int)'> (0x00000000845c7b90) 
thrown [s\open\src\hotspot\share\interpreter\linkResolver.cpp, line 804]
Event: 0.213 Thread 0x0000023afde2eec0 Exception <a 'java/lang/NoSuchMethodError'{0x00000000845d8298}: 'int java.lang.invoke.Invokers$Holder.invokeExact_MT(java.lang.Object, java.lang.Object, java.lang.Object)'> (0x00000000845d8298) 
thrown [s\open\src\hotspot\share\interpreter\linkResolver.cpp, line 804]
Event: 0.228 Thread 0x0000023afde2eec0 Exception <a 'java/lang/NoSuchMethodError'{0x0000000084438878}: 'void java.lang.invoke.Invokers$Holder.invokeExact_MT(java.lang.Object, java.lang.Object, java.lang.Object, java.lang.Object)'> (0x0000000084438878) 
thrown [s\open\src\hotspot\share\interpreter\linkResolver.cpp, line 804]
Event: 0.280 Thread 0x0000023afde2eec0 Exception <a 'java/lang/NoSuchMethodError'{0x00000000845139b0}: 'java.lang.Object java.lang.invoke.DirectMethodHandle$Holder.invokeStaticInit(java.lang.Object, int, int, int, int)'> (0x00000000845139b0) 
thrown [s\open\src\hotspot\share\interpreter\linkResolver.cpp, line 804]
Event: 0.331 Thread 0x0000023afde2eec0 Exception <a 'java/lang/NoSuchMethodError'{0x000000008444de00}: 'java.lang.Object java.lang.invoke.DirectMethodHandle$Holder.invokeStaticInit(java.lang.Object, java.lang.Object, int, int, int, int)'> (0x000000008444de00) 
thrown [s\open\src\hotspot\share\interpreter\linkResolver.cpp, line 804]
Event: 0.345 Thread 0x0000023afde2eec0 Exception <a 'java/lang/NoSuchMethodError'{0x00000000844786a8}: 'void java.lang.invoke.DirectMethodHandle$Holder.invokeStatic(java.lang.Object, java.lang.Object, java.lang.Object)'> (0x00000000844786a8) 
thrown [s\open\src\hotspot\share\interpreter\linkResolver.cpp, line 804]
Event: 0.350 Thread 0x0000023afde2eec0 Exception <a 'java/lang/ClassNotFoundException'{0x000000008449ca40}: sun/awt/resources/spi/awtProvider> (0x000000008449ca40) 
thrown [s\open\src\hotspot\share\classfile\systemDictionary.cpp, line 330]
Event: 0.357 Thread 0x0000023afde2eec0 Exception <a 'java/io/FileNotFoundException'{0x00000000844a76b8}> (0x00000000844a76b8) 
thrown [s\open\src\hotspot\share\prims\jni.cpp, line 514]
Event: 0.359 Thread 0x0000023afde2eec0 Exception <a 'java/io/FileNotFoundException'{0x00000000844ba240}> (0x00000000844ba240) 
thrown [s\open\src\hotspot\share\prims\jni.cpp, line 514]
Event: 0.439 Thread 0x0000023afde2eec0 Exception <a 'java/lang/NoSuchMethodError'{0x000000008450c778}: 'void java.lang.invoke.DirectMethodHandle$Holder.invokeStatic(java.lang.Object, long)'> (0x000000008450c778) 
thrown [s\open\src\hotspot\share\interpreter\linkResolver.cpp, line 804]
Event: 0.441 Thread 0x0000023afde2eec0 Exception <a 'java/lang/NoSuchMethodError'{0x000000008451b4c0}: 'java.lang.Object java.lang.invoke.DirectMethodHandle$Holder.newInvokeSpecial(java.lang.Object, long)'> (0x000000008451b4c0) 
thrown [s\open\src\hotspot\share\interpreter\linkResolver.cpp, line 804]
Event: 0.447 Thread 0x0000023afde2eec0 Exception <a 'java/lang/NoSuchMethodError'{0x0000000084525200}: 'java.lang.Object java.lang.invoke.DirectMethodHandle$Holder.invokeStatic(java.lang.Object, long, java.lang.Object)'> (0x0000000084525200) 
thrown [s\open\src\hotspot\share\interpreter\linkResolver.cpp, line 804]
Event: 0.448 Thread 0x0000023afde2eec0 Exception <a 'java/lang/NoSuchMethodError'{0x000000008452d0a0}: 'java.lang.Object java.lang.invoke.DirectMethodHandle$Holder.invokeStaticInit(java.lang.Object, long, java.lang.Object)'> (0x000000008452d0a0) 
thrown [s\open\src\hotspot\share\interpreter\linkResolver.cpp, line 804]
Event: 1.511 Thread 0x0000023aa21749c0 Exception <a 'java/lang/NoSuchMethodError'{0x000000008458c5d0}: 'java.lang.Object java.lang.invoke.DirectMethodHandle$Holder.invokeInterface(java.lang.Object, java.lang.Object)'> (0x000000008458c5d0) 
thrown [s\open\src\hotspot\share\interpreter\linkResolver.cpp, line 804]
Event: 1.518 Thread 0x0000023aa21749c0 Exception <a 'java/lang/NoSuchMethodError'{0x00000000845c9118}: 'java.lang.Object java.lang.invoke.DirectMethodHandle$Holder.invokeSpecialIFC(java.lang.Object, java.lang.Object, java.lang.Object, java.lang.Object)'> (0x00000000845c9118) 
thrown [s\open\src\hotspot\share\interpreter\linkResolver.cpp, line 804]
Event: 1.520 Thread 0x0000023aa21749c0 Exception <a 'java/lang/NoSuchMethodError'{0x00000000845da168}: 'java.lang.Object java.lang.invoke.DirectMethodHandle$Holder.invokeVirtual(java.lang.Object, java.lang.Object, java.lang.Object, java.lang.Object)'> (0x00000000845da168) 
thrown [s\open\src\hotspot\share\interpreter\linkResolver.cpp, line 804]
Event: 1.522 Thread 0x0000023aa21749c0 Exception <a 'java/lang/NoSuchMethodError'{0x00000000845eac60}: 'void java.lang.invoke.DirectMethodHandle$Holder.invokeStatic(java.lang.Object, java.lang.Object, java.lang.Object, java.lang.Object)'> (0x00000000845eac60) 
thrown [s\open\src\hotspot\share\interpreter\linkResolver.cpp, line 804]
Event: 1.675 Thread 0x0000023aa21749c0 Exception <a 'java/lang/NoSuchMethodError'{0x0000000084752fe0}: 'java.lang.Object java.lang.invoke.DirectMethodHandle$Holder.newInvokeSpecial(java.lang.Object, java.lang.Object, java.lang.Object, int)'> (0x0000000084752fe0) 
thrown [s\open\src\hotspot\share\interpreter\linkResolver.cpp, line 804]
Event: 1.681 Thread 0x0000023aa21749c0 Exception <a 'java/lang/NoSuchMethodError'{0x000000008475be58}: 'java.lang.Object java.lang.invoke.Invokers$Holder.linkToTargetMethod(java.lang.Object, java.lang.Object, int, java.lang.Object)'> (0x000000008475be58) 
thrown [s\open\src\hotspot\share\interpreter\linkResolver.cpp, line 804]
Event: 1.699 Thread 0x0000023aa21749c0 Exception <a 'java/lang/IncompatibleClassChangeError'{0x00000000847a62b8}: Found class java.lang.Object, but interface was expected> (0x00000000847a62b8) 
thrown [s\open\src\hotspot\share\interpreter\linkResolver.cpp, line 871]

VM Operations (20 events):
Event: 18022.073 Executing non-safepoint VM operation: RendezvousGCThreads
Event: 18022.073 Executing non-safepoint VM operation: RendezvousGCThreads done
Event: 18863.617 Executing non-safepoint VM operation: HandshakeAllThreads (DeflationHandshakeClosure)
Event: 18863.618 Executing non-safepoint VM operation: HandshakeAllThreads (DeflationHandshakeClosure) done
Event: 18863.618 Executing non-safepoint VM operation: RendezvousGCThreads
Event: 18863.618 Executing non-safepoint VM operation: RendezvousGCThreads done
Event: 18983.757 Executing non-safepoint VM operation: HandshakeAllThreads (DeflationHandshakeClosure)
Event: 18983.757 Executing non-safepoint VM operation: HandshakeAllThreads (DeflationHandshakeClosure) done
Event: 18983.757 Executing non-safepoint VM operation: RendezvousGCThreads
Event: 18983.757 Executing non-safepoint VM operation: RendezvousGCThreads done
Event: 19284.354 Executing non-safepoint VM operation: HandshakeAllThreads (DeflationHandshakeClosure)
Event: 19284.354 Executing non-safepoint VM operation: HandshakeAllThreads (DeflationHandshakeClosure) done
Event: 19284.354 Executing non-safepoint VM operation: RendezvousGCThreads
Event: 19284.354 Executing non-safepoint VM operation: RendezvousGCThreads done
Event: 19645.093 Executing non-safepoint VM operation: HandshakeAllThreads (DeflationHandshakeClosure)
Event: 19645.093 Executing non-safepoint VM operation: HandshakeAllThreads (DeflationHandshakeClosure) done
Event: 19645.093 Executing non-safepoint VM operation: RendezvousGCThreads
Event: 19645.093 Executing non-safepoint VM operation: RendezvousGCThreads done
Event: 19915.776 Executing non-safepoint VM operation: HandshakeAllThreads (Deoptimize)
Event: 19915.780 Executing non-safepoint VM operation: HandshakeAllThreads (Deoptimize) done

Memory protections (0 events):
No events

Nmethod flushes (0 events):
No events

Events (20 events):
Event: 17992.842 Thread 0x0000023aa2633ec0 Thread added: 0x0000023aa25ef800
Event: 17994.006 Thread 0x0000023aa25ef800 Thread exited: 0x0000023aa25ef800
Event: 17995.479 Thread 0x0000023aa2633ec0 Thread added: 0x0000023aa25ef800
Event: 17996.494 Thread 0x0000023aa25ef800 Thread exited: 0x0000023aa25ef800
Event: 18839.874 Thread 0x0000023aa2633ec0 Thread added: 0x0000023aa25ef800
Event: 18841.338 Thread 0x0000023aa25ef800 Thread exited: 0x0000023aa25ef800
Event: 18841.373 Thread 0x0000023aa2633ec0 Thread added: 0x0000023aa25ef800
Event: 18842.496 Thread 0x0000023aa25ef800 Thread exited: 0x0000023aa25ef800
Event: 18950.052 Thread 0x0000023aa2633ec0 Thread added: 0x0000023a9d6d3ed0
Event: 18951.115 Thread 0x0000023a9d6d3ed0 Thread exited: 0x0000023a9d6d3ed0
Event: 19259.019 Thread 0x0000023aa2633ec0 Thread added: 0x0000023a9d6d3ed0
Event: 19260.070 Thread 0x0000023a9d6d3ed0 Thread exited: 0x0000023a9d6d3ed0
Event: 19267.681 Thread 0x0000023aa2633ec0 Thread added: 0x0000023aa25ef800
Event: 19268.939 Thread 0x0000023aa25ef800 Thread exited: 0x0000023aa25ef800
Event: 19630.682 Thread 0x0000023aa2633ec0 Thread added: 0x0000023aa25ef800
Event: 19631.740 Thread 0x0000023aa25ef800 Thread exited: 0x0000023aa25ef800
Event: 19904.755 Thread 0x0000023aa2633ec0 Thread added: 0x0000023aa25ef800
Event: 19907.367 Thread 0x0000023aa25ef800 Thread exited: 0x0000023aa25ef800
Event: 19907.958 Thread 0x0000023aa2633ec0 Thread added: 0x0000023aa25ef800
Event: 19912.004 Thread 0x0000023aa2633ec0 Thread added: 0x0000023a9d68dd60


Dynamic libraries:
0x00007ff615060000 - 0x00007ff615070000 	C:\Program Files\Java\jdk-26.0.2\bin\java.exe
0x00007ff843220000 - 0x00007ff843486000 	C:\WINDOWS\SYSTEM32\ntdll.dll
0x00007ff841860000 - 0x00007ff841929000 	C:\WINDOWS\System32\KERNEL32.DLL
0x00007ff840800000 - 0x00007ff840bff000 	C:\WINDOWS\System32\KERNELBASE.dll
0x00007ff840cc0000 - 0x00007ff840e0c000 	C:\WINDOWS\System32\ucrtbase.dll
0x00007ffffe880000 - 0x00007ffffe89e000 	C:\Program Files\Java\jdk-26.0.2\bin\VCRUNTIME140.dll
0x00007ffffe860000 - 0x00007ffffe877000 	C:\Program Files\Java\jdk-26.0.2\bin\jli.dll
0x00007ff842b00000 - 0x00007ff842cc6000 	C:\WINDOWS\System32\USER32.dll
0x00007ff8233e0000 - 0x00007ff823671000 	C:\WINDOWS\WinSxS\amd64_microsoft.windows.common-controls_6595b64144ccf1df_6.0.26100.8972_none_3e0da176e32f9d4b\COMCTL32.dll
0x00007ff8407d0000 - 0x00007ff8407f7000 	C:\WINDOWS\System32\win32u.dll
0x00007ff8415b0000 - 0x00007ff841659000 	C:\WINDOWS\System32\msvcrt.dll
0x00007ff8429b0000 - 0x00007ff8429db000 	C:\WINDOWS\System32\GDI32.dll
0x00007ff840e20000 - 0x00007ff840f49000 	C:\WINDOWS\System32\gdi32full.dll
0x00007ff840c10000 - 0x00007ff840cb3000 	C:\WINDOWS\System32\msvcp_win.dll
0x00007ff842a90000 - 0x00007ff842ac2000 	C:\WINDOWS\System32\IMM32.DLL
0x00007ff81ab80000 - 0x00007ff81ab8c000 	C:\Program Files\Java\jdk-26.0.2\bin\vcruntime140_1.dll
0x00007fffd58a0000 - 0x00007fffd592d000 	C:\Program Files\Java\jdk-26.0.2\bin\msvcp140.dll
0x00007fffbc930000 - 0x00007fffbd801000 	C:\Program Files\Java\jdk-26.0.2\bin\server\jvm.dll
0x00007ff8413e0000 - 0x00007ff84149c000 	C:\WINDOWS\System32\ADVAPI32.dll
0x00007ff8429e0000 - 0x00007ff842a8a000 	C:\WINDOWS\System32\sechost.dll
0x00007ff841660000 - 0x00007ff841778000 	C:\WINDOWS\System32\RPCRT4.dll
0x00007ff842920000 - 0x00007ff8429a2000 	C:\WINDOWS\System32\WS2_32.dll
0x00007ff8402b0000 - 0x00007ff84030e000 	C:\WINDOWS\SYSTEM32\POWRPROF.dll
0x00007ff834cc0000 - 0x00007ff834cf6000 	C:\WINDOWS\SYSTEM32\WINMM.dll
0x00007ff82ca10000 - 0x00007ff82ca1b000 	C:\WINDOWS\SYSTEM32\VERSION.dll
0x00007ff840290000 - 0x00007ff8402a5000 	C:\WINDOWS\SYSTEM32\UMPDC.dll
0x00007ff83f120000 - 0x00007ff83f13b000 	C:\WINDOWS\SYSTEM32\kernel.appcore.dll
0x00007ff80d1c0000 - 0x00007ff80d1ca000 	C:\Program Files\Java\jdk-26.0.2\bin\jimage.dll
0x00007ff83dac0000 - 0x00007ff83dd02000 	C:\WINDOWS\SYSTEM32\DBGHELP.DLL
0x00007ff841df0000 - 0x00007ff842175000 	C:\WINDOWS\System32\combase.dll
0x00007ff841780000 - 0x00007ff841859000 	C:\WINDOWS\System32\OLEAUT32.dll
0x00007ff81bb20000 - 0x00007ff81bb5b000 	C:\WINDOWS\SYSTEM32\dbgcore.DLL
0x00007ff840650000 - 0x00007ff8406fc000 	C:\WINDOWS\System32\bcryptPrimitives.dll
0x00007ffffe840000 - 0x00007ffffe85f000 	C:\Program Files\Java\jdk-26.0.2\bin\java.dll
0x00007ff841070000 - 0x00007ff841209000 	C:\WINDOWS\System32\ole32.dll
0x00007ff842190000 - 0x00007ff842918000 	C:\WINDOWS\System32\SHELL32.dll
0x00007ff83dea0000 - 0x00007ff83e73b000 	C:\WINDOWS\SYSTEM32\windows.storage.dll
0x00007ff841b80000 - 0x00007ff841c79000 	C:\WINDOWS\System32\SHCORE.dll
0x00007ff841b10000 - 0x00007ff841b76000 	C:\WINDOWS\System32\shlwapi.dll
0x00007ff840350000 - 0x00007ff840379000 	C:\WINDOWS\SYSTEM32\profapi.dll
0x00007ffff6ab0000 - 0x00007ffff6ac2000 	C:\Program Files\Java\jdk-26.0.2\bin\net.dll
0x00007ff83f6d0000 - 0x00007ff83f73c000 	C:\WINDOWS\system32\mswsock.dll
0x00007ffff6a10000 - 0x00007ffff6a26000 	C:\Program Files\Java\jdk-26.0.2\bin\nio.dll
0x00007fffe1920000 - 0x00007fffe1936000 	C:\Program Files\Java\jdk-26.0.2\bin\zip.dll
0x00007ff83ead0000 - 0x00007ff83ec28000 	C:\WINDOWS\SYSTEM32\DNSAPI.dll
0x00007ff83f4d0000 - 0x00007ff83f4dd000 	C:\WINDOWS\SYSTEM32\DSPARSE.dll
0x00007ff83ea90000 - 0x00007ff83eac3000 	C:\WINDOWS\SYSTEM32\IPHLPAPI.DLL
0x00007ff840f50000 - 0x00007ff840f5a000 	C:\WINDOWS\System32\NSI.dll
0x00007ff834c60000 - 0x00007ff834c6b000 	C:\Windows\System32\rasadhlp.dll
0x00007ff8396b0000 - 0x00007ff839736000 	C:\WINDOWS\System32\fwpuclnt.dll
0x00007ff8214a0000 - 0x00007ff8214a9000 	C:\Program Files\Java\jdk-26.0.2\bin\extnet.dll
0x00007ff821490000 - 0x00007ff82149e000 	C:\Program Files\Java\jdk-26.0.2\bin\sunmscapi.dll
0x00007ff8404c0000 - 0x00007ff84063e000 	C:\WINDOWS\System32\CRYPT32.dll
0x00007ff83fc00000 - 0x00007ff83fc30000 	C:\WINDOWS\SYSTEM32\ncrypt.dll
0x00007ff83fbb0000 - 0x00007ff83fbef000 	C:\WINDOWS\SYSTEM32\NTASN1.dll
0x00007fffd99c0000 - 0x00007fffd99c8000 	C:\WINDOWS\system32\wshunix.dll
0x00007ff83f9c0000 - 0x00007ff83f9db000 	C:\WINDOWS\SYSTEM32\CRYPTSP.dll
0x00007ff83f060000 - 0x00007ff83f099000 	C:\WINDOWS\system32\rsaenh.dll
0x00007ff83f780000 - 0x00007ff83f7b2000 	C:\WINDOWS\SYSTEM32\USERENV.dll
0x00007ff840320000 - 0x00007ff84034a000 	C:\WINDOWS\SYSTEM32\bcrypt.dll
0x00007ff83f9e0000 - 0x00007ff83f9ec000 	C:\WINDOWS\SYSTEM32\CRYPTBASE.dll
0x00007fffca3a0000 - 0x00007fffca524000 	C:\Program Files\Java\jdk-26.0.2\bin\awt.dll
0x00007ff83cad0000 - 0x00007ff83cb6f000 	C:\WINDOWS\SYSTEM32\apphelp.dll
0x00007ff83cf10000 - 0x00007ff83cfb8000 	C:\WINDOWS\system32\uxtheme.dll
0x00007ff841c80000 - 0x00007ff841ddd000 	C:\WINDOWS\System32\MSCTF.dll
0x00007ff83cba0000 - 0x00007ff83cbc9000 	C:\WINDOWS\system32\Wtsapi32.dll
0x00007ff83f3d0000 - 0x00007ff83f419000 	C:\WINDOWS\SYSTEM32\SspiCli.dll
0x00007ff8401e0000 - 0x00007ff840242000 	C:\WINDOWS\SYSTEM32\WINSTA.dll
0x00007ff807140000 - 0x00007ff8071f6000 	C:\WINDOWS\SYSTEM32\TextShaping.dll
0x00007ff83d2f0000 - 0x00007ff83d31f000 	C:\WINDOWS\system32\DWMAPI.DLL
0x00007fffcf790000 - 0x00007fffcf89c000 	C:\WINDOWS\system32\opengl32.dll
0x00007ff80e9b0000 - 0x00007ff80e9dd000 	C:\WINDOWS\SYSTEM32\GLU32.dll
0x00007ff83d120000 - 0x00007ff83d165000 	C:\WINDOWS\SYSTEM32\dxcore.dll

JVMTI agents: none

dbghelp: loaded successfully - version: 4.0.5 - missing functions: none
symbol engine: initialized successfully - sym options: 0x614 - pdb path: .;C:\Program Files\Java\jdk-26.0.2\bin;C:\WINDOWS\SYSTEM32;C:\WINDOWS\WinSxS\amd64_microsoft.windows.common-controls_6595b64144ccf1df_6.0.26100.8972_none_3e0da176e32f9d4b;C:\Program Files\Java\jdk-26.0.2\bin\server

VM Arguments:
java_command: io.qameta.allure.CommandLine open allure-report
java_class_path (initial): G:\allure-2.45.0\lib\allure-commandline-2.45.0.jar;G:\allure-2.45.0\lib\allure-generator-2.45.0.jar;G:\allure-2.45.0\lib\allure-model-2.35.4.jar;G:\allure-2.45.0\lib\allure-plugin-api-2.45.0.jar;G:\allure-2.45.0\lib\allure1-model-1.0.jar;G:\allure-2.45.0\lib\annotations-15.0.jar;G:\allure-2.45.0\lib\commons-beanutils-1.11.0.jar;G:\allure-2.45.0\lib\commons-codec-1.11.jar;G:\allure-2.45.0\lib\commons-collections-3.2.2.jar;G:\allure-2.45.0\lib\commons-collections4-4.5.0.jar;G:\allure-2.45.0\lib\commons-io-2.22.0.jar;G:\allure-2.45.0\lib\commons-lang3-3.20.0.jar;G:\allure-2.45.0\lib\commons-logging-1.3.5.jar;G:\allure-2.45.0\lib\commons-text-1.13.1.jar;G:\allure-2.45.0\lib\flexmark-0.62.2.jar;G:\allure-2.45.0\lib\flexmark-ext-tables-0.62.2.jar;G:\allure-2.45.0\lib\flexmark-util-0.62.2.jar;G:\allure-2.45.0\lib\flexmark-util-ast-0.62.2.jar;G:\allure-2.45.0\lib\flexmark-util-builder-0.62.2.jar;G:\allure-2.45.0\lib\flexmark-util-collection-0.62.2.jar;G:\allure-2.45.0\lib\flexmark-util-data-0.62.2.jar;G:\allure-2.45.0\lib\flexmark-util-dependency-0.62.2.jar;G:\allure-2.45.0\lib\flexmark-util-format-0.62.2.jar;G:\allure-2.45.0\lib\flexmark-util-html-0.62.2.jar;G:\allure-2.45.0\lib\flexmark-util-misc-0.62.2.jar;G:\allure-2.45.0\lib\flexmark-util-options-0.62.2.jar;G:\allure-2.45.0\lib\flexmark-util-sequence-0.62.2.jar;G:\allure-2.45.0\lib\flexmark-util-visitor-0.62.2.jar;G:\allure-2.45.0\lib\freemarker-2.3.34.jar;G:\allure-2.45.0\lib\httpclient-4.5.14.jar;G:\allure-2.45.0\lib\httpcore-4.4.16.jar;G:\allure-2.45.0\lib\jackson-annotations-2.22.jar;G:\allure-2.45.0\lib\jackson-core-2.22.1.jar;G:\allure-2.45.0\lib\jackson-databind-2.22.1.jar;G:\allure-2.45.0\lib\jackson-dataformat-xml-2.22.1.jar;G:\allure-2.45.0\lib\jackson-dataformat-yaml-2.22.1.jar;G:\allure-2.45.0\lib\jackson-module-jaxb-annotations-2.22.1.jar;G:\allure-2.45.0\lib\jakarta.activation-api-1.2.2.jar;G:\allure-2.45.0\lib\javax.activation-api-1.2.0.jar;G:\allure-2.45.0\lib\jaxb-api-2.3.1.jar;G:\allure-2.45.0\lib\jaxb-utils-1.0.jar;G:\allure-2.45.0\lib\jcommander-1.82.jar;G:\allure-2.45.0\lib\jsoup-1.23.1.jar;G:\allure-2.45.0\lib\opencsv-5.12.0.jar;G:\allure-2.45.0\lib\properties-2.0.RC5.jar;G:\allure-2.45.0\lib\slf4j-api-2.0.18.jar;G:\allure-2.45.0\lib\slf4j-jdk14-2.0.18.jar;G:\allure-2.45.0\lib\snakeyaml-2.5.jar;G:\allure-2.45.0\lib\stax2-api-4.3.0.jar;G:\allure-2.45.0\lib\woodstox-core-7.2.0.jar;G:\allure-2.45.0\lib\config
Launcher Type: SUN_STANDARD

[Global flags]
     bool AOTAdapterCaching                        = false                                  {diagnostic} {ergonomic}
     bool AOTInvokeDynamicLinking                  = false                                  {diagnostic} {ergonomic}
     bool AOTRecordTraining                        = false                                  {diagnostic} {ergonomic}
     bool AOTReplayTraining                        = false                                  {diagnostic} {ergonomic}
     bool AOTStubCaching                           = false                                  {diagnostic} {ergonomic}
     intx CICompilerCount                          = 4                                         {product} {ergonomic}
     uint ConcGCThreads                            = 2                                         {product} {ergonomic}
     uint G1ConcRefinementThreads                  = 8                                         {product} {ergonomic}
     uint G1EagerReclaimRemSetThreshold            = 10                                   {experimental} {ergonomic}
   size_t G1HeapRegionSize                         = 1048576                                   {product} {ergonomic}
     uint G1RemSetArrayOfCardsEntries              = 10                                   {experimental} {ergonomic}
     uint G1RemSetHowlMaxNumBuckets                = 8                                    {experimental} {ergonomic}
     uint G1RemSetHowlNumBuckets                   = 4                                    {experimental} {ergonomic}
   size_t InitialHeapSize                          = 8388608                                   {product} {ergonomic}
     bool IntelJccErratumMitigation                = false                             {ARCH diagnostic} {ergonomic}
   size_t MarkStackSize                            = 4194304                                   {product} {ergonomic}
   size_t MarkStackSizeMax                         = 536870912                                 {product} {ergonomic}
   size_t MaxHeapSize                              = 2082471936                                {product} {ergonomic}
   size_t MaxNewSize                               = 1248854016                                {product} {ergonomic}
 uint64_t MaxRAM                                   = 8327782400                                {product} {ergonomic}
   size_t MinHeapDeltaBytes                        = 1048576                                   {product} {ergonomic}
   size_t MinHeapSize                              = 8388608                                   {product} {ergonomic}
   size_t NonNMethodCodeHeapSize                   = 5898240                                {pd product} {ergonomic}
   size_t NonProfiledCodeHeapSize                  = 122945536                              {pd product} {ergonomic}
   size_t ProfiledCodeHeapSize                     = 122945536                              {pd product} {ergonomic}
   size_t ReservedCodeCacheSize                    = 251789312                              {pd product} {ergonomic}
     bool SegmentedCodeCache                       = true                                      {product} {ergonomic}
   size_t SoftMaxHeapSize                          = 2082471936                             {manageable} {ergonomic}
     bool UseCompressedOops                        = true                           {product lp64_product} {ergonomic}
     bool UseCondCardMark                          = true                                      {product} {ergonomic}
     bool UseFastUnorderedTimeStamps               = true                                 {experimental} {ergonomic}
     bool UseG1GC                                  = true                                      {product} {ergonomic}
     bool UseLargePagesIndividualAllocation        = false                                  {pd product} {ergonomic}
      int X86ICacheSync                            = 3                                 {ARCH diagnostic} {ergonomic}

Logging:
Log output configuration:
 #0: stdout all=warning uptime,level,tags foldmultilines=false
 #1: stderr all=off uptime,level,tags foldmultilines=false

Release file:
IMPLEMENTOR="Oracle Corporation" 
JAVA_RUNTIME_VERSION="26.0.2+10-55" 
JAVA_VERSION="26.0.2" 
JAVA_VERSION_DATE="2026-07-21" 
LIBC="default" 
MODULES="java.base java.compiler java.datatransfer java.xml java.prefs java.desktop java.instrument java.logging java.management java.security.sasl java.naming java.rmi java.management.rmi java.net.http java.scripting java.security.jgss java.transaction.xa java.sql java.sql.rowset java.xml.crypto java.se java.smartcardio jdk.accessibility jdk.internal.jvmstat jdk.attach jdk.charsets jdk.internal.opt jdk.zipfs jdk.compiler jdk.crypto.cryptoki jdk.crypto.ec jdk.crypto.mscapi jdk.dynalink jdk.internal.ed jdk.editpad jdk.internal.vm.ci jdk.graal.compiler jdk.graal.compiler.management jdk.hotspot.agent jdk.httpserver jdk.incubator.vector jdk.internal.le jdk.internal.md jdk.jartool jdk.javadoc jdk.jcmd jdk.management jdk.management.agent jdk.jconsole jdk.jdeps jdk.jdwp.agent jdk.jdi jdk.jfr jdk.jlink jdk.jpackage jdk.jshell jdk.jstatd jdk.localedata jdk.management.jfr jdk.naming.dns jdk.naming.rmi jdk.net jdk.nio.mapmode jdk.sctp jdk.security.auth jdk.security.jgss jdk.unsupported jdk.unsupported.desktop jdk.xml.dom" 
OS_ARCH="x86_64" 
OS_NAME="Windows" 
SOURCE=".:git:28b9aeff05f1 open:git:fa67dfdcec4b" 

Environment Variables:
JAVA_HOME=C:\Program Files\Java\jdk-26.0.2
PATH=C:\Program Files\Common Files\Oracle\Java\javapath;C:\Python314\Scripts\;C:\Python314\;C:\WINDOWS\system32;C:\WINDOWS;C:\WINDOWS\System32\Wbem;C:\WINDOWS\System32\WindowsPowerShell\v1.0\;C:\WINDOWS\System32\OpenSSH\;C:\ProgramData\chocolatey\bin;C:\Users\vveer\AppData\Local\Android\Sdk\platform-tools;C:\Users\vveer\AppData\Local\Android\Sdk\emulator;C:\Users\vveer\AppData\Local\Android\Sdk\cmdline-tools\latest\bin;C:\Program Files\Java\jdk-26.0.2\bin;C:\Program Files\nodejs\;C:\Users\vveer\AppData\Local\Android\Sdk\platform-tools;C:\Users\vveer\AppData\Local\Android\Sdk\platforms;G:\allure-2.45.0\bin;C:\Users\vveer\AppData\Local\Programs\Python\Python314\Scripts\;C:\Users\vveer\AppData\Local\Programs\Python\Python314\;C:\Users\vveer\AppData\Local\Programs\Python\Launcher\;C:\Users\vveer\AppData\Local\Microsoft\WindowsApps;C:\Users\vveer\AppData\Roaming\npm;C:\Users\vveer\AppData\Local\Android\Sdk\build-tools\37.0.0;
USERNAME=vveer
OS=Windows_NT
PROCESSOR_IDENTIFIER=Intel64 Family 6 Model 140 Stepping 2, GenuineIntel
TMP=C:\Users\vveer\AppData\Local\Temp
TEMP=C:\Users\vveer\AppData\Local\Temp




Compilation memory statistics disabled.

Periodic native trim disabled

---------------  S Y S T E M  ---------------

OS:
 Windows 11 , 64 bit Build 26100 (10.0.26100.9168)
OS uptime: 13 days 0:55 hours
Hyper-V role detected

CPU: total 8 (initial active 8) (4 cores per cpu, 2 threads per core) family 6 model 140 stepping 2 microcode 0x2c, cx8, cmov, fxsr, ht, mmx, 3dnowpref, sse, sse2, sse3, ssse3, sse4.1, sse4.2, popcnt, lzcnt, tsc, tscinvbit, avx, avx2, aes, erms, clmul, bmi1, bmi2, adx, avx512f, avx512dq, avx512cd, avx512bw, avx512vl, sha, fma, vzeroupper, avx512_vpopcntdq, avx512_vpclmulqdq, avx512_vaes, avx512_vnni, clflush, clflushopt, clwb, avx512_vbmi2, avx512_vbmi, hv, rdtscp, rdpid, fsrm, gfni, avx512_bitalg, f16c, cet_ibt, cet_ss, avx512_ifma
Processor Information for the first 8 processors :
  Max Mhz: 2496, Current Mhz: 2496, Mhz Limit: 2496

Memory: 4k page, system-wide physical 7941M (328M free)
TotalPageFile size 20308M (AvailPageFile size 72M)
current process WorkingSet (physical memory assigned to process): 23M, peak: 77M
current process commit charge ("private bytes"): 107M, peak: 115M

vm_info: Java HotSpot(TM) 64-Bit Server VM (26.0.2+10-55) for windows-amd64 JRE (26.0.2+10-55), built on 2026-06-17T09:18:01Z with MS VC++ 17.13 (VS2022)

END.
