#
# There is insufficient memory for the Java Runtime Environment to continue.
# Native memory allocation (malloc) failed to allocate 69912 bytes. Error detail: Chunk::new
# Possible reasons:
#   The system is out of physical RAM or swap space
#   This process is running with CompressedOops enabled, and the Java Heap may be blocking the growth of the native heap
# Possible solutions:
#   Reduce memory load on the system
#   Increase physical memory or swap space
#   Check if swap backing store is full
#   Decrease Java heap size (-Xmx/-Xms)
#   Decrease number of Java threads
#   Decrease Java thread stack sizes (-Xss)
#   Set larger code cache with -XX:ReservedCodeCacheSize=
#   JVM is running with Unscaled Compressed Oops mode in which the Java heap is
#     placed in the first 4GB address space. The Java Heap base address is the
#     maximum limit for the native heap growth. Please use -XX:HeapBaseMinAddress
#     to set the Java Heap base and to place the Java Heap above 4GB virtual address.
# This output file may be truncated or incomplete.
#
#  Out of Memory Error (arena.cpp:193), pid=19904, tid=25952
#
# JRE version: Java(TM) SE Runtime Environment (26.0.2+10) (build 26.0.2+10-55)
# Java VM: Java HotSpot(TM) 64-Bit Server VM (26.0.2+10-55, mixed mode, sharing, tiered, compressed oops, compressed class ptrs, g1 gc, windows-amd64)
# No core dump will be written. Minidumps are not enabled by default on client versions of Windows
#

---------------  S U M M A R Y ------------

Command Line: io.qameta.allure.CommandLine open allure-report

Host: 11th Gen Intel(R) Core(TM) i5-1155G7 @ 2.50GHz, 8 cores, 7G,  Windows 11 , 64 bit Build 26100 (10.0.26100.9168)
Time: Tue Sep  8 23:42:48 2026 India Standard Time elapsed time: 4732.199494 seconds (0d 1h 18m 52s)

---------------  T H R E A D  ---------------

Current thread (0x000002a025279910):  JavaThread "C2 CompilerThread0" daemon [_thread_in_native, id=25952, stack(0x000000eca5a00000,0x000000eca5b00000) (1024K)]


Current CompileTask:
C2:4732199 1289       4       java.lang.String::<init> (98 bytes)

Stack: [0x000000eca5a00000,0x000000eca5b00000]
Native frames: (J=compiled Java code, j=interpreted, Vv=VM code, C=native code)
V  [jvm.dll+0x7d6ea9]  (no source info available)
V  [jvm.dll+0x7a4dcd]  (no source info available)
V  [jvm.dll+0x9b2390]  (no source info available)
V  [jvm.dll+0x9b47e1]  (no source info available)
V  [jvm.dll+0x9b4ef3]  (no source info available)
V  [jvm.dll+0x30f4d6]  (no source info available)
V  [jvm.dll+0x11ddb6]  (no source info available)
V  [jvm.dll+0x11e0de]  (no source info available)
V  [jvm.dll+0x468641]  (no source info available)
V  [jvm.dll+0x4371c2]  (no source info available)
V  [jvm.dll+0x4365da]  (no source info available)
V  [jvm.dll+0x2d2729]  (no source info available)
V  [jvm.dll+0x2d18bf]  (no source info available)
V  [jvm.dll+0x246d30]  (no source info available)
V  [jvm.dll+0x2e19dc]  (no source info available)
V  [jvm.dll+0x2dfbbd]  (no source info available)
V  [jvm.dll+0x4a5a61]  (no source info available)
V  [jvm.dll+0x950d59]  (no source info available)
V  [jvm.dll+0x7d8988]  (no source info available)
C  [ucrtbase.dll+0x2cd30]  (no source info available)
C  [KERNEL32.DLL+0x2ccb7]  (no source info available)
C  [ntdll.dll+0xaad6c]  (no source info available)

Lock stack of current Java thread (top to bottom):


---------------  P R O C E S S  ---------------

Threads class SMR info:
_java_thread_list=0x000002a02a71b8e0, length=17, elements={
0x000002a005aff630, 0x000002a02525d1f0, 0x000002a02525dc40, 0x000002a02525ea90,
0x000002a025260a70, 0x000002a025261620, 0x000002a0252621d0, 0x000002a025279910,
0x000002a025290580, 0x000002a025350300, 0x000002a025373f50, 0x000002a02a6d2b50,
0x000002a02a6b1b30, 0x000002a02a73f530, 0x000002a02a741240, 0x000002a02a74e710,
0x000002a02a4e1370
}

Java Threads: ( => current thread )
  0x000002a005aff630 JavaThread "main"                              [_thread_blocked, id=23380, stack(0x000000eca4b00000,0x000000eca4c00000) (1024K)]
  0x000002a02525d1f0 JavaThread "Reference Handler"          daemon [_thread_blocked, id=23000, stack(0x000000eca5400000,0x000000eca5500000) (1024K)]
  0x000002a02525dc40 JavaThread "Finalizer"                  daemon [_thread_blocked, id=17444, stack(0x000000eca5500000,0x000000eca5600000) (1024K)]
  0x000002a02525ea90 JavaThread "Signal Dispatcher"          daemon [_thread_blocked, id=14936, stack(0x000000eca5600000,0x000000eca5700000) (1024K)]
  0x000002a025260a70 JavaThread "Attach Listener"            daemon [_thread_blocked, id=25936, stack(0x000000eca5700000,0x000000eca5800000) (1024K)]
  0x000002a025261620 JavaThread "Service Thread"             daemon [_thread_blocked, id=28580, stack(0x000000eca5800000,0x000000eca5900000) (1024K)]
  0x000002a0252621d0 JavaThread "Monitor Deflation Thread"   daemon [_thread_blocked, id=18808, stack(0x000000eca5900000,0x000000eca5a00000) (1024K)]
=>0x000002a025279910 JavaThread "C2 CompilerThread0"         daemon [_thread_in_native, id=25952, stack(0x000000eca5a00000,0x000000eca5b00000) (1024K)]
  0x000002a025290580 JavaThread "C1 CompilerThread0"         daemon [_thread_blocked, id=18792, stack(0x000000eca5b00000,0x000000eca5c00000) (1024K)]
  0x000002a025350300 JavaThread "Notification Thread"        daemon [_thread_blocked, id=29288, stack(0x000000eca5c00000,0x000000eca5d00000) (1024K)]
  0x000002a025373f50 JavaThread "Common-Cleaner"             daemon [_thread_blocked, id=11260, stack(0x000000eca5d00000,0x000000eca5e00000) (1024K)]
  0x000002a02a6d2b50 JavaThread "idle-timeout-task"          daemon [_thread_blocked, id=6048, stack(0x000000eca6000000,0x000000eca6100000) (1024K)]
  0x000002a02a6b1b30 JavaThread "HTTP-Dispatcher"                   [_thread_in_native, id=24220, stack(0x000000eca6100000,0x000000eca6200000) (1024K)]
  0x000002a02a73f530 JavaThread "Java2D Disposer"            daemon [_thread_blocked, id=22980, stack(0x000000eca6200000,0x000000eca6300000) (1024K)]
  0x000002a02a741240 JavaThread "AWT-Windows"                daemon [_thread_in_native, id=15352, stack(0x000000eca6400000,0x000000eca6500000) (1024K)]
  0x000002a02a74e710 JavaThread "AWT-Shutdown"                      [_thread_blocked, id=28724, stack(0x000000eca4800000,0x000000eca4900000) (1024K)]
  0x000002a02a4e1370 JavaThread "AWT-EventQueue-0"                  [_thread_in_vm, id=32888, stack(0x000000eca4a00000,0x000000eca4b00000) (1024K)]
Total: 17

Other Threads:
  0x000002a02524bdf0 VMThread "VM Thread"                           [id=1144, stack(0x000000eca5300000,0x000000eca5400000) (1024K)]
  0x000002a007e5c3e0 WatcherThread "VM Periodic Task Thread"        [id=28208, stack(0x000000eca5200000,0x000000eca5300000) (1024K)]
  0x000002a007ddc000 WorkerThread "GC Thread#0"                     [id=29444, stack(0x000000eca4c00000,0x000000eca4d00000) (1024K)]
  0x000002a02a031a80 WorkerThread "GC Thread#1"                     [id=9640, stack(0x000000eca5f00000,0x000000eca6000000) (1024K)]
  0x000002a02a6d8570 WorkerThread "GC Thread#2"                     [id=21060, stack(0x000000eca6500000,0x000000eca6600000) (1024K)]
  0x000002a02a6d6fe0 WorkerThread "GC Thread#3"                     [id=8636, stack(0x000000eca6600000,0x000000eca6700000) (1024K)]
  0x000002a02a6d6740 WorkerThread "GC Thread#4"                     [id=18900, stack(0x000000eca6700000,0x000000eca6800000) (1024K)]
  0x000002a02a6d7880 WorkerThread "GC Thread#5"                     [id=1400, stack(0x000000eca6800000,0x000000eca6900000) (1024K)]
  0x000002a02a6d7cd0 WorkerThread "GC Thread#6"                     [id=23652, stack(0x000000eca5e00000,0x000000eca5f00000) (1024K)]
  0x000002a02a6d7430 WorkerThread "GC Thread#7"                     [id=18000, stack(0x000000eca6300000,0x000000eca6400000) (1024K)]
  0x000002a007df4520 ConcurrentGCThread "G1 Main Marker"            [id=18684, stack(0x000000eca4d00000,0x000000eca4e00000) (1024K)]
  0x000002a007df50a0 WorkerThread "G1 Conc#0"                       [id=14600, stack(0x000000eca4e00000,0x000000eca4f00000) (1024K)]
  0x000002a02a6d4d60 WorkerThread "G1 Conc#1"                       [id=15820, stack(0x000000eca6900000,0x000000eca6a00000) (1024K)]
  0x000002a007e3afd0 WorkerThread "G1 Refinement Workers#0"         [id=20844, stack(0x000000eca5000000,0x000000eca5100000) (1024K)]
  0x000002a007e30e50 ConcurrentGCThread "G1 Refine Control"         [id=22148, stack(0x000000eca4f00000,0x000000eca5000000) (1024K)]
  0x000002a007e3b940 ConcurrentGCThread "G1 Service"                [id=12744, stack(0x000000eca5100000,0x000000eca5200000) (1024K)]
Total: 16

Threads with active compile tasks:
C2 CompilerThread0  4732306 1289       4       java.lang.String::<init> (98 bytes)
Total: 1

VM state: not at safepoint (normal execution)

VM Mutex/Monitor currently owned by a thread: None

Heap address: 0x0000000083e00000, size: 1986 MB, Compressed Oops mode: 32-bit

CDS archive(s) mapped at: [0x0000000030000000-0x0000000030de0000-0x0000000030de0000), size 14548992, SharedBaseAddress: 0x0000000030000000, ArchiveRelocationMode: 1.
Compressed class space mapped at: 0x0000000031000000-0x0000000071000000, reserved size: 1073741824
UseCompressedClassPointers 1, UseCompactObjectHeaders 0
Narrow klass pointer bits 32, Max shift 3
Narrow klass base: 0x0000000030000000, Narrow klass shift: 0
Encoding Range: [0x0000000030000000 - 0x0000000130000000), (4294967296 bytes)
Klass Range:    [0x0000000030000000 - 0x0000000071000000), (1090519040 bytes)
Klass ID Range:  [8 - 1090519033) (1090519025)
Protection zone: [0x0000000030000000 - 0x0000000030010000), (65536 bytes)

GC Precious Log:
 CardTable entry size: 512
 Card Set container configuration: InlinePtr #cards 5 size 8 Array Of Cards #cards 10 size 36 Howl #buckets 4 coarsen threshold 1843 Howl Bitmap #cards 512 size 80 coarsen threshold 460 Card regions per heap region 1 cards per card region 2048
 CPUs: 8 total, 8 available
 Memory: 7941M
 Large Page Support: Disabled
 NUMA Support: Disabled
 Compressed Oops: Enabled (32-bit)
 Heap Region Size: 1M
 Heap Min Capacity: 8M
 Heap Initial Capacity: 8M
 Heap Max Capacity: 1986M
 Pre-touch: Disabled
 Parallel Workers: 8
 Concurrent Workers: 2
 Concurrent Refinement Workers: 8
 Periodic GC: Disabled

Heap:
 garbage-first heap   total reserved 2033664K, committed 10240K, used 5270K [0x0000000083e00000, 0x0000000100000000)
  region size 1M, 2 eden (2M), 1 survivor (1M), 5 old (5M), 0 humongous (0M), 2 free (2M)

Heap Regions: E=young(eden), S=young(survivor), O=old, HS=humongous(starts), HC=humongous(continues), CS=collection set, F=free, TAMS=top-at-mark-start, PB=parsable bottom
|    0|0x0000000083e00000, 0x0000000083f00000, 0x0000000083f00000|100%| O|  |TAMS 0x0000000083e00000| PB 0x0000000083e00000| Untracked |  0
|    1|0x0000000083f00000, 0x0000000084000000, 0x0000000084000000|100%| O|  |TAMS 0x0000000083f00000| PB 0x0000000083f00000| Untracked |  0
|    2|0x0000000084000000, 0x0000000084100000, 0x0000000084100000|100%| O|  |TAMS 0x0000000084000000| PB 0x0000000084000000| Untracked |  0
|    3|0x0000000084100000, 0x0000000084125a80, 0x0000000084200000| 14%| O|  |TAMS 0x0000000084100000| PB 0x0000000084100000| Untracked |  0
|    4|0x0000000084200000, 0x0000000084300000, 0x0000000084300000|100%| S|CS|TAMS 0x0000000084200000| PB 0x0000000084200000| Complete  |  0
|    5|0x0000000084300000, 0x0000000084300000, 0x0000000084400000|  0%| F|  |TAMS 0x0000000084300000| PB 0x0000000084300000| Untracked |  0
|    6|0x0000000084400000, 0x0000000084400000, 0x0000000084500000|  0%| F|  |TAMS 0x0000000084400000| PB 0x0000000084400000| Untracked |  0
|    7|0x0000000084500000, 0x00000000845d8d30, 0x0000000084600000| 84%| E|CS|TAMS 0x0000000084500000| PB 0x0000000084500000| Complete  |  0
| 1984|0x00000000ffe00000, 0x00000000fff00000, 0x00000000fff00000|100%| O|  |TAMS 0x00000000ffe00000| PB 0x00000000ffe00000| Untracked |  0
| 1985|0x00000000fff00000, 0x0000000100000000, 0x0000000100000000|100%| E|CS|TAMS 0x00000000fff00000| PB 0x00000000fff00000| Complete  |  0

Card table byte_map: [0x000002a020580000,0x000002a020970000] _byte_map_base: 0x000002a020161000
Refinement table byte_map: [0x000002a020190000,0x000002a020580000] _byte_map_base: 0x000002a01fd71000

Marking Bits: (CMBitMap*) 0x000002a007ddc780
 Bits: [0x000002a020970000, 0x000002a022878000)

Polling page: 0x000002a005c30000

Metaspace:
Metaspace        used 6599K, committed 6784K, reserved 1114112K
 class space     used 668K, committed 768K, reserved 1048576K

Usage:
  Non-class:      5.79 MB used.
      Class:    668.77 KB used.
       Both:      6.44 MB used.

Virtual space:
  Non-class space:       64.00 MB reserved,       5.88 MB (  9%) committed,  1 nodes.
      Class space:        1.00 GB reserved,     768.00 KB ( <1%) committed,  1 nodes.
             Both:        1.06 GB reserved,       6.62 MB ( <1%) committed. 

Chunk freelists:
   Non-Class:  9.90 MB
       Class:  15.20 MB
        Both:  25.10 MB

MaxMetaspaceSize: unlimited
CompressedClassSpaceSize: 1.00 GB
Initial GC threshold: 21.00 MB
Current GC threshold: 21.00 MB
CDS: on
 - commit_granule_bytes: 65536.
 - commit_granule_words: 8192.
 - virtual_space_node_default_size: 8388608.
 - enlarge_chunks_in_place: 1.
UseCompressedClassPointers 1, UseCompactObjectHeaders 0
Narrow klass pointer bits 32, Max shift 3
Narrow klass base: 0x0000000030000000, Narrow klass shift: 0
Encoding Range: [0x0000000030000000 - 0x0000000130000000), (4294967296 bytes)
Klass Range:    [0x0000000030000000 - 0x0000000071000000), (1090519040 bytes)
Klass ID Range:  [8 - 1090519033) (1090519025)
Protection zone: [0x0000000030000000 - 0x0000000030010000), (65536 bytes)


Internal statistics:

num_allocs_failed_limit: 0.
num_arena_births: 98.
num_arena_deaths: 0.
num_vsnodes_births: 2.
num_vsnodes_deaths: 0.
num_space_committed: 106.
num_space_uncommitted: 0.
num_chunks_returned_to_freelist: 0.
num_chunks_taken_from_freelist: 186.
num_chunk_merges: 0.
num_chunk_splits: 115.
num_chunks_enlarged: 69.
num_inconsistent_stats: 0.

CodeHeap 'non-profiled nmethods': size=120064Kb used=371Kb max_used=371Kb free=119692Kb
 bounds [0x000002a018530000, 0x000002a0187a0000, 0x000002a01fa70000]
CodeHeap 'profiled nmethods': size=120064Kb used=1563Kb max_used=1563Kb free=118501Kb
 bounds [0x000002a010a50000, 0x000002a010cc0000, 0x000002a017f90000]
CodeHeap 'non-nmethods': size=5760Kb used=1555Kb max_used=1578Kb free=4204Kb
 bounds [0x000002a017f90000, 0x000002a018200000, 0x000002a018530000]
CodeCache: size=245888Kb, used=3489Kb, max_used=3512Kb, free=242397Kb
 total_blobs=1838, nmethods=1288, adapters=455, full_count=0
Compilation: enabled, stopped_count=0, restarted_count=0

Compilation events (20 events):
Event: 2695.294 Thread 0x000002a025279910 nmethod 1276 0x000002a01858b988 code [0x000002a01858ba80, 0x000002a01858bb08]
Event: 2942.638 Thread 0x000002a025290580 1277       3       java.lang.ref.ReferenceQueue::poll0 (65 bytes)
Event: 2942.645 Thread 0x000002a025290580 nmethod 1277 0x000002a010bd2d88 code [0x000002a010bd2e80, 0x000002a010bd32e8]
Event: 3841.270 Thread 0x000002a025290580 1279       3       sun.net.httpserver.ServerImpl$IdleTimeoutTask::run (29 bytes)
Event: 3841.279 Thread 0x000002a025290580 nmethod 1279 0x000002a010bd3308 code [0x000002a010bd3400, 0x000002a010bd3598]
Event: 4376.536 Thread 0x000002a025279910 1280       4       java.util.ArrayList::iterator (9 bytes)
Event: 4376.552 Thread 0x000002a025279910 nmethod 1280 0x000002a01858bf88 code [0x000002a01858c080, 0x000002a01858c160]
Event: 4530.834 Thread 0x000002a025279910 1281       4       java.lang.invoke.Invokers$Holder::linkToTargetMethod (8 bytes)
Event: 4530.844 Thread 0x000002a025279910 nmethod 1281 0x000002a01858c288 code [0x000002a01858c380, 0x000002a01858c438]
Event: 4721.434 Thread 0x000002a025290580 1282       3       java.lang.invoke.MethodHandles$Lookup::isArrayClone (50 bytes)
Event: 4721.543 Thread 0x000002a025290580 nmethod 1282 0x000002a010bd3608 code [0x000002a010bd3700, 0x000002a010bd4098]
Event: 4724.476 Thread 0x000002a025290580 1284       3       java.lang.invoke.LambdaForm$MH/0x0000000031044800::invoke (25 bytes)
Event: 4724.500 Thread 0x000002a025290580 nmethod 1284 0x000002a010bd4108 code [0x000002a010bd4200, 0x000002a010bd4738]
Event: 4725.687 Thread 0x000002a025290580 1285       1       java.lang.invoke.InfoFromMemberName::getReferenceKind (5 bytes)
Event: 4725.695 Thread 0x000002a025290580 nmethod 1285 0x000002a01858c588 code [0x000002a01858c680, 0x000002a01858c738]
Event: 4725.695 Thread 0x000002a025290580 1286       3       jdk.internal.classfile.impl.SplitConstantPool::methodRefEntry (72 bytes)
Event: 4725.796 Thread 0x000002a025290580 nmethod 1286 0x000002a010bd4788 code [0x000002a010bd4880, 0x000002a010bd5e70]
Event: 4730.401 Thread 0x000002a025279910 1289       4       java.lang.String::<init> (98 bytes)
Event: 4730.422 Thread 0x000002a025290580 1290       3       jdk.internal.classfile.impl.SplitConstantPool::writeTo (95 bytes)
Event: 4732.195 Thread 0x000002a025290580 nmethod 1290 0x000002a010bd5e88 code [0x000002a010bd5f80, 0x000002a010bd6bd8]

GC Heap Usage History (10 events):
Event: 0.174 {heap Before GC invocations=0 (full 0):
 garbage-first heap   total reserved 2033664K, committed 10240K, used 4259K [0x0000000083e00000, 0x0000000100000000)
  region size 1M, 4 eden (4M), 0 survivor (0M), 2 old (2M), 0 humongous (0M), 4 free (4M)
}
Event: 0.176 {heap After GC invocations=1 (full 0):
 garbage-first heap   total reserved 2033664K, committed 10240K, used 2862K [0x0000000083e00000, 0x0000000100000000)
  region size 1M, 0 eden (0M), 1 survivor (1M), 3 old (3M), 0 humongous (0M), 6 free (6M)
}
Event: 0.302 {heap Before GC invocations=1 (full 0):
 garbage-first heap   total reserved 2033664K, committed 10240K, used 4910K [0x0000000083e00000, 0x0000000100000000)
  region size 1M, 2 eden (2M), 1 survivor (1M), 3 old (3M), 0 humongous (0M), 4 free (4M)
}
Event: 0.304 {heap After GC invocations=2 (full 0):
 garbage-first heap   total reserved 2033664K, committed 10240K, used 3346K [0x0000000083e00000, 0x0000000100000000)
  region size 1M, 0 eden (0M), 1 survivor (1M), 4 old (4M), 0 humongous (0M), 5 free (5M)
}
Event: 0.425 {heap Before GC invocations=2 (full 0):
 garbage-first heap   total reserved 2033664K, committed 10240K, used 5394K [0x0000000083e00000, 0x0000000100000000)
  region size 1M, 2 eden (2M), 1 survivor (1M), 4 old (4M), 0 humongous (0M), 3 free (3M)
}
Event: 0.428 {heap After GC invocations=3 (full 0):
 garbage-first heap   total reserved 2033664K, committed 10240K, used 3937K [0x0000000083e00000, 0x0000000100000000)
  region size 1M, 0 eden (0M), 1 survivor (1M), 4 old (4M), 0 humongous (0M), 5 free (5M)
}
Event: 2.525 {heap Before GC invocations=4 (full 0):
 garbage-first heap   total reserved 2033664K, committed 10240K, used 5985K [0x0000000083e00000, 0x0000000100000000)
  region size 1M, 2 eden (2M), 1 survivor (1M), 4 old (4M), 0 humongous (0M), 3 free (3M)
}
Event: 2.527 {heap After GC invocations=5 (full 0):
 garbage-first heap   total reserved 2033664K, committed 10240K, used 4562K [0x0000000083e00000, 0x0000000100000000)
  region size 1M, 0 eden (0M), 1 survivor (1M), 5 old (5M), 0 humongous (0M), 4 free (4M)
}
Event: 2.617 {heap Before GC invocations=5 (full 0):
 garbage-first heap   total reserved 2033664K, committed 10240K, used 6610K [0x0000000083e00000, 0x0000000100000000)
  region size 1M, 2 eden (2M), 1 survivor (1M), 5 old (5M), 0 humongous (0M), 2 free (2M)
}
Event: 2.619 {heap After GC invocations=6 (full 0):
 garbage-first heap   total reserved 2033664K, committed 10240K, used 5270K [0x0000000083e00000, 0x0000000100000000)
  region size 1M, 0 eden (0M), 1 survivor (1M), 5 old (5M), 0 humongous (0M), 4 free (4M)
}

Metaspace Usage History (10 events):
Event: 0.174 {metaspace Before GC invocations=0 (full 0):
 Metaspace       used 1409K, committed 1536K, reserved 1114112K
  class space    used 127K, committed 192K, reserved 1048576K
}
Event: 0.176 {metaspace After GC invocations=1 (full 0):
 Metaspace       used 1409K, committed 1536K, reserved 1114112K
  class space    used 127K, committed 192K, reserved 1048576K
}
Event: 0.302 {metaspace Before GC invocations=1 (full 0):
 Metaspace       used 2784K, committed 2944K, reserved 1114112K
  class space    used 289K, committed 384K, reserved 1048576K
}
Event: 0.304 {metaspace After GC invocations=2 (full 0):
 Metaspace       used 2784K, committed 2944K, reserved 1114112K
  class space    used 289K, committed 384K, reserved 1048576K
}
Event: 0.425 {metaspace Before GC invocations=2 (full 0):
 Metaspace       used 4914K, committed 5184K, reserved 1114112K
  class space    used 513K, committed 640K, reserved 1048576K
}
Event: 0.428 {metaspace After GC invocations=3 (full 0):
 Metaspace       used 4914K, committed 5184K, reserved 1114112K
  class space    used 513K, committed 640K, reserved 1048576K
}
Event: 2.525 {metaspace Before GC invocations=4 (full 0):
 Metaspace       used 5705K, committed 5952K, reserved 1114112K
  class space    used 603K, committed 704K, reserved 1048576K
}
Event: 2.527 {metaspace After GC invocations=5 (full 0):
 Metaspace       used 5705K, committed 5952K, reserved 1114112K
  class space    used 603K, committed 704K, reserved 1048576K
}
Event: 2.617 {metaspace Before GC invocations=5 (full 0):
 Metaspace       used 6144K, committed 6336K, reserved 1114112K
  class space    used 633K, committed 704K, reserved 1048576K
}
Event: 2.619 {metaspace After GC invocations=6 (full 0):
 Metaspace       used 6144K, committed 6336K, reserved 1114112K
  class space    used 633K, committed 704K, reserved 1048576K
}

Dll operation events (16 events):
Event: 0.010 Attempting to load shared library C:\Program Files\Java\jdk-26.0.2\bin\java.dll
Event: 0.012 Loaded shared library C:\Program Files\Java\jdk-26.0.2\bin\java.dll
Event: 0.050 Attempting to load shared library C:\Program Files\Java\jdk-26.0.2\bin\net.dll
Event: 0.051 Loaded shared library C:\Program Files\Java\jdk-26.0.2\bin\net.dll
Event: 0.052 Attempting to load shared library C:\Program Files\Java\jdk-26.0.2\bin\nio.dll
Event: 0.053 Loaded shared library C:\Program Files\Java\jdk-26.0.2\bin\nio.dll
Event: 0.055 Attempting to load shared library C:\Program Files\Java\jdk-26.0.2\bin\zip.dll
Event: 0.056 Loaded shared library C:\Program Files\Java\jdk-26.0.2\bin\zip.dll
Event: 0.112 Attempting to load shared library C:\Program Files\Java\jdk-26.0.2\bin\jimage.dll
Event: 0.112 Loaded shared library C:\Program Files\Java\jdk-26.0.2\bin\jimage.dll
Event: 0.286 Attempting to load shared library C:\Program Files\Java\jdk-26.0.2\bin\extnet.dll
Event: 0.286 Loaded shared library C:\Program Files\Java\jdk-26.0.2\bin\extnet.dll
Event: 0.323 Attempting to load shared library C:\Program Files\Java\jdk-26.0.2\bin\sunmscapi.dll
Event: 0.325 Loaded shared library C:\Program Files\Java\jdk-26.0.2\bin\sunmscapi.dll
Event: 0.376 Attempting to load shared library C:\Program Files\Java\jdk-26.0.2\bin\awt.dll
Event: 0.379 Loaded shared library C:\Program Files\Java\jdk-26.0.2\bin\awt.dll

Deoptimization events (12 events):
Event: 0.099 Thread 0x000002a005aff630 DEOPT PACKING pc=0x000002a010a6cd45 sp=0x000000eca4bfda50
Event: 0.099 Thread 0x000002a005aff630 DEOPT UNPACKING pc=0x000002a017fe15a2 sp=0x000000eca4bfce98 mode 0
Event: 0.160 Thread 0x000002a005aff630 Uncommon trap: trap_request=0xffffff45 fr.pc=0x000002a018537378 relative=0x0000000000000078
Event: 0.160 Thread 0x000002a005aff630 Uncommon trap: reason=unstable_if action=reinterpret pc=0x000002a018537378 method=jdk.internal.misc.Unsafe.convEndian(ZS)S @ 4 c2
Event: 0.160 Thread 0x000002a005aff630 DEOPT PACKING pc=0x000002a018537378 sp=0x000000eca4bfe860
Event: 0.160 Thread 0x000002a005aff630 DEOPT UNPACKING pc=0x000002a0180c2c02 sp=0x000000eca4bfe790 mode 2
Event: 0.185 Thread 0x000002a005aff630 Uncommon trap: trap_request=0xffffff45 fr.pc=0x000002a018537074 relative=0x0000000000000074
Event: 0.185 Thread 0x000002a005aff630 Uncommon trap: reason=unstable_if action=reinterpret pc=0x000002a018537074 method=jdk.internal.misc.Unsafe.convEndian(ZI)I @ 4 c2
Event: 0.185 Thread 0x000002a005aff630 DEOPT PACKING pc=0x000002a018537074 sp=0x000000eca4bfe1c0
Event: 0.185 Thread 0x000002a005aff630 DEOPT UNPACKING pc=0x000002a0180c2c02 sp=0x000000eca4bfe0f0 mode 2
Event: 2.503 Thread 0x000002a02a6b1b30 DEOPT PACKING pc=0x000002a010a646d8 sp=0x000000eca61fd7e0
Event: 2.503 Thread 0x000002a02a6b1b30 DEOPT UNPACKING pc=0x000002a017fe15a2 sp=0x000000eca61fcc70 mode 0

Classes loaded (20 events):
Event: 4725.691 Loading class jdk/internal/foreign/GlobalSession
Event: 4725.693 Loading class jdk/internal/foreign/GlobalSession done
Event: 4725.841 Loading class jdk/internal/foreign/ArenaImpl
Event: 4725.844 Loading class jdk/internal/foreign/ArenaImpl done
Event: 4725.846 Loading class jdk/internal/foreign/ImplicitSession
Event: 4725.850 Loading class jdk/internal/foreign/SharedSession
Event: 4725.852 Loading class jdk/internal/foreign/SharedSession done
Event: 4725.852 Loading class jdk/internal/foreign/ImplicitSession done
Event: 4725.852 Loading class jdk/internal/foreign/SegmentFactories
Event: 4725.860 Loading class jdk/internal/foreign/SegmentFactories done
Event: 4725.863 Loading class java/lang/foreign/MemorySegment
Event: 4725.863 Loading class java/lang/foreign/MemorySegment done
Event: 4725.868 Loading class jdk/internal/foreign/NativeMemorySegmentImpl
Event: 4725.908 Loading class jdk/internal/foreign/AbstractMemorySegmentImpl
Event: 4730.107 Loading class jdk/internal/foreign/AbstractMemorySegmentImpl done
Event: 4730.107 Loading class jdk/internal/foreign/NativeMemorySegmentImpl done
Event: 4730.117 Loading class jdk/internal/foreign/Utils
Event: 4730.122 Loading class jdk/internal/foreign/Utils done
Event: 4730.127 Loading class jdk/internal/foreign/abi/SharedUtils
Event: 4730.340 Loading class jdk/internal/foreign/abi/SharedUtils done

Classes unloaded (0 events):
No events

Classes redefined (0 events):
No events

Internal exceptions (20 events):
Event: 0.238 Thread 0x000002a005aff630 Exception <a 'java/lang/NoSuchMethodError'{0x000000008443d0c0}: 'void java.lang.invoke.Invokers$Holder.invokeExact_MT(java.lang.Object, java.lang.Object, java.lang.Object, java.lang.Object)'> (0x000000008443d0c0) 
thrown [s\open\src\hotspot\share\interpreter\linkResolver.cpp, line 804]
Event: 0.307 Thread 0x000002a005aff630 Exception <a 'java/lang/NoSuchMethodError'{0x0000000084513648}: 'java.lang.Object java.lang.invoke.DirectMethodHandle$Holder.invokeStaticInit(java.lang.Object, int, int, int, int)'> (0x0000000084513648) 
thrown [s\open\src\hotspot\share\interpreter\linkResolver.cpp, line 804]
Event: 0.354 Thread 0x000002a005aff630 Exception <a 'java/lang/NoSuchMethodError'{0x000000008444d0a0}: 'java.lang.Object java.lang.invoke.DirectMethodHandle$Holder.invokeStaticInit(java.lang.Object, java.lang.Object, int, int, int, int)'> (0x000000008444d0a0) 
thrown [s\open\src\hotspot\share\interpreter\linkResolver.cpp, line 804]
Event: 0.370 Thread 0x000002a005aff630 Exception <a 'java/lang/NoSuchMethodError'{0x0000000084477898}: 'void java.lang.invoke.DirectMethodHandle$Holder.invokeStatic(java.lang.Object, java.lang.Object, java.lang.Object)'> (0x0000000084477898) 
thrown [s\open\src\hotspot\share\interpreter\linkResolver.cpp, line 804]
Event: 0.375 Thread 0x000002a005aff630 Exception <a 'java/lang/ClassNotFoundException'{0x00000000844915a8}: sun/awt/resources/spi/awtProvider> (0x00000000844915a8) 
thrown [s\open\src\hotspot\share\classfile\systemDictionary.cpp, line 330]
Event: 0.380 Thread 0x000002a005aff630 Exception <a 'java/io/FileNotFoundException'{0x00000000844a6688}> (0x00000000844a6688) 
thrown [s\open\src\hotspot\share\prims\jni.cpp, line 514]
Event: 0.381 Thread 0x000002a005aff630 Exception <a 'java/io/FileNotFoundException'{0x00000000844b9040}> (0x00000000844b9040) 
thrown [s\open\src\hotspot\share\prims\jni.cpp, line 514]
Event: 0.447 Thread 0x000002a005aff630 Exception <a 'java/lang/NoSuchMethodError'{0x000000008450c778}: 'void java.lang.invoke.DirectMethodHandle$Holder.invokeStatic(java.lang.Object, long)'> (0x000000008450c778) 
thrown [s\open\src\hotspot\share\interpreter\linkResolver.cpp, line 804]
Event: 0.449 Thread 0x000002a005aff630 Exception <a 'java/lang/NoSuchMethodError'{0x000000008451b498}: 'java.lang.Object java.lang.invoke.DirectMethodHandle$Holder.newInvokeSpecial(java.lang.Object, long)'> (0x000000008451b498) 
thrown [s\open\src\hotspot\share\interpreter\linkResolver.cpp, line 804]
Event: 0.455 Thread 0x000002a005aff630 Exception <a 'java/lang/NoSuchMethodError'{0x00000000845252c8}: 'java.lang.Object java.lang.invoke.DirectMethodHandle$Holder.invokeStatic(java.lang.Object, long, java.lang.Object)'> (0x00000000845252c8) 
thrown [s\open\src\hotspot\share\interpreter\linkResolver.cpp, line 804]
Event: 0.456 Thread 0x000002a005aff630 Exception <a 'java/lang/NoSuchMethodError'{0x000000008452d168}: 'java.lang.Object java.lang.invoke.DirectMethodHandle$Holder.invokeStaticInit(java.lang.Object, long, java.lang.Object)'> (0x000000008452d168) 
thrown [s\open\src\hotspot\share\interpreter\linkResolver.cpp, line 804]
Event: 2.475 Thread 0x000002a02a6b1b30 Exception <a 'java/lang/NoSuchMethodError'{0x0000000084590888}: 'java.lang.Object java.lang.invoke.DirectMethodHandle$Holder.invokeInterface(java.lang.Object, java.lang.Object)'> (0x0000000084590888) 
thrown [s\open\src\hotspot\share\interpreter\linkResolver.cpp, line 804]
Event: 2.481 Thread 0x000002a02a6b1b30 Exception <a 'java/lang/NoSuchMethodError'{0x00000000845cd598}: 'java.lang.Object java.lang.invoke.DirectMethodHandle$Holder.invokeSpecialIFC(java.lang.Object, java.lang.Object, java.lang.Object, java.lang.Object)'> (0x00000000845cd598) 
thrown [s\open\src\hotspot\share\interpreter\linkResolver.cpp, line 804]
Event: 2.482 Thread 0x000002a02a6b1b30 Exception <a 'java/lang/NoSuchMethodError'{0x00000000845de5d8}: 'java.lang.Object java.lang.invoke.DirectMethodHandle$Holder.invokeVirtual(java.lang.Object, java.lang.Object, java.lang.Object, java.lang.Object)'> (0x00000000845de5d8) 
thrown [s\open\src\hotspot\share\interpreter\linkResolver.cpp, line 804]
Event: 2.484 Thread 0x000002a02a6b1b30 Exception <a 'java/lang/NoSuchMethodError'{0x00000000845ef098}: 'void java.lang.invoke.DirectMethodHandle$Holder.invokeStatic(java.lang.Object, java.lang.Object, java.lang.Object, java.lang.Object)'> (0x00000000845ef098) 
thrown [s\open\src\hotspot\share\interpreter\linkResolver.cpp, line 804]
Event: 2.574 Thread 0x000002a02a6b1b30 Exception <a 'java/lang/NoSuchMethodError'{0x0000000084452ff0}: 'java.lang.Object java.lang.invoke.DirectMethodHandle$Holder.newInvokeSpecial(java.lang.Object, java.lang.Object, java.lang.Object, int)'> (0x0000000084452ff0) 
thrown [s\open\src\hotspot\share\interpreter\linkResolver.cpp, line 804]
Event: 2.575 Thread 0x000002a02a6b1b30 Exception <a 'java/lang/NoSuchMethodError'{0x000000008445bf18}: 'java.lang.Object java.lang.invoke.Invokers$Holder.linkToTargetMethod(java.lang.Object, java.lang.Object, int, java.lang.Object)'> (0x000000008445bf18) 
thrown [s\open\src\hotspot\share\interpreter\linkResolver.cpp, line 804]
Event: 2.591 Thread 0x000002a02a6b1b30 Exception <a 'java/lang/IncompatibleClassChangeError'{0x00000000844a63c0}: Found class java.lang.Object, but interface was expected> (0x00000000844a63c0) 
thrown [s\open\src\hotspot\share\interpreter\linkResolver.cpp, line 871]
Event: 4730.351 Thread 0x000002a02a4e1370 Exception <a 'java/lang/NoSuchMethodError'{0x00000000845c1330}: 'long java.lang.invoke.DirectMethodHandle$Holder.invokeStatic(java.lang.Object, java.lang.Object)'> (0x00000000845c1330) 
thrown [s\open\src\hotspot\share\interpreter\linkResolver.cpp, line 804]
Event: 4730.460 Thread 0x000002a02a4e1370 Exception <a 'java/lang/NoSuchMethodError'{0x00000000845c9660}: 'long java.lang.invoke.DirectMethodHandle$Holder.invokeStaticInit(java.lang.Object, java.lang.Object)'> (0x00000000845c9660) 
thrown [s\open\src\hotspot\share\interpreter\linkResolver.cpp, line 804]

VM Operations (20 events):
Event: 2826.384 Executing non-safepoint VM operation: RendezvousGCThreads
Event: 2826.384 Executing non-safepoint VM operation: RendezvousGCThreads done
Event: 3668.266 Executing non-safepoint VM operation: HandshakeAllThreads (DeflationHandshakeClosure)
Event: 3668.267 Executing non-safepoint VM operation: HandshakeAllThreads (DeflationHandshakeClosure) done
Event: 3668.268 Executing non-safepoint VM operation: RendezvousGCThreads
Event: 3668.268 Executing non-safepoint VM operation: RendezvousGCThreads done
Event: 3788.462 Executing non-safepoint VM operation: HandshakeAllThreads (DeflationHandshakeClosure)
Event: 3788.462 Executing non-safepoint VM operation: HandshakeAllThreads (DeflationHandshakeClosure) done
Event: 3788.462 Executing non-safepoint VM operation: RendezvousGCThreads
Event: 3788.462 Executing non-safepoint VM operation: RendezvousGCThreads done
Event: 4089.166 Executing non-safepoint VM operation: HandshakeAllThreads (DeflationHandshakeClosure)
Event: 4089.166 Executing non-safepoint VM operation: HandshakeAllThreads (DeflationHandshakeClosure) done
Event: 4089.166 Executing non-safepoint VM operation: RendezvousGCThreads
Event: 4089.166 Executing non-safepoint VM operation: RendezvousGCThreads done
Event: 4450.025 Executing non-safepoint VM operation: HandshakeAllThreads (DeflationHandshakeClosure)
Event: 4450.025 Executing non-safepoint VM operation: HandshakeAllThreads (DeflationHandshakeClosure) done
Event: 4450.026 Executing non-safepoint VM operation: RendezvousGCThreads
Event: 4450.026 Executing non-safepoint VM operation: RendezvousGCThreads done
Event: 4725.835 Executing non-safepoint VM operation: HandshakeAllThreads (Deoptimize)
Event: 4725.841 Executing non-safepoint VM operation: HandshakeAllThreads (Deoptimize) done

Memory protections (0 events):
No events

Nmethod flushes (0 events):
No events

Events (20 events):
Event: 2805.412 Thread 0x000002a02a741240 Thread added: 0x000002a02a74e710
Event: 2806.581 Thread 0x000002a02a74e710 Thread exited: 0x000002a02a74e710
Event: 2808.055 Thread 0x000002a02a741240 Thread added: 0x000002a02a74e710
Event: 2809.070 Thread 0x000002a02a74e710 Thread exited: 0x000002a02a74e710
Event: 3652.432 Thread 0x000002a02a741240 Thread added: 0x000002a02a74e710
Event: 3653.890 Thread 0x000002a02a74e710 Thread exited: 0x000002a02a74e710
Event: 3653.951 Thread 0x000002a02a741240 Thread added: 0x000002a02a74e710
Event: 3655.072 Thread 0x000002a02a74e710 Thread exited: 0x000002a02a74e710
Event: 3762.637 Thread 0x000002a02a741240 Thread added: 0x000002a025719bb0
Event: 3763.699 Thread 0x000002a025719bb0 Thread exited: 0x000002a025719bb0
Event: 4071.602 Thread 0x000002a02a741240 Thread added: 0x000002a02a74e710
Event: 4072.653 Thread 0x000002a02a74e710 Thread exited: 0x000002a02a74e710
Event: 4080.259 Thread 0x000002a02a741240 Thread added: 0x000002a02a74e710
Event: 4081.512 Thread 0x000002a02a74e710 Thread exited: 0x000002a02a74e710
Event: 4443.273 Thread 0x000002a02a741240 Thread added: 0x000002a02a74e710
Event: 4444.297 Thread 0x000002a02a74e710 Thread exited: 0x000002a02a74e710
Event: 4717.324 Thread 0x000002a02a741240 Thread added: 0x000002a02a74e710
Event: 4719.877 Thread 0x000002a02a74e710 Thread exited: 0x000002a02a74e710
Event: 4720.539 Thread 0x000002a02a741240 Thread added: 0x000002a02a74e710
Event: 4724.534 Thread 0x000002a02a741240 Thread added: 0x000002a02a4e1370


Dynamic libraries:
0x00007ff615060000 - 0x00007ff615070000 	C:\Program Files\Java\jdk-26.0.2\bin\java.exe
0x00007ff843220000 - 0x00007ff843486000 	C:\WINDOWS\SYSTEM32\ntdll.dll
0x00007ff841860000 - 0x00007ff841929000 	C:\WINDOWS\System32\KERNEL32.DLL
0x00007ff840800000 - 0x00007ff840bff000 	C:\WINDOWS\System32\KERNELBASE.dll
0x00007ff840cc0000 - 0x00007ff840e0c000 	C:\WINDOWS\System32\ucrtbase.dll
0x00007ffffe860000 - 0x00007ffffe877000 	C:\Program Files\Java\jdk-26.0.2\bin\jli.dll
0x00007ff842b00000 - 0x00007ff842cc6000 	C:\WINDOWS\System32\USER32.dll
0x00007ffffe880000 - 0x00007ffffe89e000 	C:\Program Files\Java\jdk-26.0.2\bin\VCRUNTIME140.dll
0x00007ff8407d0000 - 0x00007ff8407f7000 	C:\WINDOWS\System32\win32u.dll
0x00007ff8233e0000 - 0x00007ff823671000 	C:\WINDOWS\WinSxS\amd64_microsoft.windows.common-controls_6595b64144ccf1df_6.0.26100.8972_none_3e0da176e32f9d4b\COMCTL32.dll
0x00007ff8429b0000 - 0x00007ff8429db000 	C:\WINDOWS\System32\GDI32.dll
0x00007ff8415b0000 - 0x00007ff841659000 	C:\WINDOWS\System32\msvcrt.dll
0x00007ff840e20000 - 0x00007ff840f49000 	C:\WINDOWS\System32\gdi32full.dll
0x00007ff840c10000 - 0x00007ff840cb3000 	C:\WINDOWS\System32\msvcp_win.dll
0x00007ff842a90000 - 0x00007ff842ac2000 	C:\WINDOWS\System32\IMM32.DLL
0x00007ff81ab80000 - 0x00007ff81ab8c000 	C:\Program Files\Java\jdk-26.0.2\bin\vcruntime140_1.dll
0x00007fffd58a0000 - 0x00007fffd592d000 	C:\Program Files\Java\jdk-26.0.2\bin\msvcp140.dll
0x00007fffbc930000 - 0x00007fffbd801000 	C:\Program Files\Java\jdk-26.0.2\bin\server\jvm.dll
0x00007ff8413e0000 - 0x00007ff84149c000 	C:\WINDOWS\System32\ADVAPI32.dll
0x00007ff8429e0000 - 0x00007ff842a8a000 	C:\WINDOWS\System32\sechost.dll
0x00007ff841660000 - 0x00007ff841778000 	C:\WINDOWS\System32\RPCRT4.dll
0x00007ff842920000 - 0x00007ff8429a2000 	C:\WINDOWS\System32\WS2_32.dll
0x00007ff8402b0000 - 0x00007ff84030e000 	C:\WINDOWS\SYSTEM32\POWRPROF.dll
0x00007ff82ca10000 - 0x00007ff82ca1b000 	C:\WINDOWS\SYSTEM32\VERSION.dll
0x00007ff834cc0000 - 0x00007ff834cf6000 	C:\WINDOWS\SYSTEM32\WINMM.dll
0x00007ff840290000 - 0x00007ff8402a5000 	C:\WINDOWS\SYSTEM32\UMPDC.dll
0x00007ff83f120000 - 0x00007ff83f13b000 	C:\WINDOWS\SYSTEM32\kernel.appcore.dll
0x00007ff80d1c0000 - 0x00007ff80d1ca000 	C:\Program Files\Java\jdk-26.0.2\bin\jimage.dll
0x00007ff83dac0000 - 0x00007ff83dd02000 	C:\WINDOWS\SYSTEM32\DBGHELP.DLL
0x00007ff841df0000 - 0x00007ff842175000 	C:\WINDOWS\System32\combase.dll
0x00007ff841780000 - 0x00007ff841859000 	C:\WINDOWS\System32\OLEAUT32.dll
0x00007ff81bb20000 - 0x00007ff81bb5b000 	C:\WINDOWS\SYSTEM32\dbgcore.DLL
0x00007ff840650000 - 0x00007ff8406fc000 	C:\WINDOWS\System32\bcryptPrimitives.dll
0x00007ffffe840000 - 0x00007ffffe85f000 	C:\Program Files\Java\jdk-26.0.2\bin\java.dll
0x00007ff841070000 - 0x00007ff841209000 	C:\WINDOWS\System32\ole32.dll
0x00007ff842190000 - 0x00007ff842918000 	C:\WINDOWS\System32\SHELL32.dll
0x00007ff83dea0000 - 0x00007ff83e73b000 	C:\WINDOWS\SYSTEM32\windows.storage.dll
0x00007ff841b80000 - 0x00007ff841c79000 	C:\WINDOWS\System32\SHCORE.dll
0x00007ff841b10000 - 0x00007ff841b76000 	C:\WINDOWS\System32\shlwapi.dll
0x00007ff840350000 - 0x00007ff840379000 	C:\WINDOWS\SYSTEM32\profapi.dll
0x00007ffff6ab0000 - 0x00007ffff6ac2000 	C:\Program Files\Java\jdk-26.0.2\bin\net.dll
0x00007ff83f6d0000 - 0x00007ff83f73c000 	C:\WINDOWS\system32\mswsock.dll
0x00007ffff6a10000 - 0x00007ffff6a26000 	C:\Program Files\Java\jdk-26.0.2\bin\nio.dll
0x00007fffe1920000 - 0x00007fffe1936000 	C:\Program Files\Java\jdk-26.0.2\bin\zip.dll
0x00007ff83ead0000 - 0x00007ff83ec28000 	C:\WINDOWS\SYSTEM32\DNSAPI.dll
0x00007ff83f4d0000 - 0x00007ff83f4dd000 	C:\WINDOWS\SYSTEM32\DSPARSE.dll
0x00007ff83ea90000 - 0x00007ff83eac3000 	C:\WINDOWS\SYSTEM32\IPHLPAPI.DLL
0x00007ff840f50000 - 0x00007ff840f5a000 	C:\WINDOWS\System32\NSI.dll
0x00007ff834c60000 - 0x00007ff834c6b000 	C:\Windows\System32\rasadhlp.dll
0x00007ff8396b0000 - 0x00007ff839736000 	C:\WINDOWS\System32\fwpuclnt.dll
0x00007ff8214a0000 - 0x00007ff8214a9000 	C:\Program Files\Java\jdk-26.0.2\bin\extnet.dll
0x00007ff821490000 - 0x00007ff82149e000 	C:\Program Files\Java\jdk-26.0.2\bin\sunmscapi.dll
0x00007ff8404c0000 - 0x00007ff84063e000 	C:\WINDOWS\System32\CRYPT32.dll
0x00007ff83fc00000 - 0x00007ff83fc30000 	C:\WINDOWS\SYSTEM32\ncrypt.dll
0x00007ff83fbb0000 - 0x00007ff83fbef000 	C:\WINDOWS\SYSTEM32\NTASN1.dll
0x00007fffd99c0000 - 0x00007fffd99c8000 	C:\WINDOWS\system32\wshunix.dll
0x00007ff83f9c0000 - 0x00007ff83f9db000 	C:\WINDOWS\SYSTEM32\CRYPTSP.dll
0x00007ff83f060000 - 0x00007ff83f099000 	C:\WINDOWS\system32\rsaenh.dll
0x00007ff83f780000 - 0x00007ff83f7b2000 	C:\WINDOWS\SYSTEM32\USERENV.dll
0x00007ff840320000 - 0x00007ff84034a000 	C:\WINDOWS\SYSTEM32\bcrypt.dll
0x00007ff83f9e0000 - 0x00007ff83f9ec000 	C:\WINDOWS\SYSTEM32\CRYPTBASE.dll
0x00007fffca3a0000 - 0x00007fffca524000 	C:\Program Files\Java\jdk-26.0.2\bin\awt.dll
0x00007ff83cad0000 - 0x00007ff83cb6f000 	C:\WINDOWS\SYSTEM32\apphelp.dll
0x00007ff83cf10000 - 0x00007ff83cfb8000 	C:\WINDOWS\system32\uxtheme.dll
0x00007ff841c80000 - 0x00007ff841ddd000 	C:\WINDOWS\System32\MSCTF.dll
0x00007ff83cba0000 - 0x00007ff83cbc9000 	C:\WINDOWS\system32\Wtsapi32.dll
0x00007ff83f3d0000 - 0x00007ff83f419000 	C:\WINDOWS\SYSTEM32\SspiCli.dll
0x00007ff8401e0000 - 0x00007ff840242000 	C:\WINDOWS\SYSTEM32\WINSTA.dll
0x00007ff807140000 - 0x00007ff8071f6000 	C:\WINDOWS\SYSTEM32\TextShaping.dll
0x00007ff83d2f0000 - 0x00007ff83d31f000 	C:\WINDOWS\system32\DWMAPI.DLL
0x00007fffcf790000 - 0x00007fffcf89c000 	C:\WINDOWS\system32\opengl32.dll
0x00007ff80e9b0000 - 0x00007ff80e9dd000 	C:\WINDOWS\SYSTEM32\GLU32.dll
0x00007ff83d120000 - 0x00007ff83d165000 	C:\WINDOWS\SYSTEM32\dxcore.dll

JVMTI agents: none

dbghelp: loaded successfully - version: 4.0.5 - missing functions: none
symbol engine: initialized successfully - sym options: 0x614 - pdb path: .;C:\Program Files\Java\jdk-26.0.2\bin;C:\WINDOWS\SYSTEM32;C:\WINDOWS\WinSxS\amd64_microsoft.windows.common-controls_6595b64144ccf1df_6.0.26100.8972_none_3e0da176e32f9d4b;C:\Program Files\Java\jdk-26.0.2\bin\server

VM Arguments:
java_command: io.qameta.allure.CommandLine open allure-report
java_class_path (initial): G:\allure-2.45.0\lib\allure-commandline-2.45.0.jar;G:\allure-2.45.0\lib\allure-generator-2.45.0.jar;G:\allure-2.45.0\lib\allure-model-2.35.4.jar;G:\allure-2.45.0\lib\allure-plugin-api-2.45.0.jar;G:\allure-2.45.0\lib\allure1-model-1.0.jar;G:\allure-2.45.0\lib\annotations-15.0.jar;G:\allure-2.45.0\lib\commons-beanutils-1.11.0.jar;G:\allure-2.45.0\lib\commons-codec-1.11.jar;G:\allure-2.45.0\lib\commons-collections-3.2.2.jar;G:\allure-2.45.0\lib\commons-collections4-4.5.0.jar;G:\allure-2.45.0\lib\commons-io-2.22.0.jar;G:\allure-2.45.0\lib\commons-lang3-3.20.0.jar;G:\allure-2.45.0\lib\commons-logging-1.3.5.jar;G:\allure-2.45.0\lib\commons-text-1.13.1.jar;G:\allure-2.45.0\lib\flexmark-0.62.2.jar;G:\allure-2.45.0\lib\flexmark-ext-tables-0.62.2.jar;G:\allure-2.45.0\lib\flexmark-util-0.62.2.jar;G:\allure-2.45.0\lib\flexmark-util-ast-0.62.2.jar;G:\allure-2.45.0\lib\flexmark-util-builder-0.62.2.jar;G:\allure-2.45.0\lib\flexmark-util-collection-0.62.2.jar;G:\allure-2.45.0\lib\flexmark-util-data-0.62.2.jar;G:\allure-2.45.0\lib\flexmark-util-dependency-0.62.2.jar;G:\allure-2.45.0\lib\flexmark-util-format-0.62.2.jar;G:\allure-2.45.0\lib\flexmark-util-html-0.62.2.jar;G:\allure-2.45.0\lib\flexmark-util-misc-0.62.2.jar;G:\allure-2.45.0\lib\flexmark-util-options-0.62.2.jar;G:\allure-2.45.0\lib\flexmark-util-sequence-0.62.2.jar;G:\allure-2.45.0\lib\flexmark-util-visitor-0.62.2.jar;G:\allure-2.45.0\lib\freemarker-2.3.34.jar;G:\allure-2.45.0\lib\httpclient-4.5.14.jar;G:\allure-2.45.0\lib\httpcore-4.4.16.jar;G:\allure-2.45.0\lib\jackson-annotations-2.22.jar;G:\allure-2.45.0\lib\jackson-core-2.22.1.jar;G:\allure-2.45.0\lib\jackson-databind-2.22.1.jar;G:\allure-2.45.0\lib\jackson-dataformat-xml-2.22.1.jar;G:\allure-2.45.0\lib\jackson-dataformat-yaml-2.22.1.jar;G:\allure-2.45.0\lib\jackson-module-jaxb-annotations-2.22.1.jar;G:\allure-2.45.0\lib\jakarta.activation-api-1.2.2.jar;G:\allure-2.45.0\lib\javax.activation-api-1.2.0.jar;G:\allure-2.45.0\lib\jaxb-api-2.3.1.jar;G:\allure-2.45.0\lib\jaxb-utils-1.0.jar;G:\allure-2.45.0\lib\jcommander-1.82.jar;G:\allure-2.45.0\lib\jsoup-1.23.1.jar;G:\allure-2.45.0\lib\opencsv-5.12.0.jar;G:\allure-2.45.0\lib\properties-2.0.RC5.jar;G:\allure-2.45.0\lib\slf4j-api-2.0.18.jar;G:\allure-2.45.0\lib\slf4j-jdk14-2.0.18.jar;G:\allure-2.45.0\lib\snakeyaml-2.5.jar;G:\allure-2.45.0\lib\stax2-api-4.3.0.jar;G:\allure-2.45.0\lib\woodstox-core-7.2.0.jar;G:\allure-2.45.0\lib\config
Launcher Type: SUN_STANDARD

[Global flags]
     bool AOTAdapterCaching                        = false                                  {diagnostic} {ergonomic}
     bool AOTInvokeDynamicLinking                  = false                                  {diagnostic} {ergonomic}
     bool AOTRecordTraining                        = false                                  {diagnostic} {ergonomic}
     bool AOTReplayTraining                        = false                                  {diagnostic} {ergonomic}
     bool AOTStubCaching                           = false                                  {diagnostic} {ergonomic}
     intx CICompilerCount                          = 4                                         {product} {ergonomic}
     uint ConcGCThreads                            = 2                                         {product} {ergonomic}
     uint G1ConcRefinementThreads                  = 8                                         {product} {ergonomic}
     uint G1EagerReclaimRemSetThreshold            = 10                                   {experimental} {ergonomic}
   size_t G1HeapRegionSize                         = 1048576                                   {product} {ergonomic}
     uint G1RemSetArrayOfCardsEntries              = 10                                   {experimental} {ergonomic}
     uint G1RemSetHowlMaxNumBuckets                = 8                                    {experimental} {ergonomic}
     uint G1RemSetHowlNumBuckets                   = 4                                    {experimental} {ergonomic}
   size_t InitialHeapSize                          = 8388608                                   {product} {ergonomic}
     bool IntelJccErratumMitigation                = false                             {ARCH diagnostic} {ergonomic}
   size_t MarkStackSize                            = 4194304                                   {product} {ergonomic}
   size_t MarkStackSizeMax                         = 536870912                                 {product} {ergonomic}
   size_t MaxHeapSize                              = 2082471936                                {product} {ergonomic}
   size_t MaxNewSize                               = 1248854016                                {product} {ergonomic}
 uint64_t MaxRAM                                   = 8327782400                                {product} {ergonomic}
   size_t MinHeapDeltaBytes                        = 1048576                                   {product} {ergonomic}
   size_t MinHeapSize                              = 8388608                                   {product} {ergonomic}
   size_t NonNMethodCodeHeapSize                   = 5898240                                {pd product} {ergonomic}
   size_t NonProfiledCodeHeapSize                  = 122945536                              {pd product} {ergonomic}
   size_t ProfiledCodeHeapSize                     = 122945536                              {pd product} {ergonomic}
   size_t ReservedCodeCacheSize                    = 251789312                              {pd product} {ergonomic}
     bool SegmentedCodeCache                       = true                                      {product} {ergonomic}
   size_t SoftMaxHeapSize                          = 2082471936                             {manageable} {ergonomic}
     bool UseCompressedOops                        = true                           {product lp64_product} {ergonomic}
     bool UseCondCardMark                          = true                                      {product} {ergonomic}
     bool UseFastUnorderedTimeStamps               = true                                 {experimental} {ergonomic}
     bool UseG1GC                                  = true                                      {product} {ergonomic}
     bool UseLargePagesIndividualAllocation        = false                                  {pd product} {ergonomic}
      int X86ICacheSync                            = 3                                 {ARCH diagnostic} {ergonomic}

Logging:
Log output configuration:
 #0: stdout all=warning uptime,level,tags foldmultilines=false
 #1: stderr all=off uptime,level,tags foldmultilines=false

Release file:
IMPLEMENTOR="Oracle Corporation" 
JAVA_RUNTIME_VERSION="26.0.2+10-55" 
JAVA_VERSION="26.0.2" 
JAVA_VERSION_DATE="2026-07-21" 
LIBC="default" 
MODULES="java.base java.compiler java.datatransfer java.xml java.prefs java.desktop java.instrument java.logging java.management java.security.sasl java.naming java.rmi java.management.rmi java.net.http java.scripting java.security.jgss java.transaction.xa java.sql java.sql.rowset java.xml.crypto java.se java.smartcardio jdk.accessibility jdk.internal.jvmstat jdk.attach jdk.charsets jdk.internal.opt jdk.zipfs jdk.compiler jdk.crypto.cryptoki jdk.crypto.ec jdk.crypto.mscapi jdk.dynalink jdk.internal.ed jdk.editpad jdk.internal.vm.ci jdk.graal.compiler jdk.graal.compiler.management jdk.hotspot.agent jdk.httpserver jdk.incubator.vector jdk.internal.le jdk.internal.md jdk.jartool jdk.javadoc jdk.jcmd jdk.management jdk.management.agent jdk.jconsole jdk.jdeps jdk.jdwp.agent jdk.jdi jdk.jfr jdk.jlink jdk.jpackage jdk.jshell jdk.jstatd jdk.localedata jdk.management.jfr jdk.naming.dns jdk.naming.rmi jdk.net jdk.nio.mapmode jdk.sctp jdk.security.auth jdk.security.jgss jdk.unsupported jdk.unsupported.desktop jdk.xml.dom" 
OS_ARCH="x86_64" 
OS_NAME="Windows" 
SOURCE=".:git:28b9aeff05f1 open:git:fa67dfdcec4b" 

Environment Variables:
JAVA_HOME=C:\Program Files\Java\jdk-26.0.2
PATH=C:\Program Files\Common Files\Oracle\Java\javapath;C:\Python314\Scripts\;C:\Python314\;C:\WINDOWS\system32;C:\WINDOWS;C:\WINDOWS\System32\Wbem;C:\WINDOWS\System32\WindowsPowerShell\v1.0\;C:\WINDOWS\System32\OpenSSH\;C:\ProgramData\chocolatey\bin;C:\Users\vveer\AppData\Local\Android\Sdk\platform-tools;C:\Users\vveer\AppData\Local\Android\Sdk\emulator;C:\Users\vveer\AppData\Local\Android\Sdk\cmdline-tools\latest\bin;C:\Program Files\Java\jdk-26.0.2\bin;C:\Program Files\nodejs\;C:\Users\vveer\AppData\Local\Android\Sdk\platform-tools;C:\Users\vveer\AppData\Local\Android\Sdk\platforms;G:\allure-2.45.0\bin;C:\Users\vveer\AppData\Local\Programs\Python\Python314\Scripts\;C:\Users\vveer\AppData\Local\Programs\Python\Python314\;C:\Users\vveer\AppData\Local\Programs\Python\Launcher\;C:\Users\vveer\AppData\Local\Microsoft\WindowsApps;C:\Users\vveer\AppData\Roaming\npm;C:\Users\vveer\AppData\Local\Android\Sdk\build-tools\37.0.0;
USERNAME=vveer
OS=Windows_NT
PROCESSOR_IDENTIFIER=Intel64 Family 6 Model 140 Stepping 2, GenuineIntel
TMP=C:\Users\vveer\AppData\Local\Temp
TEMP=C:\Users\vveer\AppData\Local\Temp




Compilation memory statistics disabled.

Periodic native trim disabled

---------------  S Y S T E M  ---------------

OS:
 Windows 11 , 64 bit Build 26100 (10.0.26100.9168)
OS uptime: 13 days 0:55 hours
Hyper-V role detected

CPU: total 8 (initial active 8) (4 cores per cpu, 2 threads per core) family 6 model 140 stepping 2 microcode 0x2c, cx8, cmov, fxsr, ht, mmx, 3dnowpref, sse, sse2, sse3, ssse3, sse4.1, sse4.2, popcnt, lzcnt, tsc, tscinvbit, avx, avx2, aes, erms, clmul, bmi1, bmi2, adx, avx512f, avx512dq, avx512cd, avx512bw, avx512vl, sha, fma, vzeroupper, avx512_vpopcntdq, avx512_vpclmulqdq, avx512_vaes, avx512_vnni, clflush, clflushopt, clwb, avx512_vbmi2, avx512_vbmi, hv, rdtscp, rdpid, fsrm, gfni, avx512_bitalg, f16c, cet_ibt, cet_ss, avx512_ifma
Processor Information for the first 8 processors :
  Max Mhz: 2496, Current Mhz: 2496, Mhz Limit: 2496

Memory: 4k page, system-wide physical 7941M (570M free)
TotalPageFile size 20308M (AvailPageFile size 78M)
current process WorkingSet (physical memory assigned to process): 27M, peak: 75M
current process commit charge ("private bytes"): 103M, peak: 112M

vm_info: Java HotSpot(TM) 64-Bit Server VM (26.0.2+10-55) for windows-amd64 JRE (26.0.2+10-55), built on 2026-06-17T09:18:01Z with MS VC++ 17.13 (VS2022)

END.
