#
# There is insufficient memory for the Java Runtime Environment to continue.
# Native memory allocation (malloc) failed to allocate 32752 bytes. Error detail: Chunk::new
# Possible reasons:
#   The system is out of physical RAM or swap space
#   This process is running with CompressedOops enabled, and the Java Heap may be blocking the growth of the native heap
# Possible solutions:
#   Reduce memory load on the system
#   Increase physical memory or swap space
#   Check if swap backing store is full
#   Decrease Java heap size (-Xmx/-Xms)
#   Decrease number of Java threads
#   Decrease Java thread stack sizes (-Xss)
#   Set larger code cache with -XX:ReservedCodeCacheSize=
#   JVM is running with Unscaled Compressed Oops mode in which the Java heap is
#     placed in the first 4GB address space. The Java Heap base address is the
#     maximum limit for the native heap growth. Please use -XX:HeapBaseMinAddress
#     to set the Java Heap base and to place the Java Heap above 4GB virtual address.
# This output file may be truncated or incomplete.
#
#  Out of Memory Error (arena.cpp:193), pid=8884, tid=26140
#
# JRE version: Java(TM) SE Runtime Environment (26.0.2+10) (build 26.0.2+10-55)
# Java VM: Java HotSpot(TM) 64-Bit Server VM (26.0.2+10-55, mixed mode, sharing, tiered, compressed oops, compressed class ptrs, g1 gc, windows-amd64)
# No core dump will be written. Minidumps are not enabled by default on client versions of Windows
#

---------------  S U M M A R Y ------------

Command Line: io.qameta.allure.CommandLine open allure-report

Host: 11th Gen Intel(R) Core(TM) i5-1155G7 @ 2.50GHz, 8 cores, 7G,  Windows 11 , 64 bit Build 26100 (10.0.26100.9168)
Time: Tue Sep  8 23:42:48 2026 India Standard Time elapsed time: 4408.757364 seconds (0d 1h 13m 28s)

---------------  T H R E A D  ---------------

Current thread (0x00000210770b80c0):  JavaThread "C1 CompilerThread0" daemon [_thread_in_native, id=26140, stack(0x0000001bc0800000,0x0000001bc0900000) (1024K)]


Current CompileTask:
C1:4408758 1281       3       java.lang.invoke.InvokerBytecodeGenerator::emitImplicitConversion (166 bytes)

Stack: [0x0000001bc0800000,0x0000001bc0900000]
Native frames: (J=compiled Java code, j=interpreted, Vv=VM code, C=native code)
V  [jvm.dll+0x7d6ea9]  (no source info available)
V  [jvm.dll+0x7a4dcd]  (no source info available)
V  [jvm.dll+0x9b2390]  (no source info available)
V  [jvm.dll+0x9b47e1]  (no source info available)
V  [jvm.dll+0x9b4ef3]  (no source info available)
V  [jvm.dll+0x30f4d6]  (no source info available)
V  [jvm.dll+0x11ddb6]  (no source info available)
V  [jvm.dll+0x11e0de]  (no source info available)
V  [jvm.dll+0x1b932b]  (no source info available)
V  [jvm.dll+0x1b8827]  (no source info available)
V  [jvm.dll+0x212a5e]  (no source info available)
V  [jvm.dll+0x212eb6]  (no source info available)
V  [jvm.dll+0x1ce8b2]  (no source info available)
V  [jvm.dll+0x1cdfaf]  (no source info available)
V  [jvm.dll+0x1ce25e]  (no source info available)
V  [jvm.dll+0x1cd7cf]  (no source info available)
V  [jvm.dll+0x1cf55d]  (no source info available)
V  [jvm.dll+0x2e19dc]  (no source info available)
V  [jvm.dll+0x2dfbbd]  (no source info available)
V  [jvm.dll+0x4a5a61]  (no source info available)
V  [jvm.dll+0x950d59]  (no source info available)
V  [jvm.dll+0x7d8988]  (no source info available)
C  [ucrtbase.dll+0x2cd30]  (no source info available)
C  [KERNEL32.DLL+0x2ccb7]  (no source info available)
C  [ntdll.dll+0xaad6c]  (no source info available)

Lock stack of current Java thread (top to bottom):


---------------  P R O C E S S  ---------------

Threads class SMR info:
_java_thread_list=0x00000210772b1920, length=17, elements={
0x00000210668e02e0, 0x000002107709b050, 0x000002107709baa0, 0x000002107709cf00,
0x000002107709eac0, 0x000002107709f670, 0x00000210770a3ee0, 0x00000210770b0210,
0x00000210770b80c0, 0x00000210771861b0, 0x0000021077188010, 0x0000021077d3ddf0,
0x0000021077d48200, 0x0000021077d21340, 0x0000021077d2c6d0, 0x00000210773ae370,
0x000002107746c100
}

Java Threads: ( => current thread )
  0x00000210668e02e0 JavaThread "main"                              [_thread_blocked, id=23188, stack(0x0000001bbf800000,0x0000001bbf900000) (1024K)]
  0x000002107709b050 JavaThread "Reference Handler"          daemon [_thread_blocked, id=21860, stack(0x0000001bc0100000,0x0000001bc0200000) (1024K)]
  0x000002107709baa0 JavaThread "Finalizer"                  daemon [_thread_blocked, id=28768, stack(0x0000001bc0200000,0x0000001bc0300000) (1024K)]
  0x000002107709cf00 JavaThread "Signal Dispatcher"          daemon [_thread_blocked, id=21640, stack(0x0000001bc0300000,0x0000001bc0400000) (1024K)]
  0x000002107709eac0 JavaThread "Attach Listener"            daemon [_thread_blocked, id=26492, stack(0x0000001bc0400000,0x0000001bc0500000) (1024K)]
  0x000002107709f670 JavaThread "Service Thread"             daemon [_thread_blocked, id=9060, stack(0x0000001bc0500000,0x0000001bc0600000) (1024K)]
  0x00000210770a3ee0 JavaThread "Monitor Deflation Thread"   daemon [_thread_blocked, id=17900, stack(0x0000001bc0600000,0x0000001bc0700000) (1024K)]
  0x00000210770b0210 JavaThread "C2 CompilerThread0"         daemon [_thread_blocked, id=3932, stack(0x0000001bc0700000,0x0000001bc0800000) (1024K)]
=>0x00000210770b80c0 JavaThread "C1 CompilerThread0"         daemon [_thread_in_native, id=26140, stack(0x0000001bc0800000,0x0000001bc0900000) (1024K)]
  0x00000210771861b0 JavaThread "Notification Thread"        daemon [_thread_blocked, id=18008, stack(0x0000001bc0900000,0x0000001bc0a00000) (1024K)]
  0x0000021077188010 JavaThread "Common-Cleaner"             daemon [_thread_blocked, id=1396, stack(0x0000001bc0a00000,0x0000001bc0b00000) (1024K)]
  0x0000021077d3ddf0 JavaThread "idle-timeout-task"          daemon [_thread_blocked, id=16512, stack(0x0000001bc0d00000,0x0000001bc0e00000) (1024K)]
  0x0000021077d48200 JavaThread "HTTP-Dispatcher"                   [_thread_in_native, id=3424, stack(0x0000001bc0e00000,0x0000001bc0f00000) (1024K)]
  0x0000021077d21340 JavaThread "Java2D Disposer"            daemon [_thread_blocked, id=16788, stack(0x0000001bc0f00000,0x0000001bc1000000) (1024K)]
  0x0000021077d2c6d0 JavaThread "AWT-Windows"                daemon [_thread_in_native, id=26332, stack(0x0000001bc1100000,0x0000001bc1200000) (1024K)]
  0x00000210773ae370 JavaThread "AWT-Shutdown"                      [_thread_blocked, id=36612, stack(0x0000001bbf700000,0x0000001bbf800000) (1024K)]
  0x000002107746c100 JavaThread "AWT-EventQueue-0"                  [_thread_in_vm, id=9888, stack(0x0000001bc1000000,0x0000001bc1100000) (1024K)]
Total: 17

Other Threads:
  0x0000021077088190 VMThread "VM Thread"                           [id=24104, stack(0x0000001bc0000000,0x0000001bc0100000) (1024K)]
  0x0000021068cd9f20 WatcherThread "VM Periodic Task Thread"        [id=4976, stack(0x0000001bbff00000,0x0000001bc0000000) (1024K)]
  0x0000021068c5a480 WorkerThread "GC Thread#0"                     [id=10488, stack(0x0000001bbf900000,0x0000001bbfa00000) (1024K)]
  0x000002107771ff90 WorkerThread "GC Thread#1"                     [id=18904, stack(0x0000001bc0c00000,0x0000001bc0d00000) (1024K)]
  0x0000021077d2ce80 WorkerThread "GC Thread#2"                     [id=19004, stack(0x0000001bc1200000,0x0000001bc1300000) (1024K)]
  0x0000021077d2d2a0 WorkerThread "GC Thread#3"                     [id=4076, stack(0x0000001bc1300000,0x0000001bc1400000) (1024K)]
  0x0000021077d2d6c0 WorkerThread "GC Thread#4"                     [id=8440, stack(0x0000001bc1400000,0x0000001bc1500000) (1024K)]
  0x0000021077d2dae0 WorkerThread "GC Thread#5"                     [id=22640, stack(0x0000001bc1500000,0x0000001bc1600000) (1024K)]
  0x00000210773b1bb0 WorkerThread "GC Thread#6"                     [id=1536, stack(0x0000001bbf500000,0x0000001bbf600000) (1024K)]
  0x00000210773b1fd0 WorkerThread "GC Thread#7"                     [id=27804, stack(0x0000001bbf600000,0x0000001bbf700000) (1024K)]
  0x0000021068c729a0 ConcurrentGCThread "G1 Main Marker"            [id=28512, stack(0x0000001bbfa00000,0x0000001bbfb00000) (1024K)]
  0x0000021068c74410 WorkerThread "G1 Conc#0"                       [id=26300, stack(0x0000001bbfb00000,0x0000001bbfc00000) (1024K)]
  0x0000021077d636d0 WorkerThread "G1 Conc#1"                       [id=19272, stack(0x0000001bc1600000,0x0000001bc1700000) (1024K)]
  0x0000021068cb7470 WorkerThread "G1 Refinement Workers#0"         [id=11680, stack(0x0000001bbfd00000,0x0000001bbfe00000) (1024K)]
  0x0000021068cb58a0 ConcurrentGCThread "G1 Refine Control"         [id=896, stack(0x0000001bbfc00000,0x0000001bbfd00000) (1024K)]
  0x0000021068cc1f00 ConcurrentGCThread "G1 Service"                [id=26228, stack(0x0000001bbfe00000,0x0000001bbff00000) (1024K)]
Total: 16

Threads with active compile tasks:
C1 CompilerThread0  4408874 1281       3       java.lang.invoke.InvokerBytecodeGenerator::emitImplicitConversion (166 bytes)
Total: 1

VM state: not at safepoint (normal execution)

VM Mutex/Monitor currently owned by a thread:  ([mutex/lock_event])
[0x00007fffbd710008] AdapterHandlerLibrary_lock - owner thread: 0x0000000000000000

Heap address: 0x0000000083e00000, size: 1986 MB, Compressed Oops mode: 32-bit

CDS archive(s) mapped at: [0x0000000021000000-0x0000000021de0000-0x0000000021de0000), size 14548992, SharedBaseAddress: 0x0000000021000000, ArchiveRelocationMode: 1.
Compressed class space mapped at: 0x0000000022000000-0x0000000062000000, reserved size: 1073741824
UseCompressedClassPointers 1, UseCompactObjectHeaders 0
Narrow klass pointer bits 32, Max shift 3
Narrow klass base: 0x0000000021000000, Narrow klass shift: 0
Encoding Range: [0x0000000021000000 - 0x0000000121000000), (4294967296 bytes)
Klass Range:    [0x0000000021000000 - 0x0000000062000000), (1090519040 bytes)
Klass ID Range:  [8 - 1090519033) (1090519025)
Protection zone: [0x0000000021000000 - 0x0000000021010000), (65536 bytes)

GC Precious Log:
 CardTable entry size: 512
 Card Set container configuration: InlinePtr #cards 5 size 8 Array Of Cards #cards 10 size 36 Howl #buckets 4 coarsen threshold 1843 Howl Bitmap #cards 512 size 80 coarsen threshold 460 Card regions per heap region 1 cards per card region 2048
 CPUs: 8 total, 8 available
 Memory: 7941M
 Large Page Support: Disabled
 NUMA Support: Disabled
 Compressed Oops: Enabled (32-bit)
 Heap Region Size: 1M
 Heap Min Capacity: 8M
 Heap Initial Capacity: 8M
 Heap Max Capacity: 1986M
 Pre-touch: Disabled
 Parallel Workers: 8
 Concurrent Workers: 2
 Concurrent Refinement Workers: 8
 Periodic GC: Disabled

Heap:
 garbage-first heap   total reserved 2033664K, committed 13312K, used 5279K [0x0000000083e00000, 0x0000000100000000)
  region size 1M, 1 eden (1M), 1 survivor (1M), 5 old (5M), 0 humongous (0M), 6 free (6M)

Heap Regions: E=young(eden), S=young(survivor), O=old, HS=humongous(starts), HC=humongous(continues), CS=collection set, F=free, TAMS=top-at-mark-start, PB=parsable bottom
|    0|0x0000000083e00000, 0x0000000083f00000, 0x0000000083f00000|100%| O|  |TAMS 0x0000000083e00000| PB 0x0000000083e00000| Untracked |  0
|    1|0x0000000083f00000, 0x0000000084000000, 0x0000000084000000|100%| O|  |TAMS 0x0000000083f00000| PB 0x0000000083f00000| Untracked |  0
|    2|0x0000000084000000, 0x0000000084100000, 0x0000000084100000|100%| O|  |TAMS 0x0000000084000000| PB 0x0000000084000000| Untracked |  0
|    3|0x0000000084100000, 0x0000000084127e50, 0x0000000084200000| 15%| O|  |TAMS 0x0000000084100000| PB 0x0000000084100000| Untracked |  0
|    4|0x0000000084200000, 0x0000000084200000, 0x0000000084300000|  0%| F|  |TAMS 0x0000000084200000| PB 0x0000000084200000| Untracked |  0
|    5|0x0000000084300000, 0x0000000084300000, 0x0000000084400000|  0%| F|  |TAMS 0x0000000084300000| PB 0x0000000084300000| Untracked |  0
|    6|0x0000000084400000, 0x0000000084400000, 0x0000000084500000|  0%| F|  |TAMS 0x0000000084400000| PB 0x0000000084400000| Untracked |  0
|    7|0x0000000084500000, 0x0000000084600000, 0x0000000084600000|100%| S|CS|TAMS 0x0000000084500000| PB 0x0000000084500000| Complete  |  0
|    8|0x0000000084600000, 0x0000000084600000, 0x0000000084700000|  0%| F|  |TAMS 0x0000000084600000| PB 0x0000000084600000| Untracked |  0
|    9|0x0000000084700000, 0x0000000084700000, 0x0000000084800000|  0%| F|  |TAMS 0x0000000084700000| PB 0x0000000084700000| Untracked |  0
|   10|0x0000000084800000, 0x0000000084800000, 0x0000000084900000|  0%| F|  |TAMS 0x0000000084800000| PB 0x0000000084800000| Untracked |  0
| 1984|0x00000000ffe00000, 0x00000000fff00000, 0x00000000fff00000|100%| O|  |TAMS 0x00000000ffe00000| PB 0x00000000ffe00000| Untracked |  0
| 1985|0x00000000fff00000, 0x00000000fff935c0, 0x0000000100000000| 57%| E|CS|TAMS 0x00000000fff00000| PB 0x00000000fff00000| Complete  |  0

Card table byte_map: [0x00000210723e0000,0x00000210727d0000] _byte_map_base: 0x0000021071fc1000
Refinement table byte_map: [0x0000021071ff0000,0x00000210723e0000] _byte_map_base: 0x0000021071bd1000

Marking Bits: (CMBitMap*) 0x0000021068c5ac00
 Bits: [0x00000210727d0000, 0x00000210746d8000)

Polling page: 0x0000021066a30000

Metaspace:
Metaspace        used 6636K, committed 6848K, reserved 1114112K
 class space     used 672K, committed 768K, reserved 1048576K

Usage:
  Non-class:      5.82 MB used.
      Class:    672.30 KB used.
       Both:      6.48 MB used.

Virtual space:
  Non-class space:       64.00 MB reserved,       5.94 MB (  9%) committed,  1 nodes.
      Class space:        1.00 GB reserved,     768.00 KB ( <1%) committed,  1 nodes.
             Both:        1.06 GB reserved,       6.69 MB ( <1%) committed. 

Chunk freelists:
   Non-Class:  9.89 MB
       Class:  15.20 MB
        Both:  25.09 MB

MaxMetaspaceSize: unlimited
CompressedClassSpaceSize: 1.00 GB
Initial GC threshold: 21.00 MB
Current GC threshold: 21.00 MB
CDS: on
 - commit_granule_bytes: 65536.
 - commit_granule_words: 8192.
 - virtual_space_node_default_size: 8388608.
 - enlarge_chunks_in_place: 1.
UseCompressedClassPointers 1, UseCompactObjectHeaders 0
Narrow klass pointer bits 32, Max shift 3
Narrow klass base: 0x0000000021000000, Narrow klass shift: 0
Encoding Range: [0x0000000021000000 - 0x0000000121000000), (4294967296 bytes)
Klass Range:    [0x0000000021000000 - 0x0000000062000000), (1090519040 bytes)
Klass ID Range:  [8 - 1090519033) (1090519025)
Protection zone: [0x0000000021000000 - 0x0000000021010000), (65536 bytes)


Internal statistics:

num_allocs_failed_limit: 0.
num_arena_births: 102.
num_arena_deaths: 0.
num_vsnodes_births: 2.
num_vsnodes_deaths: 0.
num_space_committed: 107.
num_space_uncommitted: 0.
num_chunks_returned_to_freelist: 0.
num_chunks_taken_from_freelist: 189.
num_chunk_merges: 0.
num_chunk_splits: 118.
num_chunks_enlarged: 73.
num_inconsistent_stats: 0.

CodeHeap 'non-profiled nmethods': size=120064Kb used=370Kb max_used=370Kb free=119693Kb
 bounds [0x0000021007ae0000, 0x0000021007d50000, 0x000002100f020000]
CodeHeap 'profiled nmethods': size=120064Kb used=1556Kb max_used=1556Kb free=118507Kb
 bounds [0x0000021000000000, 0x0000021000270000, 0x0000021007540000]
CodeHeap 'non-nmethods': size=5760Kb used=1556Kb max_used=1577Kb free=4203Kb
 bounds [0x0000021007540000, 0x00000210077b0000, 0x0000021007ae0000]
CodeCache: size=245888Kb, used=3482Kb, max_used=3503Kb, free=242403Kb
 total_blobs=1832, nmethods=1281, adapters=456, full_count=0
Compilation: enabled, stopped_count=0, restarted_count=0

Compilation events (20 events):
Event: 3193.050 Thread 0x00000210770b0210 1268   !   4       sun.nio.ch.WEPollSelectorImpl::processUpdateQueue (203 bytes)
Event: 3193.053 Thread 0x00000210770b0210 nmethod 1268 0x0000021007b39688 code [0x0000021007b39780, 0x0000021007b39b50]
Event: 3193.053 Thread 0x00000210770b0210 1267   !   4       sun.nio.ch.WEPollSelectorImpl::doSelect (132 bytes)
Event: 3193.067 Thread 0x00000210770b0210 nmethod 1267 0x0000021007b39b88 code [0x0000021007b39c80, 0x0000021007b3ae38]
Event: 3427.215 Thread 0x00000210770b0210 1270       4       java.util.ArrayList::iterator (9 bytes)
Event: 3427.220 Thread 0x00000210770b0210 nmethod 1270 0x0000021007b3b188 code [0x0000021007b3b280, 0x0000021007b3b360]
Event: 3841.229 Thread 0x00000210770b80c0 1271       3       sun.net.httpserver.ServerImpl$IdleTimeoutTask::run (29 bytes)
Event: 3841.236 Thread 0x00000210770b80c0 nmethod 1271 0x0000021000181a08 code [0x0000021000181b00, 0x0000021000181c98]
Event: 4398.015 Thread 0x00000210770b80c0 1272       3       java.lang.invoke.MethodHandles$Lookup::isArrayClone (50 bytes)
Event: 4398.193 Thread 0x00000210770b80c0 nmethod 1272 0x0000021000181d08 code [0x0000021000181e00, 0x0000021000182798]
Event: 4401.056 Thread 0x00000210770b80c0 1274       3       java.lang.invoke.LambdaForm$MH/0x0000000022044800::invoke (25 bytes)
Event: 4401.104 Thread 0x00000210770b80c0 nmethod 1274 0x0000021000182808 code [0x0000021000182900, 0x0000021000182e38]
Event: 4402.424 Thread 0x00000210770b80c0 1275       1       java.lang.invoke.InfoFromMemberName::getReferenceKind (5 bytes)
Event: 4402.429 Thread 0x00000210770b80c0 nmethod 1275 0x0000021007b3b488 code [0x0000021007b3b580, 0x0000021007b3b638]
Event: 4402.429 Thread 0x00000210770b80c0 1276       3       jdk.internal.classfile.impl.SplitConstantPool::methodRefEntry (72 bytes)
Event: 4403.518 Thread 0x00000210770b80c0 nmethod 1276 0x0000021000182e88 code [0x0000021000182f80, 0x0000021000184570]
Event: 4406.805 Thread 0x00000210770b80c0 1279       3       jdk.internal.classfile.impl.SplitConstantPool::writeTo (95 bytes)
Event: 4406.893 Thread 0x00000210770b80c0 nmethod 1279 0x0000021000184588 code [0x0000021000184680, 0x00000210001852d8]
Event: 4406.936 Thread 0x00000210770b80c0 1281       3       java.lang.invoke.InvokerBytecodeGenerator::emitImplicitConversion (166 bytes)
Event: 4406.947 Thread 0x00000210770b0210 1280       4       java.lang.String::<init> (98 bytes)

GC Heap Usage History (10 events):
Event: 0.181 {heap Before GC invocations=0 (full 0):
 garbage-first heap   total reserved 2033664K, committed 10240K, used 4259K [0x0000000083e00000, 0x0000000100000000)
  region size 1M, 4 eden (4M), 0 survivor (0M), 2 old (2M), 0 humongous (0M), 4 free (4M)
}
Event: 0.183 {heap After GC invocations=1 (full 0):
 garbage-first heap   total reserved 2033664K, committed 10240K, used 2870K [0x0000000083e00000, 0x0000000100000000)
  region size 1M, 0 eden (0M), 1 survivor (1M), 3 old (3M), 0 humongous (0M), 6 free (6M)
}
Event: 0.291 {heap Before GC invocations=1 (full 0):
 garbage-first heap   total reserved 2033664K, committed 10240K, used 4918K [0x0000000083e00000, 0x0000000100000000)
  region size 1M, 2 eden (2M), 1 survivor (1M), 3 old (3M), 0 humongous (0M), 4 free (4M)
}
Event: 0.293 {heap After GC invocations=2 (full 0):
 garbage-first heap   total reserved 2033664K, committed 10240K, used 3434K [0x0000000083e00000, 0x0000000100000000)
  region size 1M, 0 eden (0M), 1 survivor (1M), 4 old (4M), 0 humongous (0M), 5 free (5M)
}
Event: 0.405 {heap Before GC invocations=2 (full 0):
 garbage-first heap   total reserved 2033664K, committed 10240K, used 5482K [0x0000000083e00000, 0x0000000100000000)
  region size 1M, 2 eden (2M), 1 survivor (1M), 4 old (4M), 0 humongous (0M), 3 free (3M)
}
Event: 0.407 {heap After GC invocations=3 (full 0):
 garbage-first heap   total reserved 2033664K, committed 10240K, used 4004K [0x0000000083e00000, 0x0000000100000000)
  region size 1M, 0 eden (0M), 1 survivor (1M), 4 old (4M), 0 humongous (0M), 5 free (5M)
}
Event: 0.768 {heap Before GC invocations=4 (full 0):
 garbage-first heap   total reserved 2033664K, committed 10240K, used 6052K [0x0000000083e00000, 0x0000000100000000)
  region size 1M, 2 eden (2M), 1 survivor (1M), 4 old (4M), 0 humongous (0M), 3 free (3M)
}
Event: 0.771 {heap After GC invocations=5 (full 0):
 garbage-first heap   total reserved 2033664K, committed 13312K, used 4625K [0x0000000083e00000, 0x0000000100000000)
  region size 1M, 0 eden (0M), 1 survivor (1M), 5 old (5M), 0 humongous (0M), 7 free (7M)
}
Event: 849.319 {heap Before GC invocations=5 (full 0):
 garbage-first heap   total reserved 2033664K, committed 13312K, used 7697K [0x0000000083e00000, 0x0000000100000000)
  region size 1M, 3 eden (3M), 1 survivor (1M), 5 old (5M), 0 humongous (0M), 4 free (4M)
}
Event: 849.344 {heap After GC invocations=6 (full 0):
 garbage-first heap   total reserved 2033664K, committed 13312K, used 5279K [0x0000000083e00000, 0x0000000100000000)
  region size 1M, 0 eden (0M), 1 survivor (1M), 5 old (5M), 0 humongous (0M), 7 free (7M)
}

Metaspace Usage History (10 events):
Event: 0.181 {metaspace Before GC invocations=0 (full 0):
 Metaspace       used 1408K, committed 1536K, reserved 1114112K
  class space    used 127K, committed 192K, reserved 1048576K
}
Event: 0.183 {metaspace After GC invocations=1 (full 0):
 Metaspace       used 1408K, committed 1536K, reserved 1114112K
  class space    used 127K, committed 192K, reserved 1048576K
}
Event: 0.291 {metaspace Before GC invocations=1 (full 0):
 Metaspace       used 2788K, committed 2944K, reserved 1114112K
  class space    used 289K, committed 384K, reserved 1048576K
}
Event: 0.293 {metaspace After GC invocations=2 (full 0):
 Metaspace       used 2788K, committed 2944K, reserved 1114112K
  class space    used 289K, committed 384K, reserved 1048576K
}
Event: 0.405 {metaspace Before GC invocations=2 (full 0):
 Metaspace       used 4915K, committed 5184K, reserved 1114112K
  class space    used 513K, committed 640K, reserved 1048576K
}
Event: 0.407 {metaspace After GC invocations=3 (full 0):
 Metaspace       used 4915K, committed 5184K, reserved 1114112K
  class space    used 513K, committed 640K, reserved 1048576K
}
Event: 0.768 {metaspace Before GC invocations=4 (full 0):
 Metaspace       used 5716K, committed 5952K, reserved 1114112K
  class space    used 599K, committed 704K, reserved 1048576K
}
Event: 0.771 {metaspace After GC invocations=5 (full 0):
 Metaspace       used 5716K, committed 5952K, reserved 1114112K
  class space    used 599K, committed 704K, reserved 1048576K
}
Event: 849.319 {metaspace Before GC invocations=5 (full 0):
 Metaspace       used 6250K, committed 6464K, reserved 1114112K
  class space    used 635K, committed 704K, reserved 1048576K
}
Event: 849.344 {metaspace After GC invocations=6 (full 0):
 Metaspace       used 6250K, committed 6464K, reserved 1114112K
  class space    used 635K, committed 704K, reserved 1048576K
}

Dll operation events (16 events):
Event: 0.010 Attempting to load shared library C:\Program Files\Java\jdk-26.0.2\bin\java.dll
Event: 0.012 Loaded shared library C:\Program Files\Java\jdk-26.0.2\bin\java.dll
Event: 0.054 Attempting to load shared library C:\Program Files\Java\jdk-26.0.2\bin\net.dll
Event: 0.054 Loaded shared library C:\Program Files\Java\jdk-26.0.2\bin\net.dll
Event: 0.056 Attempting to load shared library C:\Program Files\Java\jdk-26.0.2\bin\nio.dll
Event: 0.056 Loaded shared library C:\Program Files\Java\jdk-26.0.2\bin\nio.dll
Event: 0.058 Attempting to load shared library C:\Program Files\Java\jdk-26.0.2\bin\zip.dll
Event: 0.059 Loaded shared library C:\Program Files\Java\jdk-26.0.2\bin\zip.dll
Event: 0.119 Attempting to load shared library C:\Program Files\Java\jdk-26.0.2\bin\jimage.dll
Event: 0.119 Loaded shared library C:\Program Files\Java\jdk-26.0.2\bin\jimage.dll
Event: 0.273 Attempting to load shared library C:\Program Files\Java\jdk-26.0.2\bin\extnet.dll
Event: 0.274 Loaded shared library C:\Program Files\Java\jdk-26.0.2\bin\extnet.dll
Event: 0.315 Attempting to load shared library C:\Program Files\Java\jdk-26.0.2\bin\sunmscapi.dll
Event: 0.318 Loaded shared library C:\Program Files\Java\jdk-26.0.2\bin\sunmscapi.dll
Event: 0.359 Attempting to load shared library C:\Program Files\Java\jdk-26.0.2\bin\awt.dll
Event: 0.362 Loaded shared library C:\Program Files\Java\jdk-26.0.2\bin\awt.dll

Deoptimization events (14 events):
Event: 0.122 Thread 0x00000210668e02e0 DEOPT PACKING pc=0x000002100001d5c5 sp=0x0000001bbf8fe4e0
Event: 0.122 Thread 0x00000210668e02e0 DEOPT UNPACKING pc=0x00000210075915a2 sp=0x0000001bbf8fd928 mode 0
Event: 0.166 Thread 0x00000210668e02e0 Uncommon trap: trap_request=0xffffff45 fr.pc=0x0000021007ae7378 relative=0x0000000000000078
Event: 0.166 Thread 0x00000210668e02e0 Uncommon trap: reason=unstable_if action=reinterpret pc=0x0000021007ae7378 method=jdk.internal.misc.Unsafe.convEndian(ZS)S @ 4 c2
Event: 0.166 Thread 0x00000210668e02e0 DEOPT PACKING pc=0x0000021007ae7378 sp=0x0000001bbf8fecf0
Event: 0.166 Thread 0x00000210668e02e0 DEOPT UNPACKING pc=0x0000021007674402 sp=0x0000001bbf8fec20 mode 2
Event: 0.190 Thread 0x00000210668e02e0 Uncommon trap: trap_request=0xffffff45 fr.pc=0x0000021007ae6d74 relative=0x0000000000000074
Event: 0.190 Thread 0x00000210668e02e0 Uncommon trap: reason=unstable_if action=reinterpret pc=0x0000021007ae6d74 method=jdk.internal.misc.Unsafe.convEndian(ZI)I @ 4 c2
Event: 0.190 Thread 0x00000210668e02e0 DEOPT PACKING pc=0x0000021007ae6d74 sp=0x0000001bbf8fe650
Event: 0.190 Thread 0x00000210668e02e0 DEOPT UNPACKING pc=0x0000021007674402 sp=0x0000001bbf8fe580 mode 2
Event: 0.773 Thread 0x0000021077d48200 Uncommon trap: trap_request=0xffffff45 fr.pc=0x0000021007b24bac relative=0x000000000000012c
Event: 0.773 Thread 0x0000021077d48200 Uncommon trap: reason=unstable_if action=reinterpret pc=0x0000021007b24bac method=java.util.regex.Pattern$BmpCharPropertyGreedy.match(Ljava/util/regex/Matcher;ILjava/lang/CharSequence;)Z @ 12 c2
Event: 0.773 Thread 0x0000021077d48200 DEOPT PACKING pc=0x0000021007b24bac sp=0x0000001bc0efda60
Event: 0.773 Thread 0x0000021077d48200 DEOPT UNPACKING pc=0x0000021007674402 sp=0x0000001bc0efd9f8 mode 2

Classes loaded (20 events):
Event: 4404.649 Loading class jdk/internal/foreign/ImplicitSession done
Event: 4404.651 Loading class jdk/internal/foreign/SegmentFactories
Event: 4404.654 Loading class jdk/internal/foreign/SegmentFactories done
Event: 4404.659 Loading class java/lang/foreign/MemorySegment
Event: 4404.670 Loading class java/lang/foreign/MemorySegment done
Event: 4404.695 Loading class jdk/internal/foreign/NativeMemorySegmentImpl
Event: 4404.710 Loading class jdk/internal/foreign/AbstractMemorySegmentImpl
Event: 4406.672 Loading class jdk/internal/foreign/AbstractMemorySegmentImpl done
Event: 4406.673 Loading class jdk/internal/foreign/NativeMemorySegmentImpl done
Event: 4406.682 Loading class jdk/internal/foreign/Utils
Event: 4406.687 Loading class jdk/internal/foreign/Utils done
Event: 4406.689 Loading class jdk/internal/foreign/abi/SharedUtils
Event: 4406.695 Loading class jdk/internal/foreign/abi/SharedUtils done
Event: 4406.959 Loading class java/lang/foreign/AddressLayout
Event: 4406.959 Loading class java/lang/foreign/ValueLayout
Event: 4406.960 Loading class java/lang/foreign/MemoryLayout
Event: 4406.960 Loading class java/lang/foreign/MemoryLayout done
Event: 4406.960 Loading class java/lang/foreign/ValueLayout done
Event: 4406.960 Loading class java/lang/foreign/AddressLayout done
Event: 4407.104 Loading class jdk/internal/foreign/SegmentFactories$1

Classes unloaded (0 events):
No events

Classes redefined (0 events):
No events

Internal exceptions (20 events):
Event: 0.342 Thread 0x00000210668e02e0 Exception <a 'java/lang/NoSuchMethodError'{0x000000008444e0f8}: 'java.lang.Object java.lang.invoke.DirectMethodHandle$Holder.invokeStaticInit(java.lang.Object, java.lang.Object, int, int, int, int)'> (0x000000008444e0f8) 
thrown [s\open\src\hotspot\share\interpreter\linkResolver.cpp, line 804]
Event: 0.354 Thread 0x00000210668e02e0 Exception <a 'java/lang/NoSuchMethodError'{0x0000000084478da0}: 'void java.lang.invoke.DirectMethodHandle$Holder.invokeStatic(java.lang.Object, java.lang.Object, java.lang.Object)'> (0x0000000084478da0) 
thrown [s\open\src\hotspot\share\interpreter\linkResolver.cpp, line 804]
Event: 0.358 Thread 0x00000210668e02e0 Exception <a 'java/lang/ClassNotFoundException'{0x000000008448f920}: sun/awt/resources/spi/awtProvider> (0x000000008448f920) 
thrown [s\open\src\hotspot\share\classfile\systemDictionary.cpp, line 330]
Event: 0.363 Thread 0x00000210668e02e0 Exception <a 'java/io/FileNotFoundException'{0x00000000844a7b90}> (0x00000000844a7b90) 
thrown [s\open\src\hotspot\share\prims\jni.cpp, line 514]
Event: 0.364 Thread 0x00000210668e02e0 Exception <a 'java/io/FileNotFoundException'{0x00000000844ba570}> (0x00000000844ba570) 
thrown [s\open\src\hotspot\share\prims\jni.cpp, line 514]
Event: 0.438 Thread 0x00000210668e02e0 Exception <a 'java/lang/NoSuchMethodError'{0x000000008450e060}: 'void java.lang.invoke.DirectMethodHandle$Holder.invokeStatic(java.lang.Object, long)'> (0x000000008450e060) 
thrown [s\open\src\hotspot\share\interpreter\linkResolver.cpp, line 804]
Event: 0.439 Thread 0x00000210668e02e0 Exception <a 'java/lang/NoSuchMethodError'{0x000000008451cd98}: 'java.lang.Object java.lang.invoke.DirectMethodHandle$Holder.newInvokeSpecial(java.lang.Object, long)'> (0x000000008451cd98) 
thrown [s\open\src\hotspot\share\interpreter\linkResolver.cpp, line 804]
Event: 0.446 Thread 0x00000210668e02e0 Exception <a 'java/lang/NoSuchMethodError'{0x0000000084526ac8}: 'java.lang.Object java.lang.invoke.DirectMethodHandle$Holder.invokeStatic(java.lang.Object, long, java.lang.Object)'> (0x0000000084526ac8) 
thrown [s\open\src\hotspot\share\interpreter\linkResolver.cpp, line 804]
Event: 0.446 Thread 0x00000210668e02e0 Exception <a 'java/lang/NoSuchMethodError'{0x000000008452e968}: 'java.lang.Object java.lang.invoke.DirectMethodHandle$Holder.invokeStaticInit(java.lang.Object, long, java.lang.Object)'> (0x000000008452e968) 
thrown [s\open\src\hotspot\share\interpreter\linkResolver.cpp, line 804]
Event: 0.692 Thread 0x0000021077d48200 Exception <a 'java/lang/NoSuchMethodError'{0x0000000084588918}: 'java.lang.Object java.lang.invoke.DirectMethodHandle$Holder.invokeInterface(java.lang.Object, java.lang.Object)'> (0x0000000084588918) 
thrown [s\open\src\hotspot\share\interpreter\linkResolver.cpp, line 804]
Event: 0.698 Thread 0x0000021077d48200 Exception <a 'java/lang/NoSuchMethodError'{0x00000000845c55f0}: 'java.lang.Object java.lang.invoke.DirectMethodHandle$Holder.invokeSpecialIFC(java.lang.Object, java.lang.Object, java.lang.Object, java.lang.Object)'> (0x00000000845c55f0) 
thrown [s\open\src\hotspot\share\interpreter\linkResolver.cpp, line 804]
Event: 0.700 Thread 0x0000021077d48200 Exception <a 'java/lang/NoSuchMethodError'{0x00000000845d6630}: 'java.lang.Object java.lang.invoke.DirectMethodHandle$Holder.invokeVirtual(java.lang.Object, java.lang.Object, java.lang.Object, java.lang.Object)'> (0x00000000845d6630) 
thrown [s\open\src\hotspot\share\interpreter\linkResolver.cpp, line 804]
Event: 0.702 Thread 0x0000021077d48200 Exception <a 'java/lang/NoSuchMethodError'{0x00000000845e70f0}: 'void java.lang.invoke.DirectMethodHandle$Holder.invokeStatic(java.lang.Object, java.lang.Object, java.lang.Object, java.lang.Object)'> (0x00000000845e70f0) 
thrown [s\open\src\hotspot\share\interpreter\linkResolver.cpp, line 804]
Event: 0.818 Thread 0x0000021077d48200 Exception <a 'java/lang/NoSuchMethodError'{0x000000008474b990}: 'java.lang.Object java.lang.invoke.DirectMethodHandle$Holder.newInvokeSpecial(java.lang.Object, java.lang.Object, java.lang.Object, int)'> (0x000000008474b990) 
thrown [s\open\src\hotspot\share\interpreter\linkResolver.cpp, line 804]
Event: 0.821 Thread 0x0000021077d48200 Exception <a 'java/lang/NoSuchMethodError'{0x0000000084754808}: 'java.lang.Object java.lang.invoke.Invokers$Holder.linkToTargetMethod(java.lang.Object, java.lang.Object, int, java.lang.Object)'> (0x0000000084754808) 
thrown [s\open\src\hotspot\share\interpreter\linkResolver.cpp, line 804]
Event: 0.829 Thread 0x0000021077d48200 Exception <a 'java/lang/IncompatibleClassChangeError'{0x000000008479eca0}: Found class java.lang.Object, but interface was expected> (0x000000008479eca0) 
thrown [s\open\src\hotspot\share\interpreter\linkResolver.cpp, line 871]
Event: 4406.733 Thread 0x000002107746c100 Exception <a 'java/lang/NoSuchMethodError'{0x00000000fff71008}: 'long java.lang.invoke.DirectMethodHandle$Holder.invokeStatic(java.lang.Object, java.lang.Object)'> (0x00000000fff71008) 
thrown [s\open\src\hotspot\share\interpreter\linkResolver.cpp, line 804]
Event: 4406.808 Thread 0x000002107746c100 Exception <a 'java/lang/NoSuchMethodError'{0x00000000fff794f8}: 'long java.lang.invoke.DirectMethodHandle$Holder.invokeStaticInit(java.lang.Object, java.lang.Object)'> (0x00000000fff794f8) 
thrown [s\open\src\hotspot\share\interpreter\linkResolver.cpp, line 804]
Event: 4407.021 Thread 0x000002107746c100 Exception <a 'java/lang/NoSuchMethodError'{0x00000000fff82038}: 'java.lang.Object java.lang.invoke.DirectMethodHandle$Holder.invokeStatic(java.lang.Object, long)'> (0x00000000fff82038) 
thrown [s\open\src\hotspot\share\interpreter\linkResolver.cpp, line 804]
Event: 4407.044 Thread 0x000002107746c100 Exception <a 'java/lang/NoSuchMethodError'{0x00000000fff8a520}: 'java.lang.Object java.lang.invoke.DirectMethodHandle$Holder.invokeStaticInit(java.lang.Object, long)'> (0x00000000fff8a520) 
thrown [s\open\src\hotspot\share\interpreter\linkResolver.cpp, line 804]

VM Operations (20 events):
Event: 2525.487 Executing non-safepoint VM operation: RendezvousGCThreads
Event: 2525.487 Executing non-safepoint VM operation: RendezvousGCThreads done
Event: 3367.762 Executing non-safepoint VM operation: HandshakeAllThreads (DeflationHandshakeClosure)
Event: 3367.763 Executing non-safepoint VM operation: HandshakeAllThreads (DeflationHandshakeClosure) done
Event: 3367.763 Executing non-safepoint VM operation: RendezvousGCThreads
Event: 3367.763 Executing non-safepoint VM operation: RendezvousGCThreads done
Event: 3487.927 Executing non-safepoint VM operation: HandshakeAllThreads (DeflationHandshakeClosure)
Event: 3487.927 Executing non-safepoint VM operation: HandshakeAllThreads (DeflationHandshakeClosure) done
Event: 3487.927 Executing non-safepoint VM operation: RendezvousGCThreads
Event: 3487.928 Executing non-safepoint VM operation: RendezvousGCThreads done
Event: 3788.787 Executing non-safepoint VM operation: HandshakeAllThreads (DeflationHandshakeClosure)
Event: 3788.788 Executing non-safepoint VM operation: HandshakeAllThreads (DeflationHandshakeClosure) done
Event: 3788.788 Executing non-safepoint VM operation: RendezvousGCThreads
Event: 3788.788 Executing non-safepoint VM operation: RendezvousGCThreads done
Event: 4149.369 Executing non-safepoint VM operation: HandshakeAllThreads (DeflationHandshakeClosure)
Event: 4149.370 Executing non-safepoint VM operation: HandshakeAllThreads (DeflationHandshakeClosure) done
Event: 4149.370 Executing non-safepoint VM operation: RendezvousGCThreads
Event: 4149.370 Executing non-safepoint VM operation: RendezvousGCThreads done
Event: 4404.636 Executing non-safepoint VM operation: HandshakeAllThreads (Deoptimize)
Event: 4404.642 Executing non-safepoint VM operation: HandshakeAllThreads (Deoptimize) done

Memory protections (0 events):
No events

Nmethod flushes (0 events):
No events

Events (20 events):
Event: 2481.984 Thread 0x0000021077d2c6d0 Thread added: 0x00000210773ae370
Event: 2483.148 Thread 0x00000210773ae370 Thread exited: 0x00000210773ae370
Event: 2484.613 Thread 0x0000021077d2c6d0 Thread added: 0x00000210773ae370
Event: 2485.628 Thread 0x00000210773ae370 Thread exited: 0x00000210773ae370
Event: 3328.837 Thread 0x0000021077d2c6d0 Thread added: 0x00000210773ae370
Event: 3330.458 Thread 0x00000210773ae370 Thread exited: 0x00000210773ae370
Event: 3330.509 Thread 0x0000021077d2c6d0 Thread added: 0x00000210773ae370
Event: 3331.632 Thread 0x00000210773ae370 Thread exited: 0x00000210773ae370
Event: 3439.197 Thread 0x0000021077d2c6d0 Thread added: 0x00000210777a7490
Event: 3440.243 Thread 0x00000210777a7490 Thread exited: 0x00000210777a7490
Event: 3748.148 Thread 0x0000021077d2c6d0 Thread added: 0x00000210773ae370
Event: 3749.208 Thread 0x00000210773ae370 Thread exited: 0x00000210773ae370
Event: 3756.817 Thread 0x0000021077d2c6d0 Thread added: 0x00000210773ae370
Event: 3758.071 Thread 0x00000210773ae370 Thread exited: 0x00000210773ae370
Event: 4119.789 Thread 0x0000021077d2c6d0 Thread added: 0x00000210773ae370
Event: 4120.873 Thread 0x00000210773ae370 Thread exited: 0x00000210773ae370
Event: 4393.874 Thread 0x0000021077d2c6d0 Thread added: 0x00000210773ae370
Event: 4396.402 Thread 0x00000210773ae370 Thread exited: 0x00000210773ae370
Event: 4397.090 Thread 0x0000021077d2c6d0 Thread added: 0x00000210773ae370
Event: 4401.122 Thread 0x0000021077d2c6d0 Thread added: 0x000002107746c100


Dynamic libraries:
0x00007ff615060000 - 0x00007ff615070000 	C:\Program Files\Java\jdk-26.0.2\bin\java.exe
0x00007ff843220000 - 0x00007ff843486000 	C:\WINDOWS\SYSTEM32\ntdll.dll
0x00007ff841860000 - 0x00007ff841929000 	C:\WINDOWS\System32\KERNEL32.DLL
0x00007ff840800000 - 0x00007ff840bff000 	C:\WINDOWS\System32\KERNELBASE.dll
0x00007ff840cc0000 - 0x00007ff840e0c000 	C:\WINDOWS\System32\ucrtbase.dll
0x00007ffffe880000 - 0x00007ffffe89e000 	C:\Program Files\Java\jdk-26.0.2\bin\VCRUNTIME140.dll
0x00007ffffe860000 - 0x00007ffffe877000 	C:\Program Files\Java\jdk-26.0.2\bin\jli.dll
0x00007ff842b00000 - 0x00007ff842cc6000 	C:\WINDOWS\System32\USER32.dll
0x00007ff8407d0000 - 0x00007ff8407f7000 	C:\WINDOWS\System32\win32u.dll
0x00007ff8233e0000 - 0x00007ff823671000 	C:\WINDOWS\WinSxS\amd64_microsoft.windows.common-controls_6595b64144ccf1df_6.0.26100.8972_none_3e0da176e32f9d4b\COMCTL32.dll
0x00007ff8429b0000 - 0x00007ff8429db000 	C:\WINDOWS\System32\GDI32.dll
0x00007ff8415b0000 - 0x00007ff841659000 	C:\WINDOWS\System32\msvcrt.dll
0x00007ff840e20000 - 0x00007ff840f49000 	C:\WINDOWS\System32\gdi32full.dll
0x00007ff840c10000 - 0x00007ff840cb3000 	C:\WINDOWS\System32\msvcp_win.dll
0x00007ff842a90000 - 0x00007ff842ac2000 	C:\WINDOWS\System32\IMM32.DLL
0x00007ff81ab80000 - 0x00007ff81ab8c000 	C:\Program Files\Java\jdk-26.0.2\bin\vcruntime140_1.dll
0x00007fffd58a0000 - 0x00007fffd592d000 	C:\Program Files\Java\jdk-26.0.2\bin\msvcp140.dll
0x00007fffbc930000 - 0x00007fffbd801000 	C:\Program Files\Java\jdk-26.0.2\bin\server\jvm.dll
0x00007ff8413e0000 - 0x00007ff84149c000 	C:\WINDOWS\System32\ADVAPI32.dll
0x00007ff8429e0000 - 0x00007ff842a8a000 	C:\WINDOWS\System32\sechost.dll
0x00007ff841660000 - 0x00007ff841778000 	C:\WINDOWS\System32\RPCRT4.dll
0x00007ff842920000 - 0x00007ff8429a2000 	C:\WINDOWS\System32\WS2_32.dll
0x00007ff8402b0000 - 0x00007ff84030e000 	C:\WINDOWS\SYSTEM32\POWRPROF.dll
0x00007ff82ca10000 - 0x00007ff82ca1b000 	C:\WINDOWS\SYSTEM32\VERSION.dll
0x00007ff834cc0000 - 0x00007ff834cf6000 	C:\WINDOWS\SYSTEM32\WINMM.dll
0x00007ff840290000 - 0x00007ff8402a5000 	C:\WINDOWS\SYSTEM32\UMPDC.dll
0x00007ff83f120000 - 0x00007ff83f13b000 	C:\WINDOWS\SYSTEM32\kernel.appcore.dll
0x00007ff80d1c0000 - 0x00007ff80d1ca000 	C:\Program Files\Java\jdk-26.0.2\bin\jimage.dll
0x00007ff83dac0000 - 0x00007ff83dd02000 	C:\WINDOWS\SYSTEM32\DBGHELP.DLL
0x00007ff841df0000 - 0x00007ff842175000 	C:\WINDOWS\System32\combase.dll
0x00007ff841780000 - 0x00007ff841859000 	C:\WINDOWS\System32\OLEAUT32.dll
0x00007ff81bb20000 - 0x00007ff81bb5b000 	C:\WINDOWS\SYSTEM32\dbgcore.DLL
0x00007ff840650000 - 0x00007ff8406fc000 	C:\WINDOWS\System32\bcryptPrimitives.dll
0x00007ffffe840000 - 0x00007ffffe85f000 	C:\Program Files\Java\jdk-26.0.2\bin\java.dll
0x00007ff841070000 - 0x00007ff841209000 	C:\WINDOWS\System32\ole32.dll
0x00007ff842190000 - 0x00007ff842918000 	C:\WINDOWS\System32\SHELL32.dll
0x00007ff83dea0000 - 0x00007ff83e73b000 	C:\WINDOWS\SYSTEM32\windows.storage.dll
0x00007ff841b80000 - 0x00007ff841c79000 	C:\WINDOWS\System32\SHCORE.dll
0x00007ff841b10000 - 0x00007ff841b76000 	C:\WINDOWS\System32\shlwapi.dll
0x00007ff840350000 - 0x00007ff840379000 	C:\WINDOWS\SYSTEM32\profapi.dll
0x00007ffff6ab0000 - 0x00007ffff6ac2000 	C:\Program Files\Java\jdk-26.0.2\bin\net.dll
0x00007ff83f6d0000 - 0x00007ff83f73c000 	C:\WINDOWS\system32\mswsock.dll
0x00007ffff6a10000 - 0x00007ffff6a26000 	C:\Program Files\Java\jdk-26.0.2\bin\nio.dll
0x00007fffe1920000 - 0x00007fffe1936000 	C:\Program Files\Java\jdk-26.0.2\bin\zip.dll
0x00007ff83ead0000 - 0x00007ff83ec28000 	C:\WINDOWS\SYSTEM32\DNSAPI.dll
0x00007ff83f4d0000 - 0x00007ff83f4dd000 	C:\WINDOWS\SYSTEM32\DSPARSE.dll
0x00007ff83ea90000 - 0x00007ff83eac3000 	C:\WINDOWS\SYSTEM32\IPHLPAPI.DLL
0x00007ff840f50000 - 0x00007ff840f5a000 	C:\WINDOWS\System32\NSI.dll
0x00007ff834c60000 - 0x00007ff834c6b000 	C:\Windows\System32\rasadhlp.dll
0x00007ff8396b0000 - 0x00007ff839736000 	C:\WINDOWS\System32\fwpuclnt.dll
0x00007ff8214a0000 - 0x00007ff8214a9000 	C:\Program Files\Java\jdk-26.0.2\bin\extnet.dll
0x00007ff821490000 - 0x00007ff82149e000 	C:\Program Files\Java\jdk-26.0.2\bin\sunmscapi.dll
0x00007ff8404c0000 - 0x00007ff84063e000 	C:\WINDOWS\System32\CRYPT32.dll
0x00007ff83fc00000 - 0x00007ff83fc30000 	C:\WINDOWS\SYSTEM32\ncrypt.dll
0x00007ff83fbb0000 - 0x00007ff83fbef000 	C:\WINDOWS\SYSTEM32\NTASN1.dll
0x00007fffd99c0000 - 0x00007fffd99c8000 	C:\WINDOWS\system32\wshunix.dll
0x00007ff83f9c0000 - 0x00007ff83f9db000 	C:\WINDOWS\SYSTEM32\CRYPTSP.dll
0x00007ff83f060000 - 0x00007ff83f099000 	C:\WINDOWS\system32\rsaenh.dll
0x00007ff83f780000 - 0x00007ff83f7b2000 	C:\WINDOWS\SYSTEM32\USERENV.dll
0x00007ff840320000 - 0x00007ff84034a000 	C:\WINDOWS\SYSTEM32\bcrypt.dll
0x00007ff83f9e0000 - 0x00007ff83f9ec000 	C:\WINDOWS\SYSTEM32\CRYPTBASE.dll
0x00007fffca3a0000 - 0x00007fffca524000 	C:\Program Files\Java\jdk-26.0.2\bin\awt.dll
0x00007ff83cad0000 - 0x00007ff83cb6f000 	C:\WINDOWS\SYSTEM32\apphelp.dll
0x00007ff83cf10000 - 0x00007ff83cfb8000 	C:\WINDOWS\system32\uxtheme.dll
0x00007ff841c80000 - 0x00007ff841ddd000 	C:\WINDOWS\System32\MSCTF.dll
0x00007ff83cba0000 - 0x00007ff83cbc9000 	C:\WINDOWS\system32\Wtsapi32.dll
0x00007ff83f3d0000 - 0x00007ff83f419000 	C:\WINDOWS\SYSTEM32\SspiCli.dll
0x00007ff8401e0000 - 0x00007ff840242000 	C:\WINDOWS\SYSTEM32\WINSTA.dll
0x00007ff807140000 - 0x00007ff8071f6000 	C:\WINDOWS\SYSTEM32\TextShaping.dll
0x00007ff83d2f0000 - 0x00007ff83d31f000 	C:\WINDOWS\system32\DWMAPI.DLL
0x00007fffcf790000 - 0x00007fffcf89c000 	C:\WINDOWS\system32\opengl32.dll
0x00007ff80e9b0000 - 0x00007ff80e9dd000 	C:\WINDOWS\SYSTEM32\GLU32.dll
0x00007ff83d120000 - 0x00007ff83d165000 	C:\WINDOWS\SYSTEM32\dxcore.dll

JVMTI agents: none

dbghelp: loaded successfully - version: 4.0.5 - missing functions: none
symbol engine: initialized successfully - sym options: 0x614 - pdb path: .;C:\Program Files\Java\jdk-26.0.2\bin;C:\WINDOWS\SYSTEM32;C:\WINDOWS\WinSxS\amd64_microsoft.windows.common-controls_6595b64144ccf1df_6.0.26100.8972_none_3e0da176e32f9d4b;C:\Program Files\Java\jdk-26.0.2\bin\server

VM Arguments:
java_command: io.qameta.allure.CommandLine open allure-report
java_class_path (initial): G:\allure-2.45.0\lib\allure-commandline-2.45.0.jar;G:\allure-2.45.0\lib\allure-generator-2.45.0.jar;G:\allure-2.45.0\lib\allure-model-2.35.4.jar;G:\allure-2.45.0\lib\allure-plugin-api-2.45.0.jar;G:\allure-2.45.0\lib\allure1-model-1.0.jar;G:\allure-2.45.0\lib\annotations-15.0.jar;G:\allure-2.45.0\lib\commons-beanutils-1.11.0.jar;G:\allure-2.45.0\lib\commons-codec-1.11.jar;G:\allure-2.45.0\lib\commons-collections-3.2.2.jar;G:\allure-2.45.0\lib\commons-collections4-4.5.0.jar;G:\allure-2.45.0\lib\commons-io-2.22.0.jar;G:\allure-2.45.0\lib\commons-lang3-3.20.0.jar;G:\allure-2.45.0\lib\commons-logging-1.3.5.jar;G:\allure-2.45.0\lib\commons-text-1.13.1.jar;G:\allure-2.45.0\lib\flexmark-0.62.2.jar;G:\allure-2.45.0\lib\flexmark-ext-tables-0.62.2.jar;G:\allure-2.45.0\lib\flexmark-util-0.62.2.jar;G:\allure-2.45.0\lib\flexmark-util-ast-0.62.2.jar;G:\allure-2.45.0\lib\flexmark-util-builder-0.62.2.jar;G:\allure-2.45.0\lib\flexmark-util-collection-0.62.2.jar;G:\allure-2.45.0\lib\flexmark-util-data-0.62.2.jar;G:\allure-2.45.0\lib\flexmark-util-dependency-0.62.2.jar;G:\allure-2.45.0\lib\flexmark-util-format-0.62.2.jar;G:\allure-2.45.0\lib\flexmark-util-html-0.62.2.jar;G:\allure-2.45.0\lib\flexmark-util-misc-0.62.2.jar;G:\allure-2.45.0\lib\flexmark-util-options-0.62.2.jar;G:\allure-2.45.0\lib\flexmark-util-sequence-0.62.2.jar;G:\allure-2.45.0\lib\flexmark-util-visitor-0.62.2.jar;G:\allure-2.45.0\lib\freemarker-2.3.34.jar;G:\allure-2.45.0\lib\httpclient-4.5.14.jar;G:\allure-2.45.0\lib\httpcore-4.4.16.jar;G:\allure-2.45.0\lib\jackson-annotations-2.22.jar;G:\allure-2.45.0\lib\jackson-core-2.22.1.jar;G:\allure-2.45.0\lib\jackson-databind-2.22.1.jar;G:\allure-2.45.0\lib\jackson-dataformat-xml-2.22.1.jar;G:\allure-2.45.0\lib\jackson-dataformat-yaml-2.22.1.jar;G:\allure-2.45.0\lib\jackson-module-jaxb-annotations-2.22.1.jar;G:\allure-2.45.0\lib\jakarta.activation-api-1.2.2.jar;G:\allure-2.45.0\lib\javax.activation-api-1.2.0.jar;G:\allure-2.45.0\lib\jaxb-api-2.3.1.jar;G:\allure-2.45.0\lib\jaxb-utils-1.0.jar;G:\allure-2.45.0\lib\jcommander-1.82.jar;G:\allure-2.45.0\lib\jsoup-1.23.1.jar;G:\allure-2.45.0\lib\opencsv-5.12.0.jar;G:\allure-2.45.0\lib\properties-2.0.RC5.jar;G:\allure-2.45.0\lib\slf4j-api-2.0.18.jar;G:\allure-2.45.0\lib\slf4j-jdk14-2.0.18.jar;G:\allure-2.45.0\lib\snakeyaml-2.5.jar;G:\allure-2.45.0\lib\stax2-api-4.3.0.jar;G:\allure-2.45.0\lib\woodstox-core-7.2.0.jar;G:\allure-2.45.0\lib\config
Launcher Type: SUN_STANDARD

[Global flags]
     bool AOTAdapterCaching                        = false                                  {diagnostic} {ergonomic}
     bool AOTInvokeDynamicLinking                  = false                                  {diagnostic} {ergonomic}
     bool AOTRecordTraining                        = false                                  {diagnostic} {ergonomic}
     bool AOTReplayTraining                        = false                                  {diagnostic} {ergonomic}
     bool AOTStubCaching                           = false                                  {diagnostic} {ergonomic}
     intx CICompilerCount                          = 4                                         {product} {ergonomic}
     uint ConcGCThreads                            = 2                                         {product} {ergonomic}
     uint G1ConcRefinementThreads                  = 8                                         {product} {ergonomic}
     uint G1EagerReclaimRemSetThreshold            = 10                                   {experimental} {ergonomic}
   size_t G1HeapRegionSize                         = 1048576                                   {product} {ergonomic}
     uint G1RemSetArrayOfCardsEntries              = 10                                   {experimental} {ergonomic}
     uint G1RemSetHowlMaxNumBuckets                = 8                                    {experimental} {ergonomic}
     uint G1RemSetHowlNumBuckets                   = 4                                    {experimental} {ergonomic}
   size_t InitialHeapSize                          = 8388608                                   {product} {ergonomic}
     bool IntelJccErratumMitigation                = false                             {ARCH diagnostic} {ergonomic}
   size_t MarkStackSize                            = 4194304                                   {product} {ergonomic}
   size_t MarkStackSizeMax                         = 536870912                                 {product} {ergonomic}
   size_t MaxHeapSize                              = 2082471936                                {product} {ergonomic}
   size_t MaxNewSize                               = 1248854016                                {product} {ergonomic}
 uint64_t MaxRAM                                   = 8327782400                                {product} {ergonomic}
   size_t MinHeapDeltaBytes                        = 1048576                                   {product} {ergonomic}
   size_t MinHeapSize                              = 8388608                                   {product} {ergonomic}
   size_t NonNMethodCodeHeapSize                   = 5898240                                {pd product} {ergonomic}
   size_t NonProfiledCodeHeapSize                  = 122945536                              {pd product} {ergonomic}
   size_t ProfiledCodeHeapSize                     = 122945536                              {pd product} {ergonomic}
   size_t ReservedCodeCacheSize                    = 251789312                              {pd product} {ergonomic}
     bool SegmentedCodeCache                       = true                                      {product} {ergonomic}
   size_t SoftMaxHeapSize                          = 2082471936                             {manageable} {ergonomic}
     bool UseCompressedOops                        = true                           {product lp64_product} {ergonomic}
     bool UseCondCardMark                          = true                                      {product} {ergonomic}
     bool UseFastUnorderedTimeStamps               = true                                 {experimental} {ergonomic}
     bool UseG1GC                                  = true                                      {product} {ergonomic}
     bool UseLargePagesIndividualAllocation        = false                                  {pd product} {ergonomic}
      int X86ICacheSync                            = 3                                 {ARCH diagnostic} {ergonomic}

Logging:
Log output configuration:
 #0: stdout all=warning uptime,level,tags foldmultilines=false
 #1: stderr all=off uptime,level,tags foldmultilines=false

Release file:
IMPLEMENTOR="Oracle Corporation" 
JAVA_RUNTIME_VERSION="26.0.2+10-55" 
JAVA_VERSION="26.0.2" 
JAVA_VERSION_DATE="2026-07-21" 
LIBC="default" 
MODULES="java.base java.compiler java.datatransfer java.xml java.prefs java.desktop java.instrument java.logging java.management java.security.sasl java.naming java.rmi java.management.rmi java.net.http java.scripting java.security.jgss java.transaction.xa java.sql java.sql.rowset java.xml.crypto java.se java.smartcardio jdk.accessibility jdk.internal.jvmstat jdk.attach jdk.charsets jdk.internal.opt jdk.zipfs jdk.compiler jdk.crypto.cryptoki jdk.crypto.ec jdk.crypto.mscapi jdk.dynalink jdk.internal.ed jdk.editpad jdk.internal.vm.ci jdk.graal.compiler jdk.graal.compiler.management jdk.hotspot.agent jdk.httpserver jdk.incubator.vector jdk.internal.le jdk.internal.md jdk.jartool jdk.javadoc jdk.jcmd jdk.management jdk.management.agent jdk.jconsole jdk.jdeps jdk.jdwp.agent jdk.jdi jdk.jfr jdk.jlink jdk.jpackage jdk.jshell jdk.jstatd jdk.localedata jdk.management.jfr jdk.naming.dns jdk.naming.rmi jdk.net jdk.nio.mapmode jdk.sctp jdk.security.auth jdk.security.jgss jdk.unsupported jdk.unsupported.desktop jdk.xml.dom" 
OS_ARCH="x86_64" 
OS_NAME="Windows" 
SOURCE=".:git:28b9aeff05f1 open:git:fa67dfdcec4b" 

Environment Variables:
JAVA_HOME=C:\Program Files\Java\jdk-26.0.2
PATH=C:\Program Files\Common Files\Oracle\Java\javapath;C:\Python314\Scripts\;C:\Python314\;C:\WINDOWS\system32;C:\WINDOWS;C:\WINDOWS\System32\Wbem;C:\WINDOWS\System32\WindowsPowerShell\v1.0\;C:\WINDOWS\System32\OpenSSH\;C:\ProgramData\chocolatey\bin;C:\Users\vveer\AppData\Local\Android\Sdk\platform-tools;C:\Users\vveer\AppData\Local\Android\Sdk\emulator;C:\Users\vveer\AppData\Local\Android\Sdk\cmdline-tools\latest\bin;C:\Program Files\Java\jdk-26.0.2\bin;C:\Program Files\nodejs\;C:\Users\vveer\AppData\Local\Android\Sdk\platform-tools;C:\Users\vveer\AppData\Local\Android\Sdk\platforms;G:\allure-2.45.0\bin;C:\Users\vveer\AppData\Local\Programs\Python\Python314\Scripts\;C:\Users\vveer\AppData\Local\Programs\Python\Python314\;C:\Users\vveer\AppData\Local\Programs\Python\Launcher\;C:\Users\vveer\AppData\Local\Microsoft\WindowsApps;C:\Users\vveer\AppData\Roaming\npm;C:\Users\vveer\AppData\Local\Android\Sdk\build-tools\37.0.0;
USERNAME=vveer
OS=Windows_NT
PROCESSOR_IDENTIFIER=Intel64 Family 6 Model 140 Stepping 2, GenuineIntel
TMP=C:\Users\vveer\AppData\Local\Temp
TEMP=C:\Users\vveer\AppData\Local\Temp




Compilation memory statistics disabled.

Periodic native trim disabled

---------------  S Y S T E M  ---------------

OS:
 Windows 11 , 64 bit Build 26100 (10.0.26100.9168)
OS uptime: 13 days 0:55 hours
Hyper-V role detected

CPU: total 8 (initial active 8) (4 cores per cpu, 2 threads per core) family 6 model 140 stepping 2 microcode 0x2c, cx8, cmov, fxsr, ht, mmx, 3dnowpref, sse, sse2, sse3, ssse3, sse4.1, sse4.2, popcnt, lzcnt, tsc, tscinvbit, avx, avx2, aes, erms, clmul, bmi1, bmi2, adx, avx512f, avx512dq, avx512cd, avx512bw, avx512vl, sha, fma, vzeroupper, avx512_vpopcntdq, avx512_vpclmulqdq, avx512_vaes, avx512_vnni, clflush, clflushopt, clwb, avx512_vbmi2, avx512_vbmi, hv, rdtscp, rdpid, fsrm, gfni, avx512_bitalg, f16c, cet_ibt, cet_ss, avx512_ifma
Processor Information for the first 8 processors :
  Max Mhz: 2496, Current Mhz: 2496, Mhz Limit: 2496

Memory: 4k page, system-wide physical 7941M (568M free)
TotalPageFile size 20308M (AvailPageFile size 77M)
current process WorkingSet (physical memory assigned to process): 28M, peak: 77M
current process commit charge ("private bytes"): 107M, peak: 115M

vm_info: Java HotSpot(TM) 64-Bit Server VM (26.0.2+10-55) for windows-amd64 JRE (26.0.2+10-55), built on 2026-06-17T09:18:01Z with MS VC++ 17.13 (VS2022)

END.
